<!doctype html public "-//w3c//dtd html 4.0 transitional//en">
<html><head>
<title>Static Call Graph - [H7B0_LTDC_RGB\H7B0_LTDC_RGB.axf]</title></head>
<body><HR>
<H1>Static Call Graph for image H7B0_LTDC_RGB\H7B0_LTDC_RGB.axf</H1><HR>
<BR><P>#&#060CALLGRAPH&#062# ARM Linker, 5060750: Last Updated: Wed Jan 25 17:04:12 2023
<BR><P>
<H3>Maximum Stack Usage =        480 bytes + Unknown(Functions without stacksize, Cycles, Untraceable Function Pointers)</H3><H3>
Call chain for Maximum Stack Depth:</H3>
__rt_entry_main &rArr; main &rArr; SystemClock_Config &rArr; Error_Handler &rArr; __2printf &rArr; _printf_char_file &rArr; _printf_char_common &rArr; __printf
<P>
<H3>
Functions with no stack information
</H3><UL>
 <LI><a href="#[be]">__user_initial_stackheap</a>
</UL>
</UL>
<P>
<H3>
Mutually Recursive functions
</H3> <LI><a href="#[1f]">ADC_IRQHandler</a>&nbsp;&nbsp;&nbsp;&rArr;&nbsp;&nbsp;&nbsp;<a href="#[1f]">ADC_IRQHandler</a><BR>
 <LI><a href="#[7]">BusFault_Handler</a>&nbsp;&nbsp;&nbsp;&rArr;&nbsp;&nbsp;&nbsp;<a href="#[7]">BusFault_Handler</a><BR>
 <LI><a href="#[5]">HardFault_Handler</a>&nbsp;&nbsp;&nbsp;&rArr;&nbsp;&nbsp;&nbsp;<a href="#[5]">HardFault_Handler</a><BR>
 <LI><a href="#[6]">MemManage_Handler</a>&nbsp;&nbsp;&nbsp;&rArr;&nbsp;&nbsp;&nbsp;<a href="#[6]">MemManage_Handler</a><BR>
 <LI><a href="#[4]">NMI_Handler</a>&nbsp;&nbsp;&nbsp;&rArr;&nbsp;&nbsp;&nbsp;<a href="#[4]">NMI_Handler</a><BR>
 <LI><a href="#[8]">UsageFault_Handler</a>&nbsp;&nbsp;&nbsp;&rArr;&nbsp;&nbsp;&nbsp;<a href="#[8]">UsageFault_Handler</a><BR>
</UL>
<P>
<H3>
Function Pointers
</H3><UL>
 <LI><a href="#[1f]">ADC_IRQHandler</a> from startup_stm32h7b0xx.o(.text) referenced from startup_stm32h7b0xx.o(RESET)
 <LI><a href="#[94]">BDMA1_IRQHandler</a> from startup_stm32h7b0xx.o(.text) referenced from startup_stm32h7b0xx.o(RESET)
 <LI><a href="#[7e]">BDMA2_Channel0_IRQHandler</a> from startup_stm32h7b0xx.o(.text) referenced from startup_stm32h7b0xx.o(RESET)
 <LI><a href="#[7f]">BDMA2_Channel1_IRQHandler</a> from startup_stm32h7b0xx.o(.text) referenced from startup_stm32h7b0xx.o(RESET)
 <LI><a href="#[80]">BDMA2_Channel2_IRQHandler</a> from startup_stm32h7b0xx.o(.text) referenced from startup_stm32h7b0xx.o(RESET)
 <LI><a href="#[81]">BDMA2_Channel3_IRQHandler</a> from startup_stm32h7b0xx.o(.text) referenced from startup_stm32h7b0xx.o(RESET)
 <LI><a href="#[82]">BDMA2_Channel4_IRQHandler</a> from startup_stm32h7b0xx.o(.text) referenced from startup_stm32h7b0xx.o(RESET)
 <LI><a href="#[83]">BDMA2_Channel5_IRQHandler</a> from startup_stm32h7b0xx.o(.text) referenced from startup_stm32h7b0xx.o(RESET)
 <LI><a href="#[84]">BDMA2_Channel6_IRQHandler</a> from startup_stm32h7b0xx.o(.text) referenced from startup_stm32h7b0xx.o(RESET)
 <LI><a href="#[85]">BDMA2_Channel7_IRQHandler</a> from startup_stm32h7b0xx.o(.text) referenced from startup_stm32h7b0xx.o(RESET)
 <LI><a href="#[7]">BusFault_Handler</a> from stm32h7xx_it.o(i.BusFault_Handler) referenced from startup_stm32h7b0xx.o(RESET)
 <LI><a href="#[69]">CEC_IRQHandler</a> from startup_stm32h7b0xx.o(.text) referenced from startup_stm32h7b0xx.o(RESET)
 <LI><a href="#[86]">COMP_IRQHandler</a> from startup_stm32h7b0xx.o(.text) referenced from startup_stm32h7b0xx.o(RESET)
 <LI><a href="#[8c]">CRS_IRQHandler</a> from startup_stm32h7b0xx.o(.text) referenced from startup_stm32h7b0xx.o(RESET)
 <LI><a href="#[5a]">CRYP_IRQHandler</a> from startup_stm32h7b0xx.o(.text) referenced from startup_stm32h7b0xx.o(RESET)
 <LI><a href="#[7c]">DAC2_IRQHandler</a> from startup_stm32h7b0xx.o(.text) referenced from startup_stm32h7b0xx.o(RESET)
 <LI><a href="#[59]">DCMI_PSSI_IRQHandler</a> from startup_stm32h7b0xx.o(.text) referenced from startup_stm32h7b0xx.o(RESET)
 <LI><a href="#[6e]">DFSDM1_FLT0_IRQHandler</a> from startup_stm32h7b0xx.o(.text) referenced from startup_stm32h7b0xx.o(RESET)
 <LI><a href="#[6f]">DFSDM1_FLT1_IRQHandler</a> from startup_stm32h7b0xx.o(.text) referenced from startup_stm32h7b0xx.o(RESET)
 <LI><a href="#[70]">DFSDM1_FLT2_IRQHandler</a> from startup_stm32h7b0xx.o(.text) referenced from startup_stm32h7b0xx.o(RESET)
 <LI><a href="#[71]">DFSDM1_FLT3_IRQHandler</a> from startup_stm32h7b0xx.o(.text) referenced from startup_stm32h7b0xx.o(RESET)
 <LI><a href="#[4b]">DFSDM1_FLT4_IRQHandler</a> from startup_stm32h7b0xx.o(.text) referenced from startup_stm32h7b0xx.o(RESET)
 <LI><a href="#[4c]">DFSDM1_FLT5_IRQHandler</a> from startup_stm32h7b0xx.o(.text) referenced from startup_stm32h7b0xx.o(RESET)
 <LI><a href="#[4d]">DFSDM1_FLT6_IRQHandler</a> from startup_stm32h7b0xx.o(.text) referenced from startup_stm32h7b0xx.o(RESET)
 <LI><a href="#[4e]">DFSDM1_FLT7_IRQHandler</a> from startup_stm32h7b0xx.o(.text) referenced from startup_stm32h7b0xx.o(RESET)
 <LI><a href="#[37]">DFSDM2_IRQHandler</a> from startup_stm32h7b0xx.o(.text) referenced from startup_stm32h7b0xx.o(RESET)
 <LI><a href="#[18]">DMA1_Stream0_IRQHandler</a> from startup_stm32h7b0xx.o(.text) referenced from startup_stm32h7b0xx.o(RESET)
 <LI><a href="#[19]">DMA1_Stream1_IRQHandler</a> from startup_stm32h7b0xx.o(.text) referenced from startup_stm32h7b0xx.o(RESET)
 <LI><a href="#[1a]">DMA1_Stream2_IRQHandler</a> from startup_stm32h7b0xx.o(.text) referenced from startup_stm32h7b0xx.o(RESET)
 <LI><a href="#[1b]">DMA1_Stream3_IRQHandler</a> from startup_stm32h7b0xx.o(.text) referenced from startup_stm32h7b0xx.o(RESET)
 <LI><a href="#[1c]">DMA1_Stream4_IRQHandler</a> from startup_stm32h7b0xx.o(.text) referenced from startup_stm32h7b0xx.o(RESET)
 <LI><a href="#[1d]">DMA1_Stream5_IRQHandler</a> from startup_stm32h7b0xx.o(.text) referenced from startup_stm32h7b0xx.o(RESET)
 <LI><a href="#[1e]">DMA1_Stream6_IRQHandler</a> from startup_stm32h7b0xx.o(.text) referenced from startup_stm32h7b0xx.o(RESET)
 <LI><a href="#[3c]">DMA1_Stream7_IRQHandler</a> from startup_stm32h7b0xx.o(.text) referenced from startup_stm32h7b0xx.o(RESET)
 <LI><a href="#[65]">DMA2D_IRQHandler</a> from startup_stm32h7b0xx.o(.text) referenced from startup_stm32h7b0xx.o(RESET)
 <LI><a href="#[45]">DMA2_Stream0_IRQHandler</a> from startup_stm32h7b0xx.o(.text) referenced from startup_stm32h7b0xx.o(RESET)
 <LI><a href="#[46]">DMA2_Stream1_IRQHandler</a> from startup_stm32h7b0xx.o(.text) referenced from startup_stm32h7b0xx.o(RESET)
 <LI><a href="#[47]">DMA2_Stream2_IRQHandler</a> from startup_stm32h7b0xx.o(.text) referenced from startup_stm32h7b0xx.o(RESET)
 <LI><a href="#[48]">DMA2_Stream3_IRQHandler</a> from startup_stm32h7b0xx.o(.text) referenced from startup_stm32h7b0xx.o(RESET)
 <LI><a href="#[49]">DMA2_Stream4_IRQHandler</a> from startup_stm32h7b0xx.o(.text) referenced from startup_stm32h7b0xx.o(RESET)
 <LI><a href="#[4f]">DMA2_Stream5_IRQHandler</a> from startup_stm32h7b0xx.o(.text) referenced from startup_stm32h7b0xx.o(RESET)
 <LI><a href="#[50]">DMA2_Stream6_IRQHandler</a> from startup_stm32h7b0xx.o(.text) referenced from startup_stm32h7b0xx.o(RESET)
 <LI><a href="#[51]">DMA2_Stream7_IRQHandler</a> from startup_stm32h7b0xx.o(.text) referenced from startup_stm32h7b0xx.o(RESET)
 <LI><a href="#[6d]">DMAMUX1_OVR_IRQHandler</a> from startup_stm32h7b0xx.o(.text) referenced from startup_stm32h7b0xx.o(RESET)
 <LI><a href="#[7d]">DMAMUX2_OVR_IRQHandler</a> from startup_stm32h7b0xx.o(.text) referenced from startup_stm32h7b0xx.o(RESET)
 <LI><a href="#[8e]">DTS_IRQHandler</a> from startup_stm32h7b0xx.o(.text) referenced from startup_stm32h7b0xx.o(RESET)
 <LI><a href="#[a]">DebugMon_Handler</a> from stm32h7xx_it.o(i.DebugMon_Handler) referenced from startup_stm32h7b0xx.o(RESET)
 <LI><a href="#[8d]">ECC_IRQHandler</a> from startup_stm32h7b0xx.o(.text) referenced from startup_stm32h7b0xx.o(RESET)
 <LI><a href="#[13]">EXTI0_IRQHandler</a> from startup_stm32h7b0xx.o(.text) referenced from startup_stm32h7b0xx.o(RESET)
 <LI><a href="#[35]">EXTI15_10_IRQHandler</a> from stm32h7xx_it.o(i.EXTI15_10_IRQHandler) referenced from startup_stm32h7b0xx.o(RESET)
 <LI><a href="#[14]">EXTI1_IRQHandler</a> from startup_stm32h7b0xx.o(.text) referenced from startup_stm32h7b0xx.o(RESET)
 <LI><a href="#[15]">EXTI2_IRQHandler</a> from startup_stm32h7b0xx.o(.text) referenced from startup_stm32h7b0xx.o(RESET)
 <LI><a href="#[16]">EXTI3_IRQHandler</a> from startup_stm32h7b0xx.o(.text) referenced from startup_stm32h7b0xx.o(RESET)
 <LI><a href="#[17]">EXTI4_IRQHandler</a> from startup_stm32h7b0xx.o(.text) referenced from startup_stm32h7b0xx.o(RESET)
 <LI><a href="#[24]">EXTI9_5_IRQHandler</a> from startup_stm32h7b0xx.o(.text) referenced from startup_stm32h7b0xx.o(RESET)
 <LI><a href="#[20]">FDCAN1_IT0_IRQHandler</a> from startup_stm32h7b0xx.o(.text) referenced from startup_stm32h7b0xx.o(RESET)
 <LI><a href="#[22]">FDCAN1_IT1_IRQHandler</a> from startup_stm32h7b0xx.o(.text) referenced from startup_stm32h7b0xx.o(RESET)
 <LI><a href="#[21]">FDCAN2_IT0_IRQHandler</a> from startup_stm32h7b0xx.o(.text) referenced from startup_stm32h7b0xx.o(RESET)
 <LI><a href="#[23]">FDCAN2_IT1_IRQHandler</a> from startup_stm32h7b0xx.o(.text) referenced from startup_stm32h7b0xx.o(RESET)
 <LI><a href="#[4a]">FDCAN_CAL_IRQHandler</a> from startup_stm32h7b0xx.o(.text) referenced from startup_stm32h7b0xx.o(RESET)
 <LI><a href="#[11]">FLASH_IRQHandler</a> from startup_stm32h7b0xx.o(.text) referenced from startup_stm32h7b0xx.o(RESET)
 <LI><a href="#[3d]">FMC_IRQHandler</a> from startup_stm32h7b0xx.o(.text) referenced from startup_stm32h7b0xx.o(RESET)
 <LI><a href="#[5c]">FPU_IRQHandler</a> from startup_stm32h7b0xx.o(.text) referenced from startup_stm32h7b0xx.o(RESET)
 <LI><a href="#[93]">GFXMMU_IRQHandler</a> from startup_stm32h7b0xx.o(.text) referenced from startup_stm32h7b0xx.o(RESET)
 <LI><a href="#[5b]">HASH_RNG_IRQHandler</a> from startup_stm32h7b0xx.o(.text) referenced from startup_stm32h7b0xx.o(RESET)
 <LI><a href="#[7b]">HSEM1_IRQHandler</a> from startup_stm32h7b0xx.o(.text) referenced from startup_stm32h7b0xx.o(RESET)
 <LI><a href="#[5]">HardFault_Handler</a> from stm32h7xx_it.o(i.HardFault_Handler) referenced from startup_stm32h7b0xx.o(RESET)
 <LI><a href="#[2d]">I2C1_ER_IRQHandler</a> from startup_stm32h7b0xx.o(.text) referenced from startup_stm32h7b0xx.o(RESET)
 <LI><a href="#[2c]">I2C1_EV_IRQHandler</a> from startup_stm32h7b0xx.o(.text) referenced from startup_stm32h7b0xx.o(RESET)
 <LI><a href="#[2f]">I2C2_ER_IRQHandler</a> from startup_stm32h7b0xx.o(.text) referenced from startup_stm32h7b0xx.o(RESET)
 <LI><a href="#[2e]">I2C2_EV_IRQHandler</a> from startup_stm32h7b0xx.o(.text) referenced from startup_stm32h7b0xx.o(RESET)
 <LI><a href="#[54]">I2C3_ER_IRQHandler</a> from startup_stm32h7b0xx.o(.text) referenced from startup_stm32h7b0xx.o(RESET)
 <LI><a href="#[53]">I2C3_EV_IRQHandler</a> from startup_stm32h7b0xx.o(.text) referenced from startup_stm32h7b0xx.o(RESET)
 <LI><a href="#[6b]">I2C4_ER_IRQHandler</a> from startup_stm32h7b0xx.o(.text) referenced from startup_stm32h7b0xx.o(RESET)
 <LI><a href="#[6a]">I2C4_EV_IRQHandler</a> from startup_stm32h7b0xx.o(.text) referenced from startup_stm32h7b0xx.o(RESET)
 <LI><a href="#[78]">JPEG_IRQHandler</a> from startup_stm32h7b0xx.o(.text) referenced from startup_stm32h7b0xx.o(RESET)
 <LI><a href="#[68]">LPTIM1_IRQHandler</a> from startup_stm32h7b0xx.o(.text) referenced from startup_stm32h7b0xx.o(RESET)
 <LI><a href="#[87]">LPTIM2_IRQHandler</a> from startup_stm32h7b0xx.o(.text) referenced from startup_stm32h7b0xx.o(RESET)
 <LI><a href="#[88]">LPTIM3_IRQHandler</a> from startup_stm32h7b0xx.o(.text) referenced from startup_stm32h7b0xx.o(RESET)
 <LI><a href="#[8b]">LPUART1_IRQHandler</a> from startup_stm32h7b0xx.o(.text) referenced from startup_stm32h7b0xx.o(RESET)
 <LI><a href="#[64]">LTDC_ER_IRQHandler</a> from startup_stm32h7b0xx.o(.text) referenced from startup_stm32h7b0xx.o(RESET)
 <LI><a href="#[63]">LTDC_IRQHandler</a> from startup_stm32h7b0xx.o(.text) referenced from startup_stm32h7b0xx.o(RESET)
 <LI><a href="#[77]">MDIOS_IRQHandler</a> from startup_stm32h7b0xx.o(.text) referenced from startup_stm32h7b0xx.o(RESET)
 <LI><a href="#[76]">MDIOS_WKUP_IRQHandler</a> from startup_stm32h7b0xx.o(.text) referenced from startup_stm32h7b0xx.o(RESET)
 <LI><a href="#[79]">MDMA_IRQHandler</a> from startup_stm32h7b0xx.o(.text) referenced from startup_stm32h7b0xx.o(RESET)
 <LI><a href="#[6]">MemManage_Handler</a> from stm32h7xx_it.o(i.MemManage_Handler) referenced from startup_stm32h7b0xx.o(RESET)
 <LI><a href="#[4]">NMI_Handler</a> from stm32h7xx_it.o(i.NMI_Handler) referenced from startup_stm32h7b0xx.o(RESET)
 <LI><a href="#[67]">OCTOSPI1_IRQHandler</a> from startup_stm32h7b0xx.o(.text) referenced from startup_stm32h7b0xx.o(RESET)
 <LI><a href="#[90]">OCTOSPI2_IRQHandler</a> from startup_stm32h7b0xx.o(.text) referenced from startup_stm32h7b0xx.o(RESET)
 <LI><a href="#[91]">OTFDEC1_IRQHandler</a> from startup_stm32h7b0xx.o(.text) referenced from startup_stm32h7b0xx.o(RESET)
 <LI><a href="#[92]">OTFDEC2_IRQHandler</a> from startup_stm32h7b0xx.o(.text) referenced from startup_stm32h7b0xx.o(RESET)
 <LI><a href="#[56]">OTG_HS_EP1_IN_IRQHandler</a> from startup_stm32h7b0xx.o(.text) referenced from startup_stm32h7b0xx.o(RESET)
 <LI><a href="#[55]">OTG_HS_EP1_OUT_IRQHandler</a> from startup_stm32h7b0xx.o(.text) referenced from startup_stm32h7b0xx.o(RESET)
 <LI><a href="#[58]">OTG_HS_IRQHandler</a> from startup_stm32h7b0xx.o(.text) referenced from startup_stm32h7b0xx.o(RESET)
 <LI><a href="#[57]">OTG_HS_WKUP_IRQHandler</a> from startup_stm32h7b0xx.o(.text) referenced from startup_stm32h7b0xx.o(RESET)
 <LI><a href="#[e]">PVD_PVM_IRQHandler</a> from startup_stm32h7b0xx.o(.text) referenced from startup_stm32h7b0xx.o(RESET)
 <LI><a href="#[b]">PendSV_Handler</a> from stm32h7xx_it.o(i.PendSV_Handler) referenced from startup_stm32h7b0xx.o(RESET)
 <LI><a href="#[12]">RCC_IRQHandler</a> from startup_stm32h7b0xx.o(.text) referenced from startup_stm32h7b0xx.o(RESET)
 <LI><a href="#[36]">RTC_Alarm_IRQHandler</a> from startup_stm32h7b0xx.o(.text) referenced from startup_stm32h7b0xx.o(RESET)
 <LI><a href="#[f]">RTC_TAMP_STAMP_CSS_LSE_IRQHandler</a> from startup_stm32h7b0xx.o(.text) referenced from startup_stm32h7b0xx.o(RESET)
 <LI><a href="#[10]">RTC_WKUP_IRQHandler</a> from startup_stm32h7b0xx.o(.text) referenced from startup_stm32h7b0xx.o(RESET)
 <LI><a href="#[3]">Reset_Handler</a> from startup_stm32h7b0xx.o(.text) referenced from startup_stm32h7b0xx.o(RESET)
 <LI><a href="#[62]">SAI1_IRQHandler</a> from startup_stm32h7b0xx.o(.text) referenced from startup_stm32h7b0xx.o(RESET)
 <LI><a href="#[66]">SAI2_IRQHandler</a> from startup_stm32h7b0xx.o(.text) referenced from startup_stm32h7b0xx.o(RESET)
 <LI><a href="#[3e]">SDMMC1_IRQHandler</a> from startup_stm32h7b0xx.o(.text) referenced from startup_stm32h7b0xx.o(RESET)
 <LI><a href="#[7a]">SDMMC2_IRQHandler</a> from startup_stm32h7b0xx.o(.text) referenced from startup_stm32h7b0xx.o(RESET)
 <LI><a href="#[6c]">SPDIF_RX_IRQHandler</a> from startup_stm32h7b0xx.o(.text) referenced from startup_stm32h7b0xx.o(RESET)
 <LI><a href="#[30]">SPI1_IRQHandler</a> from startup_stm32h7b0xx.o(.text) referenced from startup_stm32h7b0xx.o(RESET)
 <LI><a href="#[31]">SPI2_IRQHandler</a> from startup_stm32h7b0xx.o(.text) referenced from startup_stm32h7b0xx.o(RESET)
 <LI><a href="#[40]">SPI3_IRQHandler</a> from startup_stm32h7b0xx.o(.text) referenced from startup_stm32h7b0xx.o(RESET)
 <LI><a href="#[5f]">SPI4_IRQHandler</a> from startup_stm32h7b0xx.o(.text) referenced from startup_stm32h7b0xx.o(RESET)
 <LI><a href="#[60]">SPI5_IRQHandler</a> from startup_stm32h7b0xx.o(.text) referenced from startup_stm32h7b0xx.o(RESET)
 <LI><a href="#[61]">SPI6_IRQHandler</a> from startup_stm32h7b0xx.o(.text) referenced from startup_stm32h7b0xx.o(RESET)
 <LI><a href="#[9]">SVC_Handler</a> from stm32h7xx_it.o(i.SVC_Handler) referenced from startup_stm32h7b0xx.o(RESET)
 <LI><a href="#[72]">SWPMI1_IRQHandler</a> from startup_stm32h7b0xx.o(.text) referenced from startup_stm32h7b0xx.o(RESET)
 <LI><a href="#[c]">SysTick_Handler</a> from stm32h7xx_it.o(i.SysTick_Handler) referenced from startup_stm32h7b0xx.o(RESET)
 <LI><a href="#[95]">SystemInit</a> from system_stm32h7xx.o(i.SystemInit) referenced from startup_stm32h7b0xx.o(.text)
 <LI><a href="#[73]">TIM15_IRQHandler</a> from startup_stm32h7b0xx.o(.text) referenced from startup_stm32h7b0xx.o(RESET)
 <LI><a href="#[74]">TIM16_IRQHandler</a> from startup_stm32h7b0xx.o(.text) referenced from startup_stm32h7b0xx.o(RESET)
 <LI><a href="#[75]">TIM17_IRQHandler</a> from startup_stm32h7b0xx.o(.text) referenced from startup_stm32h7b0xx.o(RESET)
 <LI><a href="#[25]">TIM1_BRK_IRQHandler</a> from startup_stm32h7b0xx.o(.text) referenced from startup_stm32h7b0xx.o(RESET)
 <LI><a href="#[28]">TIM1_CC_IRQHandler</a> from startup_stm32h7b0xx.o(.text) referenced from startup_stm32h7b0xx.o(RESET)
 <LI><a href="#[27]">TIM1_TRG_COM_IRQHandler</a> from startup_stm32h7b0xx.o(.text) referenced from startup_stm32h7b0xx.o(RESET)
 <LI><a href="#[26]">TIM1_UP_IRQHandler</a> from startup_stm32h7b0xx.o(.text) referenced from startup_stm32h7b0xx.o(RESET)
 <LI><a href="#[29]">TIM2_IRQHandler</a> from startup_stm32h7b0xx.o(.text) referenced from startup_stm32h7b0xx.o(RESET)
 <LI><a href="#[2a]">TIM3_IRQHandler</a> from startup_stm32h7b0xx.o(.text) referenced from startup_stm32h7b0xx.o(RESET)
 <LI><a href="#[2b]">TIM4_IRQHandler</a> from startup_stm32h7b0xx.o(.text) referenced from startup_stm32h7b0xx.o(RESET)
 <LI><a href="#[3f]">TIM5_IRQHandler</a> from startup_stm32h7b0xx.o(.text) referenced from startup_stm32h7b0xx.o(RESET)
 <LI><a href="#[43]">TIM6_DAC_IRQHandler</a> from startup_stm32h7b0xx.o(.text) referenced from startup_stm32h7b0xx.o(RESET)
 <LI><a href="#[44]">TIM7_IRQHandler</a> from startup_stm32h7b0xx.o(.text) referenced from startup_stm32h7b0xx.o(RESET)
 <LI><a href="#[38]">TIM8_BRK_TIM12_IRQHandler</a> from startup_stm32h7b0xx.o(.text) referenced from startup_stm32h7b0xx.o(RESET)
 <LI><a href="#[3b]">TIM8_CC_IRQHandler</a> from startup_stm32h7b0xx.o(.text) referenced from startup_stm32h7b0xx.o(RESET)
 <LI><a href="#[3a]">TIM8_TRG_COM_TIM14_IRQHandler</a> from startup_stm32h7b0xx.o(.text) referenced from startup_stm32h7b0xx.o(RESET)
 <LI><a href="#[39]">TIM8_UP_TIM13_IRQHandler</a> from startup_stm32h7b0xx.o(.text) referenced from startup_stm32h7b0xx.o(RESET)
 <LI><a href="#[41]">UART4_IRQHandler</a> from startup_stm32h7b0xx.o(.text) referenced from startup_stm32h7b0xx.o(RESET)
 <LI><a href="#[42]">UART5_IRQHandler</a> from startup_stm32h7b0xx.o(.text) referenced from startup_stm32h7b0xx.o(RESET)
 <LI><a href="#[5d]">UART7_IRQHandler</a> from startup_stm32h7b0xx.o(.text) referenced from startup_stm32h7b0xx.o(RESET)
 <LI><a href="#[5e]">UART8_IRQHandler</a> from startup_stm32h7b0xx.o(.text) referenced from startup_stm32h7b0xx.o(RESET)
 <LI><a href="#[89]">UART9_IRQHandler</a> from startup_stm32h7b0xx.o(.text) referenced from startup_stm32h7b0xx.o(RESET)
 <LI><a href="#[99]">UART_DMAAbortOnError</a> from stm32h7xx_hal_uart.o(i.UART_DMAAbortOnError) referenced from stm32h7xx_hal_uart.o(i.HAL_UART_IRQHandler)
 <LI><a href="#[8a]">USART10_IRQHandler</a> from startup_stm32h7b0xx.o(.text) referenced from startup_stm32h7b0xx.o(RESET)
 <LI><a href="#[32]">USART1_IRQHandler</a> from stm32h7xx_it.o(i.USART1_IRQHandler) referenced from startup_stm32h7b0xx.o(RESET)
 <LI><a href="#[33]">USART2_IRQHandler</a> from startup_stm32h7b0xx.o(.text) referenced from startup_stm32h7b0xx.o(RESET)
 <LI><a href="#[34]">USART3_IRQHandler</a> from startup_stm32h7b0xx.o(.text) referenced from startup_stm32h7b0xx.o(RESET)
 <LI><a href="#[52]">USART6_IRQHandler</a> from startup_stm32h7b0xx.o(.text) referenced from startup_stm32h7b0xx.o(RESET)
 <LI><a href="#[8]">UsageFault_Handler</a> from stm32h7xx_it.o(i.UsageFault_Handler) referenced from startup_stm32h7b0xx.o(RESET)
 <LI><a href="#[8f]">WAKEUP_PIN_IRQHandler</a> from startup_stm32h7b0xx.o(.text) referenced from startup_stm32h7b0xx.o(RESET)
 <LI><a href="#[d]">WWDG_IRQHandler</a> from startup_stm32h7b0xx.o(.text) referenced from startup_stm32h7b0xx.o(RESET)
 <LI><a href="#[9a]">__main</a> from __main.o(!!!main) referenced from startup_stm32h7b0xx.o(.text)
 <LI><a href="#[98]">_printf_input_char</a> from _printf_char_common.o(.text) referenced from _printf_char_common.o(.text)
 <LI><a href="#[97]">fputc</a> from soft_user.o(i.fputc) referenced from _printf_char_file.o(.text)
</UL>
<P>
<H3>
Global Symbols
</H3>
<P><STRONG><a name="[9a]"></a>__main</STRONG> (Thumb, 8 bytes, Stack size 0 bytes, __main.o(!!!main))
<BR><BR>[Calls]<UL><LI><a href="#[9c]">&gt;&gt;</a>&nbsp;&nbsp;&nbsp;__rt_entry
<LI><a href="#[9b]">&gt;&gt;</a>&nbsp;&nbsp;&nbsp;__scatterload
</UL>

<P><STRONG><a name="[9b]"></a>__scatterload</STRONG> (Thumb, 0 bytes, Stack size unknown bytes, __scatter.o(!!!scatter))
<BR><BR>[Called By]<UL><LI><a href="#[9a]">&gt;&gt;</a>&nbsp;&nbsp;&nbsp;__main
</UL>

<P><STRONG><a name="[9d]"></a>__scatterload_rt2</STRONG> (Thumb, 44 bytes, Stack size unknown bytes, __scatter.o(!!!scatter), UNUSED)
<BR><BR>[Calls]<UL><LI><a href="#[9c]">&gt;&gt;</a>&nbsp;&nbsp;&nbsp;__rt_entry
</UL>

<P><STRONG><a name="[128]"></a>__scatterload_rt2_thumb_only</STRONG> (Thumb, 0 bytes, Stack size unknown bytes, __scatter.o(!!!scatter), UNUSED)

<P><STRONG><a name="[129]"></a>__scatterload_null</STRONG> (Thumb, 0 bytes, Stack size unknown bytes, __scatter.o(!!!scatter), UNUSED)

<P><STRONG><a name="[9e]"></a>__scatterload_copy</STRONG> (Thumb, 26 bytes, Stack size unknown bytes, __scatter_copy.o(!!handler_copy), UNUSED)
<BR><BR>[Calls]<UL><LI><a href="#[9e]">&gt;&gt;</a>&nbsp;&nbsp;&nbsp;__scatterload_copy
</UL>
<BR>[Called By]<UL><LI><a href="#[9e]">&gt;&gt;</a>&nbsp;&nbsp;&nbsp;__scatterload_copy
</UL>

<P><STRONG><a name="[12a]"></a>__scatterload_zeroinit</STRONG> (Thumb, 28 bytes, Stack size unknown bytes, __scatter_zi.o(!!handler_zi), UNUSED)

<P><STRONG><a name="[9f]"></a>_printf_d</STRONG> (Thumb, 0 bytes, Stack size unknown bytes, _printf_d.o(.ARM.Collect$$_printf_percent$$00000009))
<BR><BR>[Stack]<UL><LI>Max Depth = 56 + Unknown Stack Size
<LI>Call Chain = _printf_d &rArr; _printf_int_dec &rArr; _printf_int_common
</UL>
<BR>[Calls]<UL><LI><a href="#[a0]">&gt;&gt;</a>&nbsp;&nbsp;&nbsp;_printf_int_dec
</UL>

<P><STRONG><a name="[b7]"></a>_printf_percent</STRONG> (Thumb, 0 bytes, Stack size unknown bytes, _printf_percent.o(.ARM.Collect$$_printf_percent$$00000000))
<BR><BR>[Called By]<UL><LI><a href="#[b5]">&gt;&gt;</a>&nbsp;&nbsp;&nbsp;__printf
</UL>

<P><STRONG><a name="[a1]"></a>_printf_x</STRONG> (Thumb, 0 bytes, Stack size unknown bytes, _printf_x.o(.ARM.Collect$$_printf_percent$$0000000C))
<BR><BR>[Stack]<UL><LI>Max Depth = 48 + Unknown Stack Size
<LI>Call Chain = _printf_x &rArr; _printf_int_hex &rArr; _printf_int_common
</UL>
<BR>[Calls]<UL><LI><a href="#[a2]">&gt;&gt;</a>&nbsp;&nbsp;&nbsp;_printf_int_hex
</UL>

<P><STRONG><a name="[a3]"></a>_printf_s</STRONG> (Thumb, 0 bytes, Stack size unknown bytes, _printf_s.o(.ARM.Collect$$_printf_percent$$00000014))
<BR><BR>[Stack]<UL><LI>Max Depth = 24 + Unknown Stack Size
<LI>Call Chain = _printf_s &rArr; _printf_string &rArr; _printf_cs_common &rArr; _printf_str
</UL>
<BR>[Calls]<UL><LI><a href="#[a4]">&gt;&gt;</a>&nbsp;&nbsp;&nbsp;_printf_string
</UL>

<P><STRONG><a name="[12b]"></a>_printf_percent_end</STRONG> (Thumb, 0 bytes, Stack size unknown bytes, _printf_percent_end.o(.ARM.Collect$$_printf_percent$$00000017))

<P><STRONG><a name="[aa]"></a>__rt_lib_init</STRONG> (Thumb, 0 bytes, Stack size unknown bytes, libinit.o(.ARM.Collect$$libinit$$00000000))
<BR><BR>[Called By]<UL><LI><a href="#[a9]">&gt;&gt;</a>&nbsp;&nbsp;&nbsp;__rt_entry_li
</UL>

<P><STRONG><a name="[a5]"></a>__rt_lib_init_fp_1</STRONG> (Thumb, 0 bytes, Stack size unknown bytes, libinit2.o(.ARM.Collect$$libinit$$00000001))
<BR><BR>[Calls]<UL><LI><a href="#[a6]">&gt;&gt;</a>&nbsp;&nbsp;&nbsp;_fp_init
</UL>

<P><STRONG><a name="[12c]"></a>__rt_lib_init_alloca_1</STRONG> (Thumb, 0 bytes, Stack size unknown bytes, libinit2.o(.ARM.Collect$$libinit$$0000002E))

<P><STRONG><a name="[12d]"></a>__rt_lib_init_argv_1</STRONG> (Thumb, 0 bytes, Stack size unknown bytes, libinit2.o(.ARM.Collect$$libinit$$0000002C))

<P><STRONG><a name="[12e]"></a>__rt_lib_init_atexit_1</STRONG> (Thumb, 0 bytes, Stack size unknown bytes, libinit2.o(.ARM.Collect$$libinit$$0000001B))

<P><STRONG><a name="[12f]"></a>__rt_lib_init_clock_1</STRONG> (Thumb, 0 bytes, Stack size unknown bytes, libinit2.o(.ARM.Collect$$libinit$$00000021))

<P><STRONG><a name="[130]"></a>__rt_lib_init_cpp_1</STRONG> (Thumb, 0 bytes, Stack size unknown bytes, libinit2.o(.ARM.Collect$$libinit$$00000032))

<P><STRONG><a name="[131]"></a>__rt_lib_init_exceptions_1</STRONG> (Thumb, 0 bytes, Stack size unknown bytes, libinit2.o(.ARM.Collect$$libinit$$00000030))

<P><STRONG><a name="[132]"></a>__rt_lib_init_fp_trap_1</STRONG> (Thumb, 0 bytes, Stack size unknown bytes, libinit2.o(.ARM.Collect$$libinit$$0000001F))

<P><STRONG><a name="[133]"></a>__rt_lib_init_getenv_1</STRONG> (Thumb, 0 bytes, Stack size unknown bytes, libinit2.o(.ARM.Collect$$libinit$$00000023))

<P><STRONG><a name="[134]"></a>__rt_lib_init_heap_1</STRONG> (Thumb, 0 bytes, Stack size unknown bytes, libinit2.o(.ARM.Collect$$libinit$$0000000A))

<P><STRONG><a name="[135]"></a>__rt_lib_init_lc_collate_1</STRONG> (Thumb, 0 bytes, Stack size unknown bytes, libinit2.o(.ARM.Collect$$libinit$$00000011))

<P><STRONG><a name="[136]"></a>__rt_lib_init_lc_ctype_1</STRONG> (Thumb, 0 bytes, Stack size unknown bytes, libinit2.o(.ARM.Collect$$libinit$$00000013))

<P><STRONG><a name="[137]"></a>__rt_lib_init_lc_monetary_1</STRONG> (Thumb, 0 bytes, Stack size unknown bytes, libinit2.o(.ARM.Collect$$libinit$$00000015))

<P><STRONG><a name="[138]"></a>__rt_lib_init_lc_numeric_1</STRONG> (Thumb, 0 bytes, Stack size unknown bytes, libinit2.o(.ARM.Collect$$libinit$$00000017))

<P><STRONG><a name="[139]"></a>__rt_lib_init_lc_time_1</STRONG> (Thumb, 0 bytes, Stack size unknown bytes, libinit2.o(.ARM.Collect$$libinit$$00000019))

<P><STRONG><a name="[13a]"></a>__rt_lib_init_preinit_1</STRONG> (Thumb, 0 bytes, Stack size unknown bytes, libinit2.o(.ARM.Collect$$libinit$$00000004))

<P><STRONG><a name="[13b]"></a>__rt_lib_init_rand_1</STRONG> (Thumb, 0 bytes, Stack size unknown bytes, libinit2.o(.ARM.Collect$$libinit$$0000000E))

<P><STRONG><a name="[13c]"></a>__rt_lib_init_return</STRONG> (Thumb, 0 bytes, Stack size unknown bytes, libinit2.o(.ARM.Collect$$libinit$$00000033))

<P><STRONG><a name="[13d]"></a>__rt_lib_init_signal_1</STRONG> (Thumb, 0 bytes, Stack size unknown bytes, libinit2.o(.ARM.Collect$$libinit$$0000001D))

<P><STRONG><a name="[13e]"></a>__rt_lib_init_stdio_1</STRONG> (Thumb, 0 bytes, Stack size unknown bytes, libinit2.o(.ARM.Collect$$libinit$$00000025))

<P><STRONG><a name="[13f]"></a>__rt_lib_init_user_alloc_1</STRONG> (Thumb, 0 bytes, Stack size unknown bytes, libinit2.o(.ARM.Collect$$libinit$$0000000C))

<P><STRONG><a name="[af]"></a>__rt_lib_shutdown</STRONG> (Thumb, 0 bytes, Stack size unknown bytes, libshutdown.o(.ARM.Collect$$libshutdown$$00000000))
<BR><BR>[Called By]<UL><LI><a href="#[ae]">&gt;&gt;</a>&nbsp;&nbsp;&nbsp;__rt_exit_ls
</UL>

<P><STRONG><a name="[140]"></a>__rt_lib_shutdown_cpp_1</STRONG> (Thumb, 0 bytes, Stack size unknown bytes, libshutdown2.o(.ARM.Collect$$libshutdown$$00000002))

<P><STRONG><a name="[141]"></a>__rt_lib_shutdown_fp_trap_1</STRONG> (Thumb, 0 bytes, Stack size unknown bytes, libshutdown2.o(.ARM.Collect$$libshutdown$$00000007))

<P><STRONG><a name="[142]"></a>__rt_lib_shutdown_heap_1</STRONG> (Thumb, 0 bytes, Stack size unknown bytes, libshutdown2.o(.ARM.Collect$$libshutdown$$0000000F))

<P><STRONG><a name="[143]"></a>__rt_lib_shutdown_return</STRONG> (Thumb, 0 bytes, Stack size unknown bytes, libshutdown2.o(.ARM.Collect$$libshutdown$$00000010))

<P><STRONG><a name="[144]"></a>__rt_lib_shutdown_signal_1</STRONG> (Thumb, 0 bytes, Stack size unknown bytes, libshutdown2.o(.ARM.Collect$$libshutdown$$0000000A))

<P><STRONG><a name="[145]"></a>__rt_lib_shutdown_stdio_1</STRONG> (Thumb, 0 bytes, Stack size unknown bytes, libshutdown2.o(.ARM.Collect$$libshutdown$$00000004))

<P><STRONG><a name="[146]"></a>__rt_lib_shutdown_user_alloc_1</STRONG> (Thumb, 0 bytes, Stack size unknown bytes, libshutdown2.o(.ARM.Collect$$libshutdown$$0000000C))

<P><STRONG><a name="[9c]"></a>__rt_entry</STRONG> (Thumb, 0 bytes, Stack size unknown bytes, __rtentry.o(.ARM.Collect$$rtentry$$00000000))
<BR><BR>[Called By]<UL><LI><a href="#[9a]">&gt;&gt;</a>&nbsp;&nbsp;&nbsp;__main
<LI><a href="#[9d]">&gt;&gt;</a>&nbsp;&nbsp;&nbsp;__scatterload_rt2
</UL>

<P><STRONG><a name="[147]"></a>__rt_entry_presh_1</STRONG> (Thumb, 0 bytes, Stack size unknown bytes, __rtentry2.o(.ARM.Collect$$rtentry$$00000002))

<P><STRONG><a name="[a7]"></a>__rt_entry_sh</STRONG> (Thumb, 0 bytes, Stack size unknown bytes, __rtentry4.o(.ARM.Collect$$rtentry$$00000004))
<BR><BR>[Stack]<UL><LI>Max Depth = 8 + Unknown Stack Size
<LI>Call Chain = __rt_entry_sh &rArr; __user_setup_stackheap
</UL>
<BR>[Calls]<UL><LI><a href="#[a8]">&gt;&gt;</a>&nbsp;&nbsp;&nbsp;__user_setup_stackheap
</UL>

<P><STRONG><a name="[a9]"></a>__rt_entry_li</STRONG> (Thumb, 0 bytes, Stack size unknown bytes, __rtentry2.o(.ARM.Collect$$rtentry$$0000000A))
<BR><BR>[Calls]<UL><LI><a href="#[aa]">&gt;&gt;</a>&nbsp;&nbsp;&nbsp;__rt_lib_init
</UL>

<P><STRONG><a name="[148]"></a>__rt_entry_postsh_1</STRONG> (Thumb, 0 bytes, Stack size unknown bytes, __rtentry2.o(.ARM.Collect$$rtentry$$00000009))

<P><STRONG><a name="[ab]"></a>__rt_entry_main</STRONG> (Thumb, 0 bytes, Stack size unknown bytes, __rtentry2.o(.ARM.Collect$$rtentry$$0000000D))
<BR><BR>[Stack]<UL><LI>Max Depth = 480 + Unknown Stack Size
<LI>Call Chain = __rt_entry_main &rArr; main &rArr; SystemClock_Config &rArr; Error_Handler &rArr; __2printf &rArr; _printf_char_file &rArr; _printf_char_common &rArr; __printf
</UL>
<BR>[Calls]<UL><LI><a href="#[ac]">&gt;&gt;</a>&nbsp;&nbsp;&nbsp;main
<LI><a href="#[ad]">&gt;&gt;</a>&nbsp;&nbsp;&nbsp;exit
</UL>

<P><STRONG><a name="[149]"></a>__rt_entry_postli_1</STRONG> (Thumb, 0 bytes, Stack size unknown bytes, __rtentry2.o(.ARM.Collect$$rtentry$$0000000C))

<P><STRONG><a name="[bf]"></a>__rt_exit</STRONG> (Thumb, 0 bytes, Stack size unknown bytes, rtexit.o(.ARM.Collect$$rtexit$$00000000))
<BR><BR>[Called By]<UL><LI><a href="#[ad]">&gt;&gt;</a>&nbsp;&nbsp;&nbsp;exit
</UL>

<P><STRONG><a name="[ae]"></a>__rt_exit_ls</STRONG> (Thumb, 0 bytes, Stack size unknown bytes, rtexit2.o(.ARM.Collect$$rtexit$$00000003))
<BR><BR>[Calls]<UL><LI><a href="#[af]">&gt;&gt;</a>&nbsp;&nbsp;&nbsp;__rt_lib_shutdown
</UL>

<P><STRONG><a name="[14a]"></a>__rt_exit_prels_1</STRONG> (Thumb, 0 bytes, Stack size unknown bytes, rtexit2.o(.ARM.Collect$$rtexit$$00000002))

<P><STRONG><a name="[b0]"></a>__rt_exit_exit</STRONG> (Thumb, 0 bytes, Stack size unknown bytes, rtexit2.o(.ARM.Collect$$rtexit$$00000004))
<BR><BR>[Calls]<UL><LI><a href="#[b1]">&gt;&gt;</a>&nbsp;&nbsp;&nbsp;_sys_exit
</UL>

<P><STRONG><a name="[3]"></a>Reset_Handler</STRONG> (Thumb, 8 bytes, Stack size 0 bytes, startup_stm32h7b0xx.o(.text))
<BR>[Address Reference Count : 1]<UL><LI> startup_stm32h7b0xx.o(RESET)
</UL>
<P><STRONG><a name="[1f]"></a>ADC_IRQHandler</STRONG> (Thumb, 0 bytes, Stack size 0 bytes, startup_stm32h7b0xx.o(.text))
<BR><BR>[Calls]<UL><LI><a href="#[1f]">&gt;&gt;</a>&nbsp;&nbsp;&nbsp;ADC_IRQHandler
</UL>
<BR>[Called By]<UL><LI><a href="#[1f]">&gt;&gt;</a>&nbsp;&nbsp;&nbsp;ADC_IRQHandler
</UL>
<BR>[Address Reference Count : 1]<UL><LI> startup_stm32h7b0xx.o(RESET)
</UL>
<P><STRONG><a name="[94]"></a>BDMA1_IRQHandler</STRONG> (Thumb, 0 bytes, Stack size 0 bytes, startup_stm32h7b0xx.o(.text))
<BR>[Address Reference Count : 1]<UL><LI> startup_stm32h7b0xx.o(RESET)
</UL>
<P><STRONG><a name="[7e]"></a>BDMA2_Channel0_IRQHandler</STRONG> (Thumb, 0 bytes, Stack size 0 bytes, startup_stm32h7b0xx.o(.text))
<BR>[Address Reference Count : 1]<UL><LI> startup_stm32h7b0xx.o(RESET)
</UL>
<P><STRONG><a name="[7f]"></a>BDMA2_Channel1_IRQHandler</STRONG> (Thumb, 0 bytes, Stack size 0 bytes, startup_stm32h7b0xx.o(.text))
<BR>[Address Reference Count : 1]<UL><LI> startup_stm32h7b0xx.o(RESET)
</UL>
<P><STRONG><a name="[80]"></a>BDMA2_Channel2_IRQHandler</STRONG> (Thumb, 0 bytes, Stack size 0 bytes, startup_stm32h7b0xx.o(.text))
<BR>[Address Reference Count : 1]<UL><LI> startup_stm32h7b0xx.o(RESET)
</UL>
<P><STRONG><a name="[81]"></a>BDMA2_Channel3_IRQHandler</STRONG> (Thumb, 0 bytes, Stack size 0 bytes, startup_stm32h7b0xx.o(.text))
<BR>[Address Reference Count : 1]<UL><LI> startup_stm32h7b0xx.o(RESET)
</UL>
<P><STRONG><a name="[82]"></a>BDMA2_Channel4_IRQHandler</STRONG> (Thumb, 0 bytes, Stack size 0 bytes, startup_stm32h7b0xx.o(.text))
<BR>[Address Reference Count : 1]<UL><LI> startup_stm32h7b0xx.o(RESET)
</UL>
<P><STRONG><a name="[83]"></a>BDMA2_Channel5_IRQHandler</STRONG> (Thumb, 0 bytes, Stack size 0 bytes, startup_stm32h7b0xx.o(.text))
<BR>[Address Reference Count : 1]<UL><LI> startup_stm32h7b0xx.o(RESET)
</UL>
<P><STRONG><a name="[84]"></a>BDMA2_Channel6_IRQHandler</STRONG> (Thumb, 0 bytes, Stack size 0 bytes, startup_stm32h7b0xx.o(.text))
<BR>[Address Reference Count : 1]<UL><LI> startup_stm32h7b0xx.o(RESET)
</UL>
<P><STRONG><a name="[85]"></a>BDMA2_Channel7_IRQHandler</STRONG> (Thumb, 0 bytes, Stack size 0 bytes, startup_stm32h7b0xx.o(.text))
<BR>[Address Reference Count : 1]<UL><LI> startup_stm32h7b0xx.o(RESET)
</UL>
<P><STRONG><a name="[69]"></a>CEC_IRQHandler</STRONG> (Thumb, 0 bytes, Stack size 0 bytes, startup_stm32h7b0xx.o(.text))
<BR>[Address Reference Count : 1]<UL><LI> startup_stm32h7b0xx.o(RESET)
</UL>
<P><STRONG><a name="[86]"></a>COMP_IRQHandler</STRONG> (Thumb, 0 bytes, Stack size 0 bytes, startup_stm32h7b0xx.o(.text))
<BR>[Address Reference Count : 1]<UL><LI> startup_stm32h7b0xx.o(RESET)
</UL>
<P><STRONG><a name="[8c]"></a>CRS_IRQHandler</STRONG> (Thumb, 0 bytes, Stack size 0 bytes, startup_stm32h7b0xx.o(.text))
<BR>[Address Reference Count : 1]<UL><LI> startup_stm32h7b0xx.o(RESET)
</UL>
<P><STRONG><a name="[5a]"></a>CRYP_IRQHandler</STRONG> (Thumb, 0 bytes, Stack size 0 bytes, startup_stm32h7b0xx.o(.text))
<BR>[Address Reference Count : 1]<UL><LI> startup_stm32h7b0xx.o(RESET)
</UL>
<P><STRONG><a name="[7c]"></a>DAC2_IRQHandler</STRONG> (Thumb, 0 bytes, Stack size 0 bytes, startup_stm32h7b0xx.o(.text))
<BR>[Address Reference Count : 1]<UL><LI> startup_stm32h7b0xx.o(RESET)
</UL>
<P><STRONG><a name="[59]"></a>DCMI_PSSI_IRQHandler</STRONG> (Thumb, 0 bytes, Stack size 0 bytes, startup_stm32h7b0xx.o(.text))
<BR>[Address Reference Count : 1]<UL><LI> startup_stm32h7b0xx.o(RESET)
</UL>
<P><STRONG><a name="[6e]"></a>DFSDM1_FLT0_IRQHandler</STRONG> (Thumb, 0 bytes, Stack size 0 bytes, startup_stm32h7b0xx.o(.text))
<BR>[Address Reference Count : 1]<UL><LI> startup_stm32h7b0xx.o(RESET)
</UL>
<P><STRONG><a name="[6f]"></a>DFSDM1_FLT1_IRQHandler</STRONG> (Thumb, 0 bytes, Stack size 0 bytes, startup_stm32h7b0xx.o(.text))
<BR>[Address Reference Count : 1]<UL><LI> startup_stm32h7b0xx.o(RESET)
</UL>
<P><STRONG><a name="[70]"></a>DFSDM1_FLT2_IRQHandler</STRONG> (Thumb, 0 bytes, Stack size 0 bytes, startup_stm32h7b0xx.o(.text))
<BR>[Address Reference Count : 1]<UL><LI> startup_stm32h7b0xx.o(RESET)
</UL>
<P><STRONG><a name="[71]"></a>DFSDM1_FLT3_IRQHandler</STRONG> (Thumb, 0 bytes, Stack size 0 bytes, startup_stm32h7b0xx.o(.text))
<BR>[Address Reference Count : 1]<UL><LI> startup_stm32h7b0xx.o(RESET)
</UL>
<P><STRONG><a name="[4b]"></a>DFSDM1_FLT4_IRQHandler</STRONG> (Thumb, 0 bytes, Stack size 0 bytes, startup_stm32h7b0xx.o(.text))
<BR>[Address Reference Count : 1]<UL><LI> startup_stm32h7b0xx.o(RESET)
</UL>
<P><STRONG><a name="[4c]"></a>DFSDM1_FLT5_IRQHandler</STRONG> (Thumb, 0 bytes, Stack size 0 bytes, startup_stm32h7b0xx.o(.text))
<BR>[Address Reference Count : 1]<UL><LI> startup_stm32h7b0xx.o(RESET)
</UL>
<P><STRONG><a name="[4d]"></a>DFSDM1_FLT6_IRQHandler</STRONG> (Thumb, 0 bytes, Stack size 0 bytes, startup_stm32h7b0xx.o(.text))
<BR>[Address Reference Count : 1]<UL><LI> startup_stm32h7b0xx.o(RESET)
</UL>
<P><STRONG><a name="[4e]"></a>DFSDM1_FLT7_IRQHandler</STRONG> (Thumb, 0 bytes, Stack size 0 bytes, startup_stm32h7b0xx.o(.text))
<BR>[Address Reference Count : 1]<UL><LI> startup_stm32h7b0xx.o(RESET)
</UL>
<P><STRONG><a name="[37]"></a>DFSDM2_IRQHandler</STRONG> (Thumb, 0 bytes, Stack size 0 bytes, startup_stm32h7b0xx.o(.text))
<BR>[Address Reference Count : 1]<UL><LI> startup_stm32h7b0xx.o(RESET)
</UL>
<P><STRONG><a name="[18]"></a>DMA1_Stream0_IRQHandler</STRONG> (Thumb, 0 bytes, Stack size 0 bytes, startup_stm32h7b0xx.o(.text))
<BR>[Address Reference Count : 1]<UL><LI> startup_stm32h7b0xx.o(RESET)
</UL>
<P><STRONG><a name="[19]"></a>DMA1_Stream1_IRQHandler</STRONG> (Thumb, 0 bytes, Stack size 0 bytes, startup_stm32h7b0xx.o(.text))
<BR>[Address Reference Count : 1]<UL><LI> startup_stm32h7b0xx.o(RESET)
</UL>
<P><STRONG><a name="[1a]"></a>DMA1_Stream2_IRQHandler</STRONG> (Thumb, 0 bytes, Stack size 0 bytes, startup_stm32h7b0xx.o(.text))
<BR>[Address Reference Count : 1]<UL><LI> startup_stm32h7b0xx.o(RESET)
</UL>
<P><STRONG><a name="[1b]"></a>DMA1_Stream3_IRQHandler</STRONG> (Thumb, 0 bytes, Stack size 0 bytes, startup_stm32h7b0xx.o(.text))
<BR>[Address Reference Count : 1]<UL><LI> startup_stm32h7b0xx.o(RESET)
</UL>
<P><STRONG><a name="[1c]"></a>DMA1_Stream4_IRQHandler</STRONG> (Thumb, 0 bytes, Stack size 0 bytes, startup_stm32h7b0xx.o(.text))
<BR>[Address Reference Count : 1]<UL><LI> startup_stm32h7b0xx.o(RESET)
</UL>
<P><STRONG><a name="[1d]"></a>DMA1_Stream5_IRQHandler</STRONG> (Thumb, 0 bytes, Stack size 0 bytes, startup_stm32h7b0xx.o(.text))
<BR>[Address Reference Count : 1]<UL><LI> startup_stm32h7b0xx.o(RESET)
</UL>
<P><STRONG><a name="[1e]"></a>DMA1_Stream6_IRQHandler</STRONG> (Thumb, 0 bytes, Stack size 0 bytes, startup_stm32h7b0xx.o(.text))
<BR>[Address Reference Count : 1]<UL><LI> startup_stm32h7b0xx.o(RESET)
</UL>
<P><STRONG><a name="[3c]"></a>DMA1_Stream7_IRQHandler</STRONG> (Thumb, 0 bytes, Stack size 0 bytes, startup_stm32h7b0xx.o(.text))
<BR>[Address Reference Count : 1]<UL><LI> startup_stm32h7b0xx.o(RESET)
</UL>
<P><STRONG><a name="[65]"></a>DMA2D_IRQHandler</STRONG> (Thumb, 0 bytes, Stack size 0 bytes, startup_stm32h7b0xx.o(.text))
<BR>[Address Reference Count : 1]<UL><LI> startup_stm32h7b0xx.o(RESET)
</UL>
<P><STRONG><a name="[45]"></a>DMA2_Stream0_IRQHandler</STRONG> (Thumb, 0 bytes, Stack size 0 bytes, startup_stm32h7b0xx.o(.text))
<BR>[Address Reference Count : 1]<UL><LI> startup_stm32h7b0xx.o(RESET)
</UL>
<P><STRONG><a name="[46]"></a>DMA2_Stream1_IRQHandler</STRONG> (Thumb, 0 bytes, Stack size 0 bytes, startup_stm32h7b0xx.o(.text))
<BR>[Address Reference Count : 1]<UL><LI> startup_stm32h7b0xx.o(RESET)
</UL>
<P><STRONG><a name="[47]"></a>DMA2_Stream2_IRQHandler</STRONG> (Thumb, 0 bytes, Stack size 0 bytes, startup_stm32h7b0xx.o(.text))
<BR>[Address Reference Count : 1]<UL><LI> startup_stm32h7b0xx.o(RESET)
</UL>
<P><STRONG><a name="[48]"></a>DMA2_Stream3_IRQHandler</STRONG> (Thumb, 0 bytes, Stack size 0 bytes, startup_stm32h7b0xx.o(.text))
<BR>[Address Reference Count : 1]<UL><LI> startup_stm32h7b0xx.o(RESET)
</UL>
<P><STRONG><a name="[49]"></a>DMA2_Stream4_IRQHandler</STRONG> (Thumb, 0 bytes, Stack size 0 bytes, startup_stm32h7b0xx.o(.text))
<BR>[Address Reference Count : 1]<UL><LI> startup_stm32h7b0xx.o(RESET)
</UL>
<P><STRONG><a name="[4f]"></a>DMA2_Stream5_IRQHandler</STRONG> (Thumb, 0 bytes, Stack size 0 bytes, startup_stm32h7b0xx.o(.text))
<BR>[Address Reference Count : 1]<UL><LI> startup_stm32h7b0xx.o(RESET)
</UL>
<P><STRONG><a name="[50]"></a>DMA2_Stream6_IRQHandler</STRONG> (Thumb, 0 bytes, Stack size 0 bytes, startup_stm32h7b0xx.o(.text))
<BR>[Address Reference Count : 1]<UL><LI> startup_stm32h7b0xx.o(RESET)
</UL>
<P><STRONG><a name="[51]"></a>DMA2_Stream7_IRQHandler</STRONG> (Thumb, 0 bytes, Stack size 0 bytes, startup_stm32h7b0xx.o(.text))
<BR>[Address Reference Count : 1]<UL><LI> startup_stm32h7b0xx.o(RESET)
</UL>
<P><STRONG><a name="[6d]"></a>DMAMUX1_OVR_IRQHandler</STRONG> (Thumb, 0 bytes, Stack size 0 bytes, startup_stm32h7b0xx.o(.text))
<BR>[Address Reference Count : 1]<UL><LI> startup_stm32h7b0xx.o(RESET)
</UL>
<P><STRONG><a name="[7d]"></a>DMAMUX2_OVR_IRQHandler</STRONG> (Thumb, 0 bytes, Stack size 0 bytes, startup_stm32h7b0xx.o(.text))
<BR>[Address Reference Count : 1]<UL><LI> startup_stm32h7b0xx.o(RESET)
</UL>
<P><STRONG><a name="[8e]"></a>DTS_IRQHandler</STRONG> (Thumb, 0 bytes, Stack size 0 bytes, startup_stm32h7b0xx.o(.text))
<BR>[Address Reference Count : 1]<UL><LI> startup_stm32h7b0xx.o(RESET)
</UL>
<P><STRONG><a name="[8d]"></a>ECC_IRQHandler</STRONG> (Thumb, 0 bytes, Stack size 0 bytes, startup_stm32h7b0xx.o(.text))
<BR>[Address Reference Count : 1]<UL><LI> startup_stm32h7b0xx.o(RESET)
</UL>
<P><STRONG><a name="[13]"></a>EXTI0_IRQHandler</STRONG> (Thumb, 0 bytes, Stack size 0 bytes, startup_stm32h7b0xx.o(.text))
<BR>[Address Reference Count : 1]<UL><LI> startup_stm32h7b0xx.o(RESET)
</UL>
<P><STRONG><a name="[14]"></a>EXTI1_IRQHandler</STRONG> (Thumb, 0 bytes, Stack size 0 bytes, startup_stm32h7b0xx.o(.text))
<BR>[Address Reference Count : 1]<UL><LI> startup_stm32h7b0xx.o(RESET)
</UL>
<P><STRONG><a name="[15]"></a>EXTI2_IRQHandler</STRONG> (Thumb, 0 bytes, Stack size 0 bytes, startup_stm32h7b0xx.o(.text))
<BR>[Address Reference Count : 1]<UL><LI> startup_stm32h7b0xx.o(RESET)
</UL>
<P><STRONG><a name="[16]"></a>EXTI3_IRQHandler</STRONG> (Thumb, 0 bytes, Stack size 0 bytes, startup_stm32h7b0xx.o(.text))
<BR>[Address Reference Count : 1]<UL><LI> startup_stm32h7b0xx.o(RESET)
</UL>
<P><STRONG><a name="[17]"></a>EXTI4_IRQHandler</STRONG> (Thumb, 0 bytes, Stack size 0 bytes, startup_stm32h7b0xx.o(.text))
<BR>[Address Reference Count : 1]<UL><LI> startup_stm32h7b0xx.o(RESET)
</UL>
<P><STRONG><a name="[24]"></a>EXTI9_5_IRQHandler</STRONG> (Thumb, 0 bytes, Stack size 0 bytes, startup_stm32h7b0xx.o(.text))
<BR>[Address Reference Count : 1]<UL><LI> startup_stm32h7b0xx.o(RESET)
</UL>
<P><STRONG><a name="[20]"></a>FDCAN1_IT0_IRQHandler</STRONG> (Thumb, 0 bytes, Stack size 0 bytes, startup_stm32h7b0xx.o(.text))
<BR>[Address Reference Count : 1]<UL><LI> startup_stm32h7b0xx.o(RESET)
</UL>
<P><STRONG><a name="[22]"></a>FDCAN1_IT1_IRQHandler</STRONG> (Thumb, 0 bytes, Stack size 0 bytes, startup_stm32h7b0xx.o(.text))
<BR>[Address Reference Count : 1]<UL><LI> startup_stm32h7b0xx.o(RESET)
</UL>
<P><STRONG><a name="[21]"></a>FDCAN2_IT0_IRQHandler</STRONG> (Thumb, 0 bytes, Stack size 0 bytes, startup_stm32h7b0xx.o(.text))
<BR>[Address Reference Count : 1]<UL><LI> startup_stm32h7b0xx.o(RESET)
</UL>
<P><STRONG><a name="[23]"></a>FDCAN2_IT1_IRQHandler</STRONG> (Thumb, 0 bytes, Stack size 0 bytes, startup_stm32h7b0xx.o(.text))
<BR>[Address Reference Count : 1]<UL><LI> startup_stm32h7b0xx.o(RESET)
</UL>
<P><STRONG><a name="[4a]"></a>FDCAN_CAL_IRQHandler</STRONG> (Thumb, 0 bytes, Stack size 0 bytes, startup_stm32h7b0xx.o(.text))
<BR>[Address Reference Count : 1]<UL><LI> startup_stm32h7b0xx.o(RESET)
</UL>
<P><STRONG><a name="[11]"></a>FLASH_IRQHandler</STRONG> (Thumb, 0 bytes, Stack size 0 bytes, startup_stm32h7b0xx.o(.text))
<BR>[Address Reference Count : 1]<UL><LI> startup_stm32h7b0xx.o(RESET)
</UL>
<P><STRONG><a name="[3d]"></a>FMC_IRQHandler</STRONG> (Thumb, 0 bytes, Stack size 0 bytes, startup_stm32h7b0xx.o(.text))
<BR>[Address Reference Count : 1]<UL><LI> startup_stm32h7b0xx.o(RESET)
</UL>
<P><STRONG><a name="[5c]"></a>FPU_IRQHandler</STRONG> (Thumb, 0 bytes, Stack size 0 bytes, startup_stm32h7b0xx.o(.text))
<BR>[Address Reference Count : 1]<UL><LI> startup_stm32h7b0xx.o(RESET)
</UL>
<P><STRONG><a name="[93]"></a>GFXMMU_IRQHandler</STRONG> (Thumb, 0 bytes, Stack size 0 bytes, startup_stm32h7b0xx.o(.text))
<BR>[Address Reference Count : 1]<UL><LI> startup_stm32h7b0xx.o(RESET)
</UL>
<P><STRONG><a name="[5b]"></a>HASH_RNG_IRQHandler</STRONG> (Thumb, 0 bytes, Stack size 0 bytes, startup_stm32h7b0xx.o(.text))
<BR>[Address Reference Count : 1]<UL><LI> startup_stm32h7b0xx.o(RESET)
</UL>
<P><STRONG><a name="[7b]"></a>HSEM1_IRQHandler</STRONG> (Thumb, 0 bytes, Stack size 0 bytes, startup_stm32h7b0xx.o(.text))
<BR>[Address Reference Count : 1]<UL><LI> startup_stm32h7b0xx.o(RESET)
</UL>
<P><STRONG><a name="[2d]"></a>I2C1_ER_IRQHandler</STRONG> (Thumb, 0 bytes, Stack size 0 bytes, startup_stm32h7b0xx.o(.text))
<BR>[Address Reference Count : 1]<UL><LI> startup_stm32h7b0xx.o(RESET)
</UL>
<P><STRONG><a name="[2c]"></a>I2C1_EV_IRQHandler</STRONG> (Thumb, 0 bytes, Stack size 0 bytes, startup_stm32h7b0xx.o(.text))
<BR>[Address Reference Count : 1]<UL><LI> startup_stm32h7b0xx.o(RESET)
</UL>
<P><STRONG><a name="[2f]"></a>I2C2_ER_IRQHandler</STRONG> (Thumb, 0 bytes, Stack size 0 bytes, startup_stm32h7b0xx.o(.text))
<BR>[Address Reference Count : 1]<UL><LI> startup_stm32h7b0xx.o(RESET)
</UL>
<P><STRONG><a name="[2e]"></a>I2C2_EV_IRQHandler</STRONG> (Thumb, 0 bytes, Stack size 0 bytes, startup_stm32h7b0xx.o(.text))
<BR>[Address Reference Count : 1]<UL><LI> startup_stm32h7b0xx.o(RESET)
</UL>
<P><STRONG><a name="[54]"></a>I2C3_ER_IRQHandler</STRONG> (Thumb, 0 bytes, Stack size 0 bytes, startup_stm32h7b0xx.o(.text))
<BR>[Address Reference Count : 1]<UL><LI> startup_stm32h7b0xx.o(RESET)
</UL>
<P><STRONG><a name="[53]"></a>I2C3_EV_IRQHandler</STRONG> (Thumb, 0 bytes, Stack size 0 bytes, startup_stm32h7b0xx.o(.text))
<BR>[Address Reference Count : 1]<UL><LI> startup_stm32h7b0xx.o(RESET)
</UL>
<P><STRONG><a name="[6b]"></a>I2C4_ER_IRQHandler</STRONG> (Thumb, 0 bytes, Stack size 0 bytes, startup_stm32h7b0xx.o(.text))
<BR>[Address Reference Count : 1]<UL><LI> startup_stm32h7b0xx.o(RESET)
</UL>
<P><STRONG><a name="[6a]"></a>I2C4_EV_IRQHandler</STRONG> (Thumb, 0 bytes, Stack size 0 bytes, startup_stm32h7b0xx.o(.text))
<BR>[Address Reference Count : 1]<UL><LI> startup_stm32h7b0xx.o(RESET)
</UL>
<P><STRONG><a name="[78]"></a>JPEG_IRQHandler</STRONG> (Thumb, 0 bytes, Stack size 0 bytes, startup_stm32h7b0xx.o(.text))
<BR>[Address Reference Count : 1]<UL><LI> startup_stm32h7b0xx.o(RESET)
</UL>
<P><STRONG><a name="[68]"></a>LPTIM1_IRQHandler</STRONG> (Thumb, 0 bytes, Stack size 0 bytes, startup_stm32h7b0xx.o(.text))
<BR>[Address Reference Count : 1]<UL><LI> startup_stm32h7b0xx.o(RESET)
</UL>
<P><STRONG><a name="[87]"></a>LPTIM2_IRQHandler</STRONG> (Thumb, 0 bytes, Stack size 0 bytes, startup_stm32h7b0xx.o(.text))
<BR>[Address Reference Count : 1]<UL><LI> startup_stm32h7b0xx.o(RESET)
</UL>
<P><STRONG><a name="[88]"></a>LPTIM3_IRQHandler</STRONG> (Thumb, 0 bytes, Stack size 0 bytes, startup_stm32h7b0xx.o(.text))
<BR>[Address Reference Count : 1]<UL><LI> startup_stm32h7b0xx.o(RESET)
</UL>
<P><STRONG><a name="[8b]"></a>LPUART1_IRQHandler</STRONG> (Thumb, 0 bytes, Stack size 0 bytes, startup_stm32h7b0xx.o(.text))
<BR>[Address Reference Count : 1]<UL><LI> startup_stm32h7b0xx.o(RESET)
</UL>
<P><STRONG><a name="[64]"></a>LTDC_ER_IRQHandler</STRONG> (Thumb, 0 bytes, Stack size 0 bytes, startup_stm32h7b0xx.o(.text))
<BR>[Address Reference Count : 1]<UL><LI> startup_stm32h7b0xx.o(RESET)
</UL>
<P><STRONG><a name="[63]"></a>LTDC_IRQHandler</STRONG> (Thumb, 0 bytes, Stack size 0 bytes, startup_stm32h7b0xx.o(.text))
<BR>[Address Reference Count : 1]<UL><LI> startup_stm32h7b0xx.o(RESET)
</UL>
<P><STRONG><a name="[77]"></a>MDIOS_IRQHandler</STRONG> (Thumb, 0 bytes, Stack size 0 bytes, startup_stm32h7b0xx.o(.text))
<BR>[Address Reference Count : 1]<UL><LI> startup_stm32h7b0xx.o(RESET)
</UL>
<P><STRONG><a name="[76]"></a>MDIOS_WKUP_IRQHandler</STRONG> (Thumb, 0 bytes, Stack size 0 bytes, startup_stm32h7b0xx.o(.text))
<BR>[Address Reference Count : 1]<UL><LI> startup_stm32h7b0xx.o(RESET)
</UL>
<P><STRONG><a name="[79]"></a>MDMA_IRQHandler</STRONG> (Thumb, 0 bytes, Stack size 0 bytes, startup_stm32h7b0xx.o(.text))
<BR>[Address Reference Count : 1]<UL><LI> startup_stm32h7b0xx.o(RESET)
</UL>
<P><STRONG><a name="[67]"></a>OCTOSPI1_IRQHandler</STRONG> (Thumb, 0 bytes, Stack size 0 bytes, startup_stm32h7b0xx.o(.text))
<BR>[Address Reference Count : 1]<UL><LI> startup_stm32h7b0xx.o(RESET)
</UL>
<P><STRONG><a name="[90]"></a>OCTOSPI2_IRQHandler</STRONG> (Thumb, 0 bytes, Stack size 0 bytes, startup_stm32h7b0xx.o(.text))
<BR>[Address Reference Count : 1]<UL><LI> startup_stm32h7b0xx.o(RESET)
</UL>
<P><STRONG><a name="[91]"></a>OTFDEC1_IRQHandler</STRONG> (Thumb, 0 bytes, Stack size 0 bytes, startup_stm32h7b0xx.o(.text))
<BR>[Address Reference Count : 1]<UL><LI> startup_stm32h7b0xx.o(RESET)
</UL>
<P><STRONG><a name="[92]"></a>OTFDEC2_IRQHandler</STRONG> (Thumb, 0 bytes, Stack size 0 bytes, startup_stm32h7b0xx.o(.text))
<BR>[Address Reference Count : 1]<UL><LI> startup_stm32h7b0xx.o(RESET)
</UL>
<P><STRONG><a name="[56]"></a>OTG_HS_EP1_IN_IRQHandler</STRONG> (Thumb, 0 bytes, Stack size 0 bytes, startup_stm32h7b0xx.o(.text))
<BR>[Address Reference Count : 1]<UL><LI> startup_stm32h7b0xx.o(RESET)
</UL>
<P><STRONG><a name="[55]"></a>OTG_HS_EP1_OUT_IRQHandler</STRONG> (Thumb, 0 bytes, Stack size 0 bytes, startup_stm32h7b0xx.o(.text))
<BR>[Address Reference Count : 1]<UL><LI> startup_stm32h7b0xx.o(RESET)
</UL>
<P><STRONG><a name="[58]"></a>OTG_HS_IRQHandler</STRONG> (Thumb, 0 bytes, Stack size 0 bytes, startup_stm32h7b0xx.o(.text))
<BR>[Address Reference Count : 1]<UL><LI> startup_stm32h7b0xx.o(RESET)
</UL>
<P><STRONG><a name="[57]"></a>OTG_HS_WKUP_IRQHandler</STRONG> (Thumb, 0 bytes, Stack size 0 bytes, startup_stm32h7b0xx.o(.text))
<BR>[Address Reference Count : 1]<UL><LI> startup_stm32h7b0xx.o(RESET)
</UL>
<P><STRONG><a name="[e]"></a>PVD_PVM_IRQHandler</STRONG> (Thumb, 0 bytes, Stack size 0 bytes, startup_stm32h7b0xx.o(.text))
<BR>[Address Reference Count : 1]<UL><LI> startup_stm32h7b0xx.o(RESET)
</UL>
<P><STRONG><a name="[12]"></a>RCC_IRQHandler</STRONG> (Thumb, 0 bytes, Stack size 0 bytes, startup_stm32h7b0xx.o(.text))
<BR>[Address Reference Count : 1]<UL><LI> startup_stm32h7b0xx.o(RESET)
</UL>
<P><STRONG><a name="[36]"></a>RTC_Alarm_IRQHandler</STRONG> (Thumb, 0 bytes, Stack size 0 bytes, startup_stm32h7b0xx.o(.text))
<BR>[Address Reference Count : 1]<UL><LI> startup_stm32h7b0xx.o(RESET)
</UL>
<P><STRONG><a name="[f]"></a>RTC_TAMP_STAMP_CSS_LSE_IRQHandler</STRONG> (Thumb, 0 bytes, Stack size 0 bytes, startup_stm32h7b0xx.o(.text))
<BR>[Address Reference Count : 1]<UL><LI> startup_stm32h7b0xx.o(RESET)
</UL>
<P><STRONG><a name="[10]"></a>RTC_WKUP_IRQHandler</STRONG> (Thumb, 0 bytes, Stack size 0 bytes, startup_stm32h7b0xx.o(.text))
<BR>[Address Reference Count : 1]<UL><LI> startup_stm32h7b0xx.o(RESET)
</UL>
<P><STRONG><a name="[62]"></a>SAI1_IRQHandler</STRONG> (Thumb, 0 bytes, Stack size 0 bytes, startup_stm32h7b0xx.o(.text))
<BR>[Address Reference Count : 1]<UL><LI> startup_stm32h7b0xx.o(RESET)
</UL>
<P><STRONG><a name="[66]"></a>SAI2_IRQHandler</STRONG> (Thumb, 0 bytes, Stack size 0 bytes, startup_stm32h7b0xx.o(.text))
<BR>[Address Reference Count : 1]<UL><LI> startup_stm32h7b0xx.o(RESET)
</UL>
<P><STRONG><a name="[3e]"></a>SDMMC1_IRQHandler</STRONG> (Thumb, 0 bytes, Stack size 0 bytes, startup_stm32h7b0xx.o(.text))
<BR>[Address Reference Count : 1]<UL><LI> startup_stm32h7b0xx.o(RESET)
</UL>
<P><STRONG><a name="[7a]"></a>SDMMC2_IRQHandler</STRONG> (Thumb, 0 bytes, Stack size 0 bytes, startup_stm32h7b0xx.o(.text))
<BR>[Address Reference Count : 1]<UL><LI> startup_stm32h7b0xx.o(RESET)
</UL>
<P><STRONG><a name="[6c]"></a>SPDIF_RX_IRQHandler</STRONG> (Thumb, 0 bytes, Stack size 0 bytes, startup_stm32h7b0xx.o(.text))
<BR>[Address Reference Count : 1]<UL><LI> startup_stm32h7b0xx.o(RESET)
</UL>
<P><STRONG><a name="[30]"></a>SPI1_IRQHandler</STRONG> (Thumb, 0 bytes, Stack size 0 bytes, startup_stm32h7b0xx.o(.text))
<BR>[Address Reference Count : 1]<UL><LI> startup_stm32h7b0xx.o(RESET)
</UL>
<P><STRONG><a name="[31]"></a>SPI2_IRQHandler</STRONG> (Thumb, 0 bytes, Stack size 0 bytes, startup_stm32h7b0xx.o(.text))
<BR>[Address Reference Count : 1]<UL><LI> startup_stm32h7b0xx.o(RESET)
</UL>
<P><STRONG><a name="[40]"></a>SPI3_IRQHandler</STRONG> (Thumb, 0 bytes, Stack size 0 bytes, startup_stm32h7b0xx.o(.text))
<BR>[Address Reference Count : 1]<UL><LI> startup_stm32h7b0xx.o(RESET)
</UL>
<P><STRONG><a name="[5f]"></a>SPI4_IRQHandler</STRONG> (Thumb, 0 bytes, Stack size 0 bytes, startup_stm32h7b0xx.o(.text))
<BR>[Address Reference Count : 1]<UL><LI> startup_stm32h7b0xx.o(RESET)
</UL>
<P><STRONG><a name="[60]"></a>SPI5_IRQHandler</STRONG> (Thumb, 0 bytes, Stack size 0 bytes, startup_stm32h7b0xx.o(.text))
<BR>[Address Reference Count : 1]<UL><LI> startup_stm32h7b0xx.o(RESET)
</UL>
<P><STRONG><a name="[61]"></a>SPI6_IRQHandler</STRONG> (Thumb, 0 bytes, Stack size 0 bytes, startup_stm32h7b0xx.o(.text))
<BR>[Address Reference Count : 1]<UL><LI> startup_stm32h7b0xx.o(RESET)
</UL>
<P><STRONG><a name="[72]"></a>SWPMI1_IRQHandler</STRONG> (Thumb, 0 bytes, Stack size 0 bytes, startup_stm32h7b0xx.o(.text))
<BR>[Address Reference Count : 1]<UL><LI> startup_stm32h7b0xx.o(RESET)
</UL>
<P><STRONG><a name="[73]"></a>TIM15_IRQHandler</STRONG> (Thumb, 0 bytes, Stack size 0 bytes, startup_stm32h7b0xx.o(.text))
<BR>[Address Reference Count : 1]<UL><LI> startup_stm32h7b0xx.o(RESET)
</UL>
<P><STRONG><a name="[74]"></a>TIM16_IRQHandler</STRONG> (Thumb, 0 bytes, Stack size 0 bytes, startup_stm32h7b0xx.o(.text))
<BR>[Address Reference Count : 1]<UL><LI> startup_stm32h7b0xx.o(RESET)
</UL>
<P><STRONG><a name="[75]"></a>TIM17_IRQHandler</STRONG> (Thumb, 0 bytes, Stack size 0 bytes, startup_stm32h7b0xx.o(.text))
<BR>[Address Reference Count : 1]<UL><LI> startup_stm32h7b0xx.o(RESET)
</UL>
<P><STRONG><a name="[25]"></a>TIM1_BRK_IRQHandler</STRONG> (Thumb, 0 bytes, Stack size 0 bytes, startup_stm32h7b0xx.o(.text))
<BR>[Address Reference Count : 1]<UL><LI> startup_stm32h7b0xx.o(RESET)
</UL>
<P><STRONG><a name="[28]"></a>TIM1_CC_IRQHandler</STRONG> (Thumb, 0 bytes, Stack size 0 bytes, startup_stm32h7b0xx.o(.text))
<BR>[Address Reference Count : 1]<UL><LI> startup_stm32h7b0xx.o(RESET)
</UL>
<P><STRONG><a name="[27]"></a>TIM1_TRG_COM_IRQHandler</STRONG> (Thumb, 0 bytes, Stack size 0 bytes, startup_stm32h7b0xx.o(.text))
<BR>[Address Reference Count : 1]<UL><LI> startup_stm32h7b0xx.o(RESET)
</UL>
<P><STRONG><a name="[26]"></a>TIM1_UP_IRQHandler</STRONG> (Thumb, 0 bytes, Stack size 0 bytes, startup_stm32h7b0xx.o(.text))
<BR>[Address Reference Count : 1]<UL><LI> startup_stm32h7b0xx.o(RESET)
</UL>
<P><STRONG><a name="[29]"></a>TIM2_IRQHandler</STRONG> (Thumb, 0 bytes, Stack size 0 bytes, startup_stm32h7b0xx.o(.text))
<BR>[Address Reference Count : 1]<UL><LI> startup_stm32h7b0xx.o(RESET)
</UL>
<P><STRONG><a name="[2a]"></a>TIM3_IRQHandler</STRONG> (Thumb, 0 bytes, Stack size 0 bytes, startup_stm32h7b0xx.o(.text))
<BR>[Address Reference Count : 1]<UL><LI> startup_stm32h7b0xx.o(RESET)
</UL>
<P><STRONG><a name="[2b]"></a>TIM4_IRQHandler</STRONG> (Thumb, 0 bytes, Stack size 0 bytes, startup_stm32h7b0xx.o(.text))
<BR>[Address Reference Count : 1]<UL><LI> startup_stm32h7b0xx.o(RESET)
</UL>
<P><STRONG><a name="[3f]"></a>TIM5_IRQHandler</STRONG> (Thumb, 0 bytes, Stack size 0 bytes, startup_stm32h7b0xx.o(.text))
<BR>[Address Reference Count : 1]<UL><LI> startup_stm32h7b0xx.o(RESET)
</UL>
<P><STRONG><a name="[43]"></a>TIM6_DAC_IRQHandler</STRONG> (Thumb, 0 bytes, Stack size 0 bytes, startup_stm32h7b0xx.o(.text))
<BR>[Address Reference Count : 1]<UL><LI> startup_stm32h7b0xx.o(RESET)
</UL>
<P><STRONG><a name="[44]"></a>TIM7_IRQHandler</STRONG> (Thumb, 0 bytes, Stack size 0 bytes, startup_stm32h7b0xx.o(.text))
<BR>[Address Reference Count : 1]<UL><LI> startup_stm32h7b0xx.o(RESET)
</UL>
<P><STRONG><a name="[38]"></a>TIM8_BRK_TIM12_IRQHandler</STRONG> (Thumb, 0 bytes, Stack size 0 bytes, startup_stm32h7b0xx.o(.text))
<BR>[Address Reference Count : 1]<UL><LI> startup_stm32h7b0xx.o(RESET)
</UL>
<P><STRONG><a name="[3b]"></a>TIM8_CC_IRQHandler</STRONG> (Thumb, 0 bytes, Stack size 0 bytes, startup_stm32h7b0xx.o(.text))
<BR>[Address Reference Count : 1]<UL><LI> startup_stm32h7b0xx.o(RESET)
</UL>
<P><STRONG><a name="[3a]"></a>TIM8_TRG_COM_TIM14_IRQHandler</STRONG> (Thumb, 0 bytes, Stack size 0 bytes, startup_stm32h7b0xx.o(.text))
<BR>[Address Reference Count : 1]<UL><LI> startup_stm32h7b0xx.o(RESET)
</UL>
<P><STRONG><a name="[39]"></a>TIM8_UP_TIM13_IRQHandler</STRONG> (Thumb, 0 bytes, Stack size 0 bytes, startup_stm32h7b0xx.o(.text))
<BR>[Address Reference Count : 1]<UL><LI> startup_stm32h7b0xx.o(RESET)
</UL>
<P><STRONG><a name="[41]"></a>UART4_IRQHandler</STRONG> (Thumb, 0 bytes, Stack size 0 bytes, startup_stm32h7b0xx.o(.text))
<BR>[Address Reference Count : 1]<UL><LI> startup_stm32h7b0xx.o(RESET)
</UL>
<P><STRONG><a name="[42]"></a>UART5_IRQHandler</STRONG> (Thumb, 0 bytes, Stack size 0 bytes, startup_stm32h7b0xx.o(.text))
<BR>[Address Reference Count : 1]<UL><LI> startup_stm32h7b0xx.o(RESET)
</UL>
<P><STRONG><a name="[5d]"></a>UART7_IRQHandler</STRONG> (Thumb, 0 bytes, Stack size 0 bytes, startup_stm32h7b0xx.o(.text))
<BR>[Address Reference Count : 1]<UL><LI> startup_stm32h7b0xx.o(RESET)
</UL>
<P><STRONG><a name="[5e]"></a>UART8_IRQHandler</STRONG> (Thumb, 0 bytes, Stack size 0 bytes, startup_stm32h7b0xx.o(.text))
<BR>[Address Reference Count : 1]<UL><LI> startup_stm32h7b0xx.o(RESET)
</UL>
<P><STRONG><a name="[89]"></a>UART9_IRQHandler</STRONG> (Thumb, 0 bytes, Stack size 0 bytes, startup_stm32h7b0xx.o(.text))
<BR>[Address Reference Count : 1]<UL><LI> startup_stm32h7b0xx.o(RESET)
</UL>
<P><STRONG><a name="[8a]"></a>USART10_IRQHandler</STRONG> (Thumb, 0 bytes, Stack size 0 bytes, startup_stm32h7b0xx.o(.text))
<BR>[Address Reference Count : 1]<UL><LI> startup_stm32h7b0xx.o(RESET)
</UL>
<P><STRONG><a name="[33]"></a>USART2_IRQHandler</STRONG> (Thumb, 0 bytes, Stack size 0 bytes, startup_stm32h7b0xx.o(.text))
<BR>[Address Reference Count : 1]<UL><LI> startup_stm32h7b0xx.o(RESET)
</UL>
<P><STRONG><a name="[34]"></a>USART3_IRQHandler</STRONG> (Thumb, 0 bytes, Stack size 0 bytes, startup_stm32h7b0xx.o(.text))
<BR>[Address Reference Count : 1]<UL><LI> startup_stm32h7b0xx.o(RESET)
</UL>
<P><STRONG><a name="[52]"></a>USART6_IRQHandler</STRONG> (Thumb, 0 bytes, Stack size 0 bytes, startup_stm32h7b0xx.o(.text))
<BR>[Address Reference Count : 1]<UL><LI> startup_stm32h7b0xx.o(RESET)
</UL>
<P><STRONG><a name="[8f]"></a>WAKEUP_PIN_IRQHandler</STRONG> (Thumb, 0 bytes, Stack size 0 bytes, startup_stm32h7b0xx.o(.text))
<BR>[Address Reference Count : 1]<UL><LI> startup_stm32h7b0xx.o(RESET)
</UL>
<P><STRONG><a name="[d]"></a>WWDG_IRQHandler</STRONG> (Thumb, 0 bytes, Stack size 0 bytes, startup_stm32h7b0xx.o(.text))
<BR>[Address Reference Count : 1]<UL><LI> startup_stm32h7b0xx.o(RESET)
</UL>
<P><STRONG><a name="[be]"></a>__user_initial_stackheap</STRONG> (Thumb, 0 bytes, Stack size unknown bytes, startup_stm32h7b0xx.o(.text))
<BR><BR>[Called By]<UL><LI><a href="#[a8]">&gt;&gt;</a>&nbsp;&nbsp;&nbsp;__user_setup_stackheap
</UL>

<P><STRONG><a name="[14b]"></a>__use_no_semihosting</STRONG> (Thumb, 2 bytes, Stack size 0 bytes, use_no_semi_2.o(.text), UNUSED)

<P><STRONG><a name="[11e]"></a>__aeabi_uldivmod</STRONG> (Thumb, 0 bytes, Stack size 48 bytes, lludivv7m.o(.text))
<BR><BR>[Stack]<UL><LI>Max Depth = 48<LI>Call Chain = __aeabi_uldivmod
</UL>
<BR>[Called By]<UL><LI><a href="#[106]">&gt;&gt;</a>&nbsp;&nbsp;&nbsp;UART_SetConfig
</UL>

<P><STRONG><a name="[14c]"></a>_ll_udiv</STRONG> (Thumb, 238 bytes, Stack size 48 bytes, lludivv7m.o(.text), UNUSED)

<P><STRONG><a name="[b2]"></a>__2printf</STRONG> (Thumb, 20 bytes, Stack size 24 bytes, noretval__2printf.o(.text))
<BR><BR>[Stack]<UL><LI>Max Depth = 136 + Unknown Stack Size
<LI>Call Chain = __2printf &rArr; _printf_char_file &rArr; _printf_char_common &rArr; __printf
</UL>
<BR>[Calls]<UL><LI><a href="#[b3]">&gt;&gt;</a>&nbsp;&nbsp;&nbsp;_printf_char_file
</UL>
<BR>[Called By]<UL><LI><a href="#[ac]">&gt;&gt;</a>&nbsp;&nbsp;&nbsp;main
<LI><a href="#[c1]">&gt;&gt;</a>&nbsp;&nbsp;&nbsp;Error_Handler
<LI><a href="#[11a]">&gt;&gt;</a>&nbsp;&nbsp;&nbsp;Touch_Init
</UL>

<P><STRONG><a name="[b9]"></a>_printf_str</STRONG> (Thumb, 82 bytes, Stack size 16 bytes, _printf_str.o(.text))
<BR><BR>[Stack]<UL><LI>Max Depth = 16<LI>Call Chain = _printf_str
</UL>
<BR>[Called By]<UL><LI><a href="#[b8]">&gt;&gt;</a>&nbsp;&nbsp;&nbsp;_printf_cs_common
</UL>

<P><STRONG><a name="[a0]"></a>_printf_int_dec</STRONG> (Thumb, 104 bytes, Stack size 24 bytes, _printf_dec.o(.text))
<BR><BR>[Stack]<UL><LI>Max Depth = 56<LI>Call Chain = _printf_int_dec &rArr; _printf_int_common
</UL>
<BR>[Calls]<UL><LI><a href="#[b4]">&gt;&gt;</a>&nbsp;&nbsp;&nbsp;_printf_int_common
</UL>
<BR>[Called By]<UL><LI><a href="#[9f]">&gt;&gt;</a>&nbsp;&nbsp;&nbsp;_printf_d
</UL>

<P><STRONG><a name="[a2]"></a>_printf_int_hex</STRONG> (Thumb, 84 bytes, Stack size 16 bytes, _printf_hex_int.o(.text))
<BR><BR>[Stack]<UL><LI>Max Depth = 48<LI>Call Chain = _printf_int_hex &rArr; _printf_int_common
</UL>
<BR>[Calls]<UL><LI><a href="#[b4]">&gt;&gt;</a>&nbsp;&nbsp;&nbsp;_printf_int_common
</UL>
<BR>[Called By]<UL><LI><a href="#[a1]">&gt;&gt;</a>&nbsp;&nbsp;&nbsp;_printf_x
</UL>

<P><STRONG><a name="[14d]"></a>_printf_longlong_hex</STRONG> (Thumb, 0 bytes, Stack size 16 bytes, _printf_hex_int.o(.text), UNUSED)

<P><STRONG><a name="[b5]"></a>__printf</STRONG> (Thumb, 270 bytes, Stack size 32 bytes, __printf_wp.o(.text))
<BR><BR>[Stack]<UL><LI>Max Depth = 32 + Unknown Stack Size
<LI>Call Chain = __printf
</UL>
<BR>[Calls]<UL><LI><a href="#[b7]">&gt;&gt;</a>&nbsp;&nbsp;&nbsp;_printf_percent
<LI><a href="#[b6]">&gt;&gt;</a>&nbsp;&nbsp;&nbsp;_is_digit
</UL>
<BR>[Called By]<UL><LI><a href="#[bb]">&gt;&gt;</a>&nbsp;&nbsp;&nbsp;_printf_char_common
</UL>

<P><STRONG><a name="[d9]"></a>__aeabi_memcpy4</STRONG> (Thumb, 0 bytes, Stack size 8 bytes, rt_memcpy_w.o(.text))
<BR><BR>[Stack]<UL><LI>Max Depth = 8<LI>Call Chain = __aeabi_memcpy4
</UL>
<BR>[Called By]<UL><LI><a href="#[d8]">&gt;&gt;</a>&nbsp;&nbsp;&nbsp;HAL_LTDC_ConfigLayer
</UL>

<P><STRONG><a name="[14e]"></a>__aeabi_memcpy8</STRONG> (Thumb, 0 bytes, Stack size 8 bytes, rt_memcpy_w.o(.text), UNUSED)

<P><STRONG><a name="[14f]"></a>__rt_memcpy_w</STRONG> (Thumb, 100 bytes, Stack size 8 bytes, rt_memcpy_w.o(.text), UNUSED)

<P><STRONG><a name="[150]"></a>_memcpy_lastbytes_aligned</STRONG> (Thumb, 0 bytes, Stack size unknown bytes, rt_memcpy_w.o(.text), UNUSED)

<P><STRONG><a name="[dd]"></a>__aeabi_memclr4</STRONG> (Thumb, 0 bytes, Stack size 4 bytes, rt_memclr_w.o(.text))
<BR><BR>[Stack]<UL><LI>Max Depth = 4<LI>Call Chain = __aeabi_memclr4
</UL>
<BR>[Called By]<UL><LI><a href="#[105]">&gt;&gt;</a>&nbsp;&nbsp;&nbsp;HAL_UART_MspInit
<LI><a href="#[ec]">&gt;&gt;</a>&nbsp;&nbsp;&nbsp;HAL_TIM_MspPostInit
<LI><a href="#[dc]">&gt;&gt;</a>&nbsp;&nbsp;&nbsp;HAL_LTDC_MspInit
<LI><a href="#[10e]">&gt;&gt;</a>&nbsp;&nbsp;&nbsp;MX_TIM4_Init
<LI><a href="#[10d]">&gt;&gt;</a>&nbsp;&nbsp;&nbsp;MX_LTDC_Init
<LI><a href="#[10c]">&gt;&gt;</a>&nbsp;&nbsp;&nbsp;MX_GPIO_Init
<LI><a href="#[115]">&gt;&gt;</a>&nbsp;&nbsp;&nbsp;SystemClock_Config
<LI><a href="#[c9]">&gt;&gt;</a>&nbsp;&nbsp;&nbsp;Touch_INT_Out
<LI><a href="#[cc]">&gt;&gt;</a>&nbsp;&nbsp;&nbsp;Touch_INT_In
<LI><a href="#[117]">&gt;&gt;</a>&nbsp;&nbsp;&nbsp;Touch_IIC_GPIO_Config
<LI><a href="#[112]">&gt;&gt;</a>&nbsp;&nbsp;&nbsp;PanelRecognition
</UL>

<P><STRONG><a name="[151]"></a>__aeabi_memclr8</STRONG> (Thumb, 0 bytes, Stack size 4 bytes, rt_memclr_w.o(.text), UNUSED)

<P><STRONG><a name="[152]"></a>__rt_memclr_w</STRONG> (Thumb, 78 bytes, Stack size 4 bytes, rt_memclr_w.o(.text), UNUSED)

<P><STRONG><a name="[153]"></a>_memset_w</STRONG> (Thumb, 0 bytes, Stack size unknown bytes, rt_memclr_w.o(.text), UNUSED)

<P><STRONG><a name="[154]"></a>__use_two_region_memory</STRONG> (Thumb, 2 bytes, Stack size 0 bytes, heapauxi.o(.text), UNUSED)

<P><STRONG><a name="[155]"></a>__rt_heap_escrow$2region</STRONG> (Thumb, 2 bytes, Stack size 0 bytes, heapauxi.o(.text), UNUSED)

<P><STRONG><a name="[156]"></a>__rt_heap_expand$2region</STRONG> (Thumb, 2 bytes, Stack size 0 bytes, heapauxi.o(.text), UNUSED)

<P><STRONG><a name="[157]"></a>__I$use$semihosting</STRONG> (Thumb, 0 bytes, Stack size 0 bytes, use_no_semi.o(.text), UNUSED)

<P><STRONG><a name="[158]"></a>__use_no_semihosting_swi</STRONG> (Thumb, 2 bytes, Stack size 0 bytes, use_no_semi.o(.text), UNUSED)

<P><STRONG><a name="[b4]"></a>_printf_int_common</STRONG> (Thumb, 178 bytes, Stack size 32 bytes, _printf_intcommon.o(.text))
<BR><BR>[Stack]<UL><LI>Max Depth = 32<LI>Call Chain = _printf_int_common
</UL>
<BR>[Called By]<UL><LI><a href="#[a2]">&gt;&gt;</a>&nbsp;&nbsp;&nbsp;_printf_int_hex
<LI><a href="#[a0]">&gt;&gt;</a>&nbsp;&nbsp;&nbsp;_printf_int_dec
</UL>

<P><STRONG><a name="[b8]"></a>_printf_cs_common</STRONG> (Thumb, 20 bytes, Stack size 8 bytes, _printf_char.o(.text))
<BR><BR>[Stack]<UL><LI>Max Depth = 24<LI>Call Chain = _printf_cs_common &rArr; _printf_str
</UL>
<BR>[Calls]<UL><LI><a href="#[b9]">&gt;&gt;</a>&nbsp;&nbsp;&nbsp;_printf_str
</UL>
<BR>[Called By]<UL><LI><a href="#[a4]">&gt;&gt;</a>&nbsp;&nbsp;&nbsp;_printf_string
<LI><a href="#[ba]">&gt;&gt;</a>&nbsp;&nbsp;&nbsp;_printf_char
</UL>

<P><STRONG><a name="[ba]"></a>_printf_char</STRONG> (Thumb, 16 bytes, Stack size 0 bytes, _printf_char.o(.text), UNUSED)
<BR><BR>[Calls]<UL><LI><a href="#[b8]">&gt;&gt;</a>&nbsp;&nbsp;&nbsp;_printf_cs_common
</UL>

<P><STRONG><a name="[a4]"></a>_printf_string</STRONG> (Thumb, 8 bytes, Stack size 0 bytes, _printf_char.o(.text))
<BR><BR>[Stack]<UL><LI>Max Depth = 24<LI>Call Chain = _printf_string &rArr; _printf_cs_common &rArr; _printf_str
</UL>
<BR>[Calls]<UL><LI><a href="#[b8]">&gt;&gt;</a>&nbsp;&nbsp;&nbsp;_printf_cs_common
</UL>
<BR>[Called By]<UL><LI><a href="#[a3]">&gt;&gt;</a>&nbsp;&nbsp;&nbsp;_printf_s
</UL>

<P><STRONG><a name="[b3]"></a>_printf_char_file</STRONG> (Thumb, 32 bytes, Stack size 16 bytes, _printf_char_file.o(.text))
<BR><BR>[Stack]<UL><LI>Max Depth = 112 + Unknown Stack Size
<LI>Call Chain = _printf_char_file &rArr; _printf_char_common &rArr; __printf
</UL>
<BR>[Calls]<UL><LI><a href="#[bc]">&gt;&gt;</a>&nbsp;&nbsp;&nbsp;ferror
<LI><a href="#[bb]">&gt;&gt;</a>&nbsp;&nbsp;&nbsp;_printf_char_common
</UL>
<BR>[Called By]<UL><LI><a href="#[b2]">&gt;&gt;</a>&nbsp;&nbsp;&nbsp;__2printf
</UL>

<P><STRONG><a name="[bb]"></a>_printf_char_common</STRONG> (Thumb, 32 bytes, Stack size 64 bytes, _printf_char_common.o(.text))
<BR><BR>[Stack]<UL><LI>Max Depth = 96 + Unknown Stack Size
<LI>Call Chain = _printf_char_common &rArr; __printf
</UL>
<BR>[Calls]<UL><LI><a href="#[b5]">&gt;&gt;</a>&nbsp;&nbsp;&nbsp;__printf
</UL>
<BR>[Called By]<UL><LI><a href="#[b3]">&gt;&gt;</a>&nbsp;&nbsp;&nbsp;_printf_char_file
</UL>

<P><STRONG><a name="[bc]"></a>ferror</STRONG> (Thumb, 8 bytes, Stack size 0 bytes, ferror.o(.text))
<BR><BR>[Called By]<UL><LI><a href="#[b3]">&gt;&gt;</a>&nbsp;&nbsp;&nbsp;_printf_char_file
</UL>

<P><STRONG><a name="[a8]"></a>__user_setup_stackheap</STRONG> (Thumb, 74 bytes, Stack size 8 bytes, sys_stackheap_outer.o(.text))
<BR><BR>[Stack]<UL><LI>Max Depth = 8 + Unknown Stack Size
<LI>Call Chain = __user_setup_stackheap
</UL>
<BR>[Calls]<UL><LI><a href="#[be]">&gt;&gt;</a>&nbsp;&nbsp;&nbsp;__user_initial_stackheap
<LI><a href="#[bd]">&gt;&gt;</a>&nbsp;&nbsp;&nbsp;__user_perproc_libspace
</UL>
<BR>[Called By]<UL><LI><a href="#[a7]">&gt;&gt;</a>&nbsp;&nbsp;&nbsp;__rt_entry_sh
</UL>

<P><STRONG><a name="[ad]"></a>exit</STRONG> (Thumb, 18 bytes, Stack size 8 bytes, exit.o(.text))
<BR><BR>[Stack]<UL><LI>Max Depth = 8 + Unknown Stack Size
<LI>Call Chain = exit
</UL>
<BR>[Calls]<UL><LI><a href="#[bf]">&gt;&gt;</a>&nbsp;&nbsp;&nbsp;__rt_exit
</UL>
<BR>[Called By]<UL><LI><a href="#[ab]">&gt;&gt;</a>&nbsp;&nbsp;&nbsp;__rt_entry_main
</UL>

<P><STRONG><a name="[159]"></a>__user_libspace</STRONG> (Thumb, 8 bytes, Stack size 0 bytes, libspace.o(.text), UNUSED)

<P><STRONG><a name="[bd]"></a>__user_perproc_libspace</STRONG> (Thumb, 0 bytes, Stack size 0 bytes, libspace.o(.text))
<BR><BR>[Called By]<UL><LI><a href="#[a8]">&gt;&gt;</a>&nbsp;&nbsp;&nbsp;__user_setup_stackheap
</UL>

<P><STRONG><a name="[15a]"></a>__user_perthread_libspace</STRONG> (Thumb, 0 bytes, Stack size 0 bytes, libspace.o(.text), UNUSED)

<P><STRONG><a name="[7]"></a>BusFault_Handler</STRONG> (Thumb, 2 bytes, Stack size 0 bytes, stm32h7xx_it.o(i.BusFault_Handler))
<BR><BR>[Calls]<UL><LI><a href="#[7]">&gt;&gt;</a>&nbsp;&nbsp;&nbsp;BusFault_Handler
</UL>
<BR>[Called By]<UL><LI><a href="#[7]">&gt;&gt;</a>&nbsp;&nbsp;&nbsp;BusFault_Handler
</UL>
<BR>[Address Reference Count : 1]<UL><LI> startup_stm32h7b0xx.o(RESET)
</UL>
<P><STRONG><a name="[a]"></a>DebugMon_Handler</STRONG> (Thumb, 2 bytes, Stack size 0 bytes, stm32h7xx_it.o(i.DebugMon_Handler))
<BR>[Address Reference Count : 1]<UL><LI> startup_stm32h7b0xx.o(RESET)
</UL>
<P><STRONG><a name="[35]"></a>EXTI15_10_IRQHandler</STRONG> (Thumb, 8 bytes, Stack size 0 bytes, stm32h7xx_it.o(i.EXTI15_10_IRQHandler))
<BR><BR>[Stack]<UL><LI>Max Depth = 8<LI>Call Chain = EXTI15_10_IRQHandler &rArr; HAL_GPIO_EXTI_IRQHandler
</UL>
<BR>[Calls]<UL><LI><a href="#[c0]">&gt;&gt;</a>&nbsp;&nbsp;&nbsp;HAL_GPIO_EXTI_IRQHandler
</UL>
<BR>[Address Reference Count : 1]<UL><LI> startup_stm32h7b0xx.o(RESET)
</UL>
<P><STRONG><a name="[c1]"></a>Error_Handler</STRONG> (Thumb, 10 bytes, Stack size 0 bytes, main.o(i.Error_Handler))
<BR><BR>[Stack]<UL><LI>Max Depth = 136 + Unknown Stack Size
<LI>Call Chain = Error_Handler &rArr; __2printf &rArr; _printf_char_file &rArr; _printf_char_common &rArr; __printf
</UL>
<BR>[Calls]<UL><LI><a href="#[b2]">&gt;&gt;</a>&nbsp;&nbsp;&nbsp;__2printf
</UL>
<BR>[Called By]<UL><LI><a href="#[110]">&gt;&gt;</a>&nbsp;&nbsp;&nbsp;MX_USART1_UART_Init
<LI><a href="#[10e]">&gt;&gt;</a>&nbsp;&nbsp;&nbsp;MX_TIM4_Init
<LI><a href="#[10d]">&gt;&gt;</a>&nbsp;&nbsp;&nbsp;MX_LTDC_Init
<LI><a href="#[115]">&gt;&gt;</a>&nbsp;&nbsp;&nbsp;SystemClock_Config
</UL>

<P><STRONG><a name="[c2]"></a>GT9XX_ReadReg</STRONG> (Thumb, 84 bytes, Stack size 24 bytes, touch_800x480.o(i.GT9XX_ReadReg))
<BR><BR>[Stack]<UL><LI>Max Depth = 64<LI>Call Chain = GT9XX_ReadReg &rArr; Touch_IIC_ReadByte &rArr; Touch_IIC_NoACK &rArr; Touch_IIC_Delay
</UL>
<BR>[Calls]<UL><LI><a href="#[c5]">&gt;&gt;</a>&nbsp;&nbsp;&nbsp;Touch_IIC_WriteByte
<LI><a href="#[c7]">&gt;&gt;</a>&nbsp;&nbsp;&nbsp;Touch_IIC_Stop
<LI><a href="#[c3]">&gt;&gt;</a>&nbsp;&nbsp;&nbsp;Touch_IIC_Start
<LI><a href="#[c6]">&gt;&gt;</a>&nbsp;&nbsp;&nbsp;Touch_IIC_ReadByte
<LI><a href="#[c4]">&gt;&gt;</a>&nbsp;&nbsp;&nbsp;GT9XX_WriteHandle
</UL>
<BR>[Called By]<UL><LI><a href="#[11b]">&gt;&gt;</a>&nbsp;&nbsp;&nbsp;Touch_Scan
<LI><a href="#[11a]">&gt;&gt;</a>&nbsp;&nbsp;&nbsp;Touch_Init
</UL>

<P><STRONG><a name="[c8]"></a>GT9XX_Reset</STRONG> (Thumb, 84 bytes, Stack size 8 bytes, touch_800x480.o(i.GT9XX_Reset))
<BR><BR>[Stack]<UL><LI>Max Depth = 76<LI>Call Chain = GT9XX_Reset &rArr; Touch_INT_Out &rArr; HAL_GPIO_Init
</UL>
<BR>[Calls]<UL><LI><a href="#[c9]">&gt;&gt;</a>&nbsp;&nbsp;&nbsp;Touch_INT_Out
<LI><a href="#[cc]">&gt;&gt;</a>&nbsp;&nbsp;&nbsp;Touch_INT_In
<LI><a href="#[cb]">&gt;&gt;</a>&nbsp;&nbsp;&nbsp;Touch_IIC_Delay
<LI><a href="#[ca]">&gt;&gt;</a>&nbsp;&nbsp;&nbsp;HAL_GPIO_WritePin
</UL>
<BR>[Called By]<UL><LI><a href="#[11a]">&gt;&gt;</a>&nbsp;&nbsp;&nbsp;Touch_Init
</UL>

<P><STRONG><a name="[cd]"></a>GT9XX_WriteData</STRONG> (Thumb, 32 bytes, Stack size 16 bytes, touch_800x480.o(i.GT9XX_WriteData))
<BR><BR>[Stack]<UL><LI>Max Depth = 56<LI>Call Chain = GT9XX_WriteData &rArr; GT9XX_WriteHandle &rArr; Touch_IIC_WriteByte &rArr; Touch_IIC_WaitACK &rArr; Touch_IIC_Delay
</UL>
<BR>[Calls]<UL><LI><a href="#[c5]">&gt;&gt;</a>&nbsp;&nbsp;&nbsp;Touch_IIC_WriteByte
<LI><a href="#[c7]">&gt;&gt;</a>&nbsp;&nbsp;&nbsp;Touch_IIC_Stop
<LI><a href="#[c3]">&gt;&gt;</a>&nbsp;&nbsp;&nbsp;Touch_IIC_Start
<LI><a href="#[c4]">&gt;&gt;</a>&nbsp;&nbsp;&nbsp;GT9XX_WriteHandle
</UL>
<BR>[Called By]<UL><LI><a href="#[11b]">&gt;&gt;</a>&nbsp;&nbsp;&nbsp;Touch_Scan
</UL>

<P><STRONG><a name="[c4]"></a>GT9XX_WriteHandle</STRONG> (Thumb, 38 bytes, Stack size 8 bytes, touch_800x480.o(i.GT9XX_WriteHandle))
<BR><BR>[Stack]<UL><LI>Max Depth = 40<LI>Call Chain = GT9XX_WriteHandle &rArr; Touch_IIC_WriteByte &rArr; Touch_IIC_WaitACK &rArr; Touch_IIC_Delay
</UL>
<BR>[Calls]<UL><LI><a href="#[c5]">&gt;&gt;</a>&nbsp;&nbsp;&nbsp;Touch_IIC_WriteByte
<LI><a href="#[c3]">&gt;&gt;</a>&nbsp;&nbsp;&nbsp;Touch_IIC_Start
</UL>
<BR>[Called By]<UL><LI><a href="#[cd]">&gt;&gt;</a>&nbsp;&nbsp;&nbsp;GT9XX_WriteData
<LI><a href="#[c2]">&gt;&gt;</a>&nbsp;&nbsp;&nbsp;GT9XX_ReadReg
</UL>

<P><STRONG><a name="[fe]"></a>HAL_DMA_Abort_IT</STRONG> (Thumb, 602 bytes, Stack size 40 bytes, stm32h7xx_hal_dma.o(i.HAL_DMA_Abort_IT))
<BR><BR>[Stack]<UL><LI>Max Depth = 40<LI>Call Chain = HAL_DMA_Abort_IT
</UL>
<BR>[Called By]<UL><LI><a href="#[fc]">&gt;&gt;</a>&nbsp;&nbsp;&nbsp;HAL_UART_IRQHandler
</UL>

<P><STRONG><a name="[ce]"></a>HAL_Delay</STRONG> (Thumb, 32 bytes, Stack size 16 bytes, stm32h7xx_hal.o(i.HAL_Delay))
<BR><BR>[Stack]<UL><LI>Max Depth = 16<LI>Call Chain = HAL_Delay
</UL>
<BR>[Calls]<UL><LI><a href="#[cf]">&gt;&gt;</a>&nbsp;&nbsp;&nbsp;HAL_GetTick
</UL>
<BR>[Called By]<UL><LI><a href="#[ac]">&gt;&gt;</a>&nbsp;&nbsp;&nbsp;main
</UL>

<P><STRONG><a name="[d0]"></a>HAL_GPIO_EXTI_Callback</STRONG> (Thumb, 2 bytes, Stack size 0 bytes, stm32h7xx_hal_gpio.o(i.HAL_GPIO_EXTI_Callback))
<BR><BR>[Called By]<UL><LI><a href="#[c0]">&gt;&gt;</a>&nbsp;&nbsp;&nbsp;HAL_GPIO_EXTI_IRQHandler
</UL>

<P><STRONG><a name="[c0]"></a>HAL_GPIO_EXTI_IRQHandler</STRONG> (Thumb, 24 bytes, Stack size 8 bytes, stm32h7xx_hal_gpio.o(i.HAL_GPIO_EXTI_IRQHandler))
<BR><BR>[Stack]<UL><LI>Max Depth = 8<LI>Call Chain = HAL_GPIO_EXTI_IRQHandler
</UL>
<BR>[Calls]<UL><LI><a href="#[d0]">&gt;&gt;</a>&nbsp;&nbsp;&nbsp;HAL_GPIO_EXTI_Callback
</UL>
<BR>[Called By]<UL><LI><a href="#[35]">&gt;&gt;</a>&nbsp;&nbsp;&nbsp;EXTI15_10_IRQHandler
</UL>

<P><STRONG><a name="[de]"></a>HAL_GPIO_Init</STRONG> (Thumb, 510 bytes, Stack size 44 bytes, stm32h7xx_hal_gpio.o(i.HAL_GPIO_Init))
<BR><BR>[Stack]<UL><LI>Max Depth = 44<LI>Call Chain = HAL_GPIO_Init
</UL>
<BR>[Called By]<UL><LI><a href="#[105]">&gt;&gt;</a>&nbsp;&nbsp;&nbsp;HAL_UART_MspInit
<LI><a href="#[ec]">&gt;&gt;</a>&nbsp;&nbsp;&nbsp;HAL_TIM_MspPostInit
<LI><a href="#[dc]">&gt;&gt;</a>&nbsp;&nbsp;&nbsp;HAL_LTDC_MspInit
<LI><a href="#[10c]">&gt;&gt;</a>&nbsp;&nbsp;&nbsp;MX_GPIO_Init
<LI><a href="#[c9]">&gt;&gt;</a>&nbsp;&nbsp;&nbsp;Touch_INT_Out
<LI><a href="#[cc]">&gt;&gt;</a>&nbsp;&nbsp;&nbsp;Touch_INT_In
<LI><a href="#[117]">&gt;&gt;</a>&nbsp;&nbsp;&nbsp;Touch_IIC_GPIO_Config
<LI><a href="#[112]">&gt;&gt;</a>&nbsp;&nbsp;&nbsp;PanelRecognition
</UL>

<P><STRONG><a name="[113]"></a>HAL_GPIO_ReadPin</STRONG> (Thumb, 10 bytes, Stack size 0 bytes, stm32h7xx_hal_gpio.o(i.HAL_GPIO_ReadPin))
<BR><BR>[Called By]<UL><LI><a href="#[119]">&gt;&gt;</a>&nbsp;&nbsp;&nbsp;Touch_IIC_WaitACK
<LI><a href="#[c6]">&gt;&gt;</a>&nbsp;&nbsp;&nbsp;Touch_IIC_ReadByte
<LI><a href="#[112]">&gt;&gt;</a>&nbsp;&nbsp;&nbsp;PanelRecognition
</UL>

<P><STRONG><a name="[ca]"></a>HAL_GPIO_WritePin</STRONG> (Thumb, 10 bytes, Stack size 0 bytes, stm32h7xx_hal_gpio.o(i.HAL_GPIO_WritePin))
<BR><BR>[Called By]<UL><LI><a href="#[10c]">&gt;&gt;</a>&nbsp;&nbsp;&nbsp;MX_GPIO_Init
<LI><a href="#[119]">&gt;&gt;</a>&nbsp;&nbsp;&nbsp;Touch_IIC_WaitACK
<LI><a href="#[118]">&gt;&gt;</a>&nbsp;&nbsp;&nbsp;Touch_IIC_NoACK
<LI><a href="#[116]">&gt;&gt;</a>&nbsp;&nbsp;&nbsp;Touch_IIC_ACK
<LI><a href="#[c5]">&gt;&gt;</a>&nbsp;&nbsp;&nbsp;Touch_IIC_WriteByte
<LI><a href="#[c7]">&gt;&gt;</a>&nbsp;&nbsp;&nbsp;Touch_IIC_Stop
<LI><a href="#[c3]">&gt;&gt;</a>&nbsp;&nbsp;&nbsp;Touch_IIC_Start
<LI><a href="#[c6]">&gt;&gt;</a>&nbsp;&nbsp;&nbsp;Touch_IIC_ReadByte
<LI><a href="#[117]">&gt;&gt;</a>&nbsp;&nbsp;&nbsp;Touch_IIC_GPIO_Config
<LI><a href="#[c8]">&gt;&gt;</a>&nbsp;&nbsp;&nbsp;GT9XX_Reset
</UL>

<P><STRONG><a name="[cf]"></a>HAL_GetTick</STRONG> (Thumb, 6 bytes, Stack size 0 bytes, stm32h7xx_hal.o(i.HAL_GetTick))
<BR><BR>[Called By]<UL><LI><a href="#[e9]">&gt;&gt;</a>&nbsp;&nbsp;&nbsp;HAL_RCC_OscConfig
<LI><a href="#[e6]">&gt;&gt;</a>&nbsp;&nbsp;&nbsp;HAL_RCC_ClockConfig
<LI><a href="#[e3]">&gt;&gt;</a>&nbsp;&nbsp;&nbsp;HAL_RCCEx_PeriphCLKConfig
<LI><a href="#[e0]">&gt;&gt;</a>&nbsp;&nbsp;&nbsp;HAL_PWREx_ConfigSupply
<LI><a href="#[ce]">&gt;&gt;</a>&nbsp;&nbsp;&nbsp;HAL_Delay
<LI><a href="#[ac]">&gt;&gt;</a>&nbsp;&nbsp;&nbsp;main
<LI><a href="#[e5]">&gt;&gt;</a>&nbsp;&nbsp;&nbsp;RCCEx_PLL3_Config
<LI><a href="#[e4]">&gt;&gt;</a>&nbsp;&nbsp;&nbsp;RCCEx_PLL2_Config
<LI><a href="#[10a]">&gt;&gt;</a>&nbsp;&nbsp;&nbsp;HAL_UART_Transmit
<LI><a href="#[10b]">&gt;&gt;</a>&nbsp;&nbsp;&nbsp;UART_WaitOnFlagUntilTimeout
<LI><a href="#[108]">&gt;&gt;</a>&nbsp;&nbsp;&nbsp;UART_CheckIdleState
</UL>

<P><STRONG><a name="[114]"></a>HAL_IncTick</STRONG> (Thumb, 12 bytes, Stack size 0 bytes, stm32h7xx_hal.o(i.HAL_IncTick))
<BR><BR>[Called By]<UL><LI><a href="#[c]">&gt;&gt;</a>&nbsp;&nbsp;&nbsp;SysTick_Handler
</UL>

<P><STRONG><a name="[d1]"></a>HAL_Init</STRONG> (Thumb, 74 bytes, Stack size 8 bytes, stm32h7xx_hal.o(i.HAL_Init))
<BR><BR>[Stack]<UL><LI>Max Depth = 40<LI>Call Chain = HAL_Init &rArr; HAL_InitTick &rArr; HAL_NVIC_SetPriority
</UL>
<BR>[Calls]<UL><LI><a href="#[d4]">&gt;&gt;</a>&nbsp;&nbsp;&nbsp;HAL_InitTick
<LI><a href="#[d3]">&gt;&gt;</a>&nbsp;&nbsp;&nbsp;HAL_RCC_GetSysClockFreq
<LI><a href="#[d2]">&gt;&gt;</a>&nbsp;&nbsp;&nbsp;HAL_NVIC_SetPriorityGrouping
<LI><a href="#[d5]">&gt;&gt;</a>&nbsp;&nbsp;&nbsp;HAL_MspInit
</UL>
<BR>[Called By]<UL><LI><a href="#[ac]">&gt;&gt;</a>&nbsp;&nbsp;&nbsp;main
</UL>

<P><STRONG><a name="[d4]"></a>HAL_InitTick</STRONG> (Thumb, 56 bytes, Stack size 16 bytes, stm32h7xx_hal.o(i.HAL_InitTick))
<BR><BR>[Stack]<UL><LI>Max Depth = 32<LI>Call Chain = HAL_InitTick &rArr; HAL_NVIC_SetPriority
</UL>
<BR>[Calls]<UL><LI><a href="#[d7]">&gt;&gt;</a>&nbsp;&nbsp;&nbsp;HAL_NVIC_SetPriority
<LI><a href="#[d6]">&gt;&gt;</a>&nbsp;&nbsp;&nbsp;HAL_SYSTICK_Config
</UL>
<BR>[Called By]<UL><LI><a href="#[e6]">&gt;&gt;</a>&nbsp;&nbsp;&nbsp;HAL_RCC_ClockConfig
<LI><a href="#[d1]">&gt;&gt;</a>&nbsp;&nbsp;&nbsp;HAL_Init
</UL>

<P><STRONG><a name="[d8]"></a>HAL_LTDC_ConfigLayer</STRONG> (Thumb, 82 bytes, Stack size 24 bytes, stm32h7xx_hal_ltdc.o(i.HAL_LTDC_ConfigLayer))
<BR><BR>[Stack]<UL><LI>Max Depth = 72<LI>Call Chain = HAL_LTDC_ConfigLayer &rArr; LTDC_SetConfig
</UL>
<BR>[Calls]<UL><LI><a href="#[d9]">&gt;&gt;</a>&nbsp;&nbsp;&nbsp;__aeabi_memcpy4
<LI><a href="#[da]">&gt;&gt;</a>&nbsp;&nbsp;&nbsp;LTDC_SetConfig
</UL>
<BR>[Called By]<UL><LI><a href="#[10d]">&gt;&gt;</a>&nbsp;&nbsp;&nbsp;MX_LTDC_Init
</UL>

<P><STRONG><a name="[db]"></a>HAL_LTDC_Init</STRONG> (Thumb, 242 bytes, Stack size 24 bytes, stm32h7xx_hal_ltdc.o(i.HAL_LTDC_Init))
<BR><BR>[Stack]<UL><LI>Max Depth = 116<LI>Call Chain = HAL_LTDC_Init &rArr; HAL_LTDC_MspInit &rArr; HAL_GPIO_Init
</UL>
<BR>[Calls]<UL><LI><a href="#[dc]">&gt;&gt;</a>&nbsp;&nbsp;&nbsp;HAL_LTDC_MspInit
</UL>
<BR>[Called By]<UL><LI><a href="#[10d]">&gt;&gt;</a>&nbsp;&nbsp;&nbsp;MX_LTDC_Init
</UL>

<P><STRONG><a name="[dc]"></a>HAL_LTDC_MspInit</STRONG> (Thumb, 258 bytes, Stack size 48 bytes, ltdc.o(i.HAL_LTDC_MspInit))
<BR><BR>[Stack]<UL><LI>Max Depth = 92<LI>Call Chain = HAL_LTDC_MspInit &rArr; HAL_GPIO_Init
</UL>
<BR>[Calls]<UL><LI><a href="#[de]">&gt;&gt;</a>&nbsp;&nbsp;&nbsp;HAL_GPIO_Init
<LI><a href="#[dd]">&gt;&gt;</a>&nbsp;&nbsp;&nbsp;__aeabi_memclr4
</UL>
<BR>[Called By]<UL><LI><a href="#[db]">&gt;&gt;</a>&nbsp;&nbsp;&nbsp;HAL_LTDC_Init
</UL>

<P><STRONG><a name="[126]"></a>HAL_MPU_ConfigRegion</STRONG> (Thumb, 86 bytes, Stack size 20 bytes, stm32h7xx_hal_cortex.o(i.HAL_MPU_ConfigRegion))
<BR><BR>[Stack]<UL><LI>Max Depth = 20<LI>Call Chain = HAL_MPU_ConfigRegion
</UL>
<BR>[Called By]<UL><LI><a href="#[ac]">&gt;&gt;</a>&nbsp;&nbsp;&nbsp;main
</UL>

<P><STRONG><a name="[125]"></a>HAL_MPU_Disable</STRONG> (Thumb, 24 bytes, Stack size 0 bytes, stm32h7xx_hal_cortex.o(i.HAL_MPU_Disable))
<BR><BR>[Called By]<UL><LI><a href="#[ac]">&gt;&gt;</a>&nbsp;&nbsp;&nbsp;main
</UL>

[...]
</UL>
<BR>[Called By]<UL><LI><a href="#[ed]">&gt;&gt;</a>&nbsp;&nbsp;&nbsp;HAL_TIM_PWM_ConfigChannel
</UL>

<P><STRONG><a name="[116]"></a>Touch_IIC_ACK</STRONG> (Thumb, 82 bytes, Stack size 8 bytes, touch_iic.o(i.Touch_IIC_ACK))
<BR><BR>[Stack]<UL><LI>Max Depth = 16<LI>Call Chain = Touch_IIC_ACK &rArr; Touch_IIC_Delay
</UL>
<BR>[Calls]<UL><LI><a href="#[cb]">&gt;&gt;</a>&nbsp;&nbsp;&nbsp;Touch_IIC_Delay
<LI><a href="#[ca]">&gt;&gt;</a>&nbsp;&nbsp;&nbsp;HAL_GPIO_WritePin
</UL>
<BR>[Called By]<UL><LI><a href="#[c6]">&gt;&gt;</a>&nbsp;&nbsp;&nbsp;Touch_IIC_ReadByte
</UL>

<P><STRONG><a name="[cb]"></a>Touch_IIC_Delay</STRONG> (Thumb, 40 bytes, Stack size 8 bytes, touch_iic.o(i.Touch_IIC_Delay))
<BR><BR>[Stack]<UL><LI>Max Depth = 8<LI>Call Chain = Touch_IIC_Delay
</UL>
<BR>[Called By]<UL><LI><a href="#[119]">&gt;&gt;</a>&nbsp;&nbsp;&nbsp;Touch_IIC_WaitACK
<LI><a href="#[118]">&gt;&gt;</a>&nbsp;&nbsp;&nbsp;Touch_IIC_NoACK
<LI><a href="#[116]">&gt;&gt;</a>&nbsp;&nbsp;&nbsp;Touch_IIC_ACK
<LI><a href="#[c5]">&gt;&gt;</a>&nbsp;&nbsp;&nbsp;Touch_IIC_WriteByte
<LI><a href="#[c7]">&gt;&gt;</a>&nbsp;&nbsp;&nbsp;Touch_IIC_Stop
<LI><a href="#[c3]">&gt;&gt;</a>&nbsp;&nbsp;&nbsp;Touch_IIC_Start
<LI><a href="#[c6]">&gt;&gt;</a>&nbsp;&nbsp;&nbsp;Touch_IIC_ReadByte
<LI><a href="#[112]">&gt;&gt;</a>&nbsp;&nbsp;&nbsp;PanelRecognition
<LI><a href="#[c8]">&gt;&gt;</a>&nbsp;&nbsp;&nbsp;GT9XX_Reset
</UL>

<P><STRONG><a name="[117]"></a>Touch_IIC_GPIO_Config</STRONG> (Thumb, 188 bytes, Stack size 32 bytes, touch_iic.o(i.Touch_IIC_GPIO_Config))
<BR><BR>[Stack]<UL><LI>Max Depth = 76<LI>Call Chain = Touch_IIC_GPIO_Config &rArr; HAL_GPIO_Init
</UL>
<BR>[Calls]<UL><LI><a href="#[ca]">&gt;&gt;</a>&nbsp;&nbsp;&nbsp;HAL_GPIO_WritePin
<LI><a href="#[de]">&gt;&gt;</a>&nbsp;&nbsp;&nbsp;HAL_GPIO_Init
<LI><a href="#[dd]">&gt;&gt;</a>&nbsp;&nbsp;&nbsp;__aeabi_memclr4
</UL>
<BR>[Called By]<UL><LI><a href="#[11a]">&gt;&gt;</a>&nbsp;&nbsp;&nbsp;Touch_Init
</UL>

<P><STRONG><a name="[118]"></a>Touch_IIC_NoACK</STRONG> (Thumb, 72 bytes, Stack size 8 bytes, touch_iic.o(i.Touch_IIC_NoACK))
<BR><BR>[Stack]<UL><LI>Max Depth = 16<LI>Call Chain = Touch_IIC_NoACK &rArr; Touch_IIC_Delay
</UL>
<BR>[Calls]<UL><LI><a href="#[cb]">&gt;&gt;</a>&nbsp;&nbsp;&nbsp;Touch_IIC_Delay
<LI><a href="#[ca]">&gt;&gt;</a>&nbsp;&nbsp;&nbsp;HAL_GPIO_WritePin
</UL>
<BR>[Called By]<UL><LI><a href="#[c6]">&gt;&gt;</a>&nbsp;&nbsp;&nbsp;Touch_IIC_ReadByte
</UL>

<P><STRONG><a name="[c6]"></a>Touch_IIC_ReadByte</STRONG> (Thumb, 92 bytes, Stack size 24 bytes, touch_iic.o(i.Touch_IIC_ReadByte))
<BR><BR>[Stack]<UL><LI>Max Depth = 40<LI>Call Chain = Touch_IIC_ReadByte &rArr; Touch_IIC_NoACK &rArr; Touch_IIC_Delay
</UL>
<BR>[Calls]<UL><LI><a href="#[118]">&gt;&gt;</a>&nbsp;&nbsp;&nbsp;Touch_IIC_NoACK
<LI><a href="#[116]">&gt;&gt;</a>&nbsp;&nbsp;&nbsp;Touch_IIC_ACK
<LI><a href="#[cb]">&gt;&gt;</a>&nbsp;&nbsp;&nbsp;Touch_IIC_Delay
<LI><a href="#[ca]">&gt;&gt;</a>&nbsp;&nbsp;&nbsp;HAL_GPIO_WritePin
<LI><a href="#[113]">&gt;&gt;</a>&nbsp;&nbsp;&nbsp;HAL_GPIO_ReadPin
</UL>
<BR>[Called By]<UL><LI><a href="#[c2]">&gt;&gt;</a>&nbsp;&nbsp;&nbsp;GT9XX_ReadReg
</UL>

<P><STRONG><a name="[c3]"></a>Touch_IIC_Start</STRONG> (Thumb, 66 bytes, Stack size 8 bytes, touch_iic.o(i.Touch_IIC_Start))
<BR><BR>[Stack]<UL><LI>Max Depth = 16<LI>Call Chain = Touch_IIC_Start &rArr; Touch_IIC_Delay
</UL>
<BR>[Calls]<UL><LI><a href="#[cb]">&gt;&gt;</a>&nbsp;&nbsp;&nbsp;Touch_IIC_Delay
<LI><a href="#[ca]">&gt;&gt;</a>&nbsp;&nbsp;&nbsp;HAL_GPIO_WritePin
</UL>
<BR>[Called By]<UL><LI><a href="#[c4]">&gt;&gt;</a>&nbsp;&nbsp;&nbsp;GT9XX_WriteHandle
<LI><a href="#[cd]">&gt;&gt;</a>&nbsp;&nbsp;&nbsp;GT9XX_WriteData
<LI><a href="#[c2]">&gt;&gt;</a>&nbsp;&nbsp;&nbsp;GT9XX_ReadReg
</UL>

<P><STRONG><a name="[c7]"></a>Touch_IIC_Stop</STRONG> (Thumb, 72 bytes, Stack size 8 bytes, touch_iic.o(i.Touch_IIC_Stop))
<BR><BR>[Stack]<UL><LI>Max Depth = 16<LI>Call Chain = Touch_IIC_Stop &rArr; Touch_IIC_Delay
</UL>
<BR>[Calls]<UL><LI><a href="#[cb]">&gt;&gt;</a>&nbsp;&nbsp;&nbsp;Touch_IIC_Delay
<LI><a href="#[ca]">&gt;&gt;</a>&nbsp;&nbsp;&nbsp;HAL_GPIO_WritePin
</UL>
<BR>[Called By]<UL><LI><a href="#[cd]">&gt;&gt;</a>&nbsp;&nbsp;&nbsp;GT9XX_WriteData
<LI><a href="#[c2]">&gt;&gt;</a>&nbsp;&nbsp;&nbsp;GT9XX_ReadReg
</UL>

<P><STRONG><a name="[119]"></a>Touch_IIC_WaitACK</STRONG> (Thumb, 86 bytes, Stack size 8 bytes, touch_iic.o(i.Touch_IIC_WaitACK))
<BR><BR>[Stack]<UL><LI>Max Depth = 16<LI>Call Chain = Touch_IIC_WaitACK &rArr; Touch_IIC_Delay
</UL>
<BR>[Calls]<UL><LI><a href="#[cb]">&gt;&gt;</a>&nbsp;&nbsp;&nbsp;Touch_IIC_Delay
<LI><a href="#[ca]">&gt;&gt;</a>&nbsp;&nbsp;&nbsp;HAL_GPIO_WritePin
<LI><a href="#[113]">&gt;&gt;</a>&nbsp;&nbsp;&nbsp;HAL_GPIO_ReadPin
</UL>
<BR>[Called By]<UL><LI><a href="#[c5]">&gt;&gt;</a>&nbsp;&nbsp;&nbsp;Touch_IIC_WriteByte
</UL>

<P><STRONG><a name="[c5]"></a>Touch_IIC_WriteByte</STRONG> (Thumb, 92 bytes, Stack size 16 bytes, touch_iic.o(i.Touch_IIC_WriteByte))
<BR><BR>[Stack]<UL><LI>Max Depth = 32<LI>Call Chain = Touch_IIC_WriteByte &rArr; Touch_IIC_WaitACK &rArr; Touch_IIC_Delay
</UL>
<BR>[Calls]<UL><LI><a href="#[119]">&gt;&gt;</a>&nbsp;&nbsp;&nbsp;Touch_IIC_WaitACK
<LI><a href="#[cb]">&gt;&gt;</a>&nbsp;&nbsp;&nbsp;Touch_IIC_Delay
<LI><a href="#[ca]">&gt;&gt;</a>&nbsp;&nbsp;&nbsp;HAL_GPIO_WritePin
</UL>
<BR>[Called By]<UL><LI><a href="#[c4]">&gt;&gt;</a>&nbsp;&nbsp;&nbsp;GT9XX_WriteHandle
<LI><a href="#[cd]">&gt;&gt;</a>&nbsp;&nbsp;&nbsp;GT9XX_WriteData
<LI><a href="#[c2]">&gt;&gt;</a>&nbsp;&nbsp;&nbsp;GT9XX_ReadReg
</UL>

<P><STRONG><a name="[cc]"></a>Touch_INT_In</STRONG> (Thumb, 36 bytes, Stack size 24 bytes, touch_iic.o(i.Touch_INT_In))
<BR><BR>[Stack]<UL><LI>Max Depth = 68<LI>Call Chain = Touch_INT_In &rArr; HAL_GPIO_Init
</UL>
<BR>[Calls]<UL><LI><a href="#[de]">&gt;&gt;</a>&nbsp;&nbsp;&nbsp;HAL_GPIO_Init
<LI><a href="#[dd]">&gt;&gt;</a>&nbsp;&nbsp;&nbsp;__aeabi_memclr4
</UL>
<BR>[Called By]<UL><LI><a href="#[c8]">&gt;&gt;</a>&nbsp;&nbsp;&nbsp;GT9XX_Reset
</UL>

<P><STRONG><a name="[c9]"></a>Touch_INT_Out</STRONG> (Thumb, 38 bytes, Stack size 24 bytes, touch_iic.o(i.Touch_INT_Out))
<BR><BR>[Stack]<UL><LI>Max Depth = 68<LI>Call Chain = Touch_INT_Out &rArr; HAL_GPIO_Init
</UL>
<BR>[Calls]<UL><LI><a href="#[de]">&gt;&gt;</a>&nbsp;&nbsp;&nbsp;HAL_GPIO_Init
<LI><a href="#[dd]">&gt;&gt;</a>&nbsp;&nbsp;&nbsp;__aeabi_memclr4
</UL>
<BR>[Called By]<UL><LI><a href="#[c8]">&gt;&gt;</a>&nbsp;&nbsp;&nbsp;GT9XX_Reset
</UL>

<P><STRONG><a name="[11a]"></a>Touch_Init</STRONG> (Thumb, 170 bytes, Stack size 24 bytes, touch_800x480.o(i.Touch_Init))
<BR><BR>[Stack]<UL><LI>Max Depth = 160 + Unknown Stack Size
<LI>Call Chain = Touch_Init &rArr; __2printf &rArr; _printf_char_file &rArr; _printf_char_common &rArr; __printf
</UL>
<BR>[Calls]<UL><LI><a href="#[117]">&gt;&gt;</a>&nbsp;&nbsp;&nbsp;Touch_IIC_GPIO_Config
<LI><a href="#[112]">&gt;&gt;</a>&nbsp;&nbsp;&nbsp;PanelRecognition
<LI><a href="#[c8]">&gt;&gt;</a>&nbsp;&nbsp;&nbsp;GT9XX_Reset
<LI><a href="#[c2]">&gt;&gt;</a>&nbsp;&nbsp;&nbsp;GT9XX_ReadReg
<LI><a href="#[b2]">&gt;&gt;</a>&nbsp;&nbsp;&nbsp;__2printf
</UL>
<BR>[Called By]<UL><LI><a href="#[ac]">&gt;&gt;</a>&nbsp;&nbsp;&nbsp;main
</UL>

<P><STRONG><a name="[11b]"></a>Touch_Scan</STRONG> (Thumb, 158 bytes, Stack size 56 bytes, touch_800x480.o(i.Touch_Scan))
<BR><BR>[Stack]<UL><LI>Max Depth = 120<LI>Call Chain = Touch_Scan &rArr; GT9XX_ReadReg &rArr; Touch_IIC_ReadByte &rArr; Touch_IIC_NoACK &rArr; Touch_IIC_Delay
</UL>
<BR>[Calls]<UL><LI><a href="#[cd]">&gt;&gt;</a>&nbsp;&nbsp;&nbsp;GT9XX_WriteData
<LI><a href="#[c2]">&gt;&gt;</a>&nbsp;&nbsp;&nbsp;GT9XX_ReadReg
</UL>
<BR>[Called By]<UL><LI><a href="#[ac]">&gt;&gt;</a>&nbsp;&nbsp;&nbsp;main
</UL>

<P><STRONG><a name="[107]"></a>UART_AdvFeatureConfig</STRONG> (Thumb, 200 bytes, Stack size 0 bytes, stm32h7xx_hal_uart.o(i.UART_AdvFeatureConfig))
<BR><BR>[Called By]<UL><LI><a href="#[104]">&gt;&gt;</a>&nbsp;&nbsp;&nbsp;HAL_UART_Init
</UL>

<P><STRONG><a name="[108]"></a>UART_CheckIdleState</STRONG> (Thumb, 94 bytes, Stack size 24 bytes, stm32h7xx_hal_uart.o(i.UART_CheckIdleState))
<BR><BR>[Stack]<UL><LI>Max Depth = 56<LI>Call Chain = UART_CheckIdleState &rArr; UART_WaitOnFlagUntilTimeout
</UL>
<BR>[Calls]<UL><LI><a href="#[cf]">&gt;&gt;</a>&nbsp;&nbsp;&nbsp;HAL_GetTick
<LI><a href="#[10b]">&gt;&gt;</a>&nbsp;&nbsp;&nbsp;UART_WaitOnFlagUntilTimeout
</UL>
<BR>[Called By]<UL><LI><a href="#[104]">&gt;&gt;</a>&nbsp;&nbsp;&nbsp;HAL_UART_Init
</UL>

<P><STRONG><a name="[106]"></a>UART_SetConfig</STRONG> (Thumb, 916 bytes, Stack size 56 bytes, stm32h7xx_hal_uart.o(i.UART_SetConfig))
<BR><BR>[Stack]<UL><LI>Max Depth = 104<LI>Call Chain = UART_SetConfig &rArr; __aeabi_uldivmod
</UL>
<BR>[Calls]<UL><LI><a href="#[11d]">&gt;&gt;</a>&nbsp;&nbsp;&nbsp;HAL_RCCEx_GetPLL3ClockFreq
<LI><a href="#[11c]">&gt;&gt;</a>&nbsp;&nbsp;&nbsp;HAL_RCCEx_GetPLL2ClockFreq
<LI><a href="#[e1]">&gt;&gt;</a>&nbsp;&nbsp;&nbsp;HAL_RCCEx_GetD3PCLK1Freq
<LI><a href="#[e8]">&gt;&gt;</a>&nbsp;&nbsp;&nbsp;HAL_RCC_GetPCLK2Freq
<LI><a href="#[e7]">&gt;&gt;</a>&nbsp;&nbsp;&nbsp;HAL_RCC_GetPCLK1Freq
<LI><a href="#[11e]">&gt;&gt;</a>&nbsp;&nbsp;&nbsp;__aeabi_uldivmod
</UL>
<BR>[Called By]<UL><LI><a href="#[104]">&gt;&gt;</a>&nbsp;&nbsp;&nbsp;HAL_UART_Init
</UL>

<P><STRONG><a name="[10b]"></a>UART_WaitOnFlagUntilTimeout</STRONG> (Thumb, 164 bytes, Stack size 32 bytes, stm32h7xx_hal_uart.o(i.UART_WaitOnFlagUntilTimeout))
<BR><BR>[Stack]<UL><LI>Max Depth = 32<LI>Call Chain = UART_WaitOnFlagUntilTimeout
</UL>
<BR>[Calls]<UL><LI><a href="#[cf]">&gt;&gt;</a>&nbsp;&nbsp;&nbsp;HAL_GetTick
</UL>
<BR>[Called By]<UL><LI><a href="#[10a]">&gt;&gt;</a>&nbsp;&nbsp;&nbsp;HAL_UART_Transmit
<LI><a href="#[108]">&gt;&gt;</a>&nbsp;&nbsp;&nbsp;UART_CheckIdleState
</UL>

<P><STRONG><a name="[32]"></a>USART1_IRQHandler</STRONG> (Thumb, 6 bytes, Stack size 0 bytes, stm32h7xx_it.o(i.USART1_IRQHandler))
<BR><BR>[Stack]<UL><LI>Max Depth = 64<LI>Call Chain = USART1_IRQHandler &rArr; HAL_UART_IRQHandler &rArr; HAL_DMA_Abort_IT
</UL>
<BR>[Calls]<UL><LI><a href="#[fc]">&gt;&gt;</a>&nbsp;&nbsp;&nbsp;HAL_UART_IRQHandler
</UL>
<BR>[Address Reference Count : 1]<UL><LI> startup_stm32h7b0xx.o(RESET)
</UL>
<P><STRONG><a name="[8]"></a>UsageFault_Handler</STRONG> (Thumb, 2 bytes, Stack size 0 bytes, stm32h7xx_it.o(i.UsageFault_Handler))
<BR><BR>[Calls]<UL><LI><a href="#[8]">&gt;&gt;</a>&nbsp;&nbsp;&nbsp;UsageFault_Handler
</UL>
<BR>[Called By]<UL><LI><a href="#[8]">&gt;&gt;</a>&nbsp;&nbsp;&nbsp;UsageFault_Handler
</UL>
<BR>[Address Reference Count : 1]<UL><LI> startup_stm32h7b0xx.o(RESET)
</UL>
<P><STRONG><a name="[11f]"></a>Usart_SendString</STRONG> (Thumb, 32 bytes, Stack size 16 bytes, soft_user.o(i.Usart_SendString))
<BR><BR>[Stack]<UL><LI>Max Depth = 80<LI>Call Chain = Usart_SendString &rArr; HAL_UART_Transmit &rArr; UART_WaitOnFlagUntilTimeout
</UL>
<BR>[Calls]<UL><LI><a href="#[10a]">&gt;&gt;</a>&nbsp;&nbsp;&nbsp;HAL_UART_Transmit
</UL>
<BR>[Called By]<UL><LI><a href="#[ac]">&gt;&gt;</a>&nbsp;&nbsp;&nbsp;main
</UL>

<P><STRONG><a name="[b6]"></a>_is_digit</STRONG> (Thumb, 14 bytes, Stack size 0 bytes, __printf_wp.o(i._is_digit))
<BR><BR>[Called By]<UL><LI><a href="#[b5]">&gt;&gt;</a>&nbsp;&nbsp;&nbsp;__printf
</UL>

<P><STRONG><a name="[b1]"></a>_sys_exit</STRONG> (Thumb, 2 bytes, Stack size 0 bytes, soft_user.o(i._sys_exit))
<BR><BR>[Called By]<UL><LI><a href="#[b0]">&gt;&gt;</a>&nbsp;&nbsp;&nbsp;__rt_exit_exit
</UL>

<P><STRONG><a name="[123]"></a>color_change</STRONG> (Thumb, 28 bytes, Stack size 0 bytes, lcd_ltdc.o(i.color_change))
<BR><BR>[Called By]<UL><LI><a href="#[122]">&gt;&gt;</a>&nbsp;&nbsp;&nbsp;lcd_fill0
</UL>

<P><STRONG><a name="[120]"></a>color_fill</STRONG> (Thumb, 152 bytes, Stack size 32 bytes, lcd_ltdc.o(i.color_fill))
<BR><BR>[Stack]<UL><LI>Max Depth = 40<LI>Call Chain = color_fill &rArr; lcd_draw_point
</UL>
<BR>[Calls]<UL><LI><a href="#[121]">&gt;&gt;</a>&nbsp;&nbsp;&nbsp;lcd_draw_point
</UL>
<BR>[Called By]<UL><LI><a href="#[ac]">&gt;&gt;</a>&nbsp;&nbsp;&nbsp;main
</UL>

<P><STRONG><a name="[97]"></a>fputc</STRONG> (Thumb, 18 bytes, Stack size 16 bytes, soft_user.o(i.fputc))
<BR><BR>[Stack]<UL><LI>Max Depth = 80<LI>Call Chain = fputc &rArr; HAL_UART_Transmit &rArr; UART_WaitOnFlagUntilTimeout
</UL>
<BR>[Calls]<UL><LI><a href="#[10a]">&gt;&gt;</a>&nbsp;&nbsp;&nbsp;HAL_UART_Transmit
</UL>
<BR>[Address Reference Count : 1]<UL><LI> _printf_char_file.o(.text)
</UL>
<P><STRONG><a name="[121]"></a>lcd_draw_point</STRONG> (Thumb, 36 bytes, Stack size 8 bytes, lcd_ltdc.o(i.lcd_draw_point))
<BR><BR>[Stack]<UL><LI>Max Depth = 8<LI>Call Chain = lcd_draw_point
</UL>
<BR>[Called By]<UL><LI><a href="#[120]">&gt;&gt;</a>&nbsp;&nbsp;&nbsp;color_fill
</UL>

<P><STRONG><a name="[122]"></a>lcd_fill0</STRONG> (Thumb, 58 bytes, Stack size 32 bytes, lcd_ltdc.o(i.lcd_fill0))
<BR><BR>[Stack]<UL><LI>Max Depth = 52<LI>Call Chain = lcd_fill0 &rArr; _DMA2D_Fill
</UL>
<BR>[Calls]<UL><LI><a href="#[123]">&gt;&gt;</a>&nbsp;&nbsp;&nbsp;color_change
<LI><a href="#[124]">&gt;&gt;</a>&nbsp;&nbsp;&nbsp;_DMA2D_Fill
</UL>
<BR>[Called By]<UL><LI><a href="#[ac]">&gt;&gt;</a>&nbsp;&nbsp;&nbsp;main
</UL>

<P><STRONG><a name="[ac]"></a>main</STRONG> (Thumb, 332 bytes, Stack size 24 bytes, main.o(i.main))
<BR><BR>[Stack]<UL><LI>Max Depth = 480 + Unknown Stack Size
<LI>Call Chain = main &rArr; SystemClock_Config &rArr; Error_Handler &rArr; __2printf &rArr; _printf_char_file &rArr; _printf_char_common &rArr; __printf
</UL>
<BR>[Calls]<UL><LI><a href="#[122]">&gt;&gt;</a>&nbsp;&nbsp;&nbsp;lcd_fill0
<LI><a href="#[120]">&gt;&gt;</a>&nbsp;&nbsp;&nbsp;color_fill
<LI><a href="#[11f]">&gt;&gt;</a>&nbsp;&nbsp;&nbsp;Usart_SendString
<LI><a href="#[110]">&gt;&gt;</a>&nbsp;&nbsp;&nbsp;MX_USART1_UART_Init
<LI><a href="#[10e]">&gt;&gt;</a>&nbsp;&nbsp;&nbsp;MX_TIM4_Init
<LI><a href="#[10d]">&gt;&gt;</a>&nbsp;&nbsp;&nbsp;MX_LTDC_Init
<LI><a href="#[10c]">&gt;&gt;</a>&nbsp;&nbsp;&nbsp;MX_GPIO_Init
<LI><a href="#[f7]">&gt;&gt;</a>&nbsp;&nbsp;&nbsp;HAL_TIM_PWM_Start
<LI><a href="#[127]">&gt;&gt;</a>&nbsp;&nbsp;&nbsp;HAL_MPU_Enable
<LI><a href="#[125]">&gt;&gt;</a>&nbsp;&nbsp;&nbsp;HAL_MPU_Disable
<LI><a href="#[126]">&gt;&gt;</a>&nbsp;&nbsp;&nbsp;HAL_MPU_ConfigRegion
<LI><a href="#[d1]">&gt;&gt;</a>&nbsp;&nbsp;&nbsp;HAL_Init
<LI><a href="#[cf]">&gt;&gt;</a>&nbsp;&nbsp;&nbsp;HAL_GetTick
<LI><a href="#[ce]">&gt;&gt;</a>&nbsp;&nbsp;&nbsp;HAL_Delay
<LI><a href="#[115]">&gt;&gt;</a>&nbsp;&nbsp;&nbsp;SystemClock_Config
<LI><a href="#[11b]">&gt;&gt;</a>&nbsp;&nbsp;&nbsp;Touch_Scan
<LI><a href="#[11a]">&gt;&gt;</a>&nbsp;&nbsp;&nbsp;Touch_Init
<LI><a href="#[b2]">&gt;&gt;</a>&nbsp;&nbsp;&nbsp;__2printf
</UL>
<BR>[Called By]<UL><LI><a href="#[ab]">&gt;&gt;</a>&nbsp;&nbsp;&nbsp;__rt_entry_main
</UL>

<P><STRONG><a name="[a6]"></a>_fp_init</STRONG> (Thumb, 10 bytes, Stack size 0 bytes, fpinit.o(x$fpl$fpinit))
<BR><BR>[Called By]<UL><LI><a href="#[a5]">&gt;&gt;</a>&nbsp;&nbsp;&nbsp;__rt_lib_init_fp_1
</UL>

<P><STRONG><a name="[15b]"></a>__fplib_config_fpu_vfp</STRONG> (Thumb, 0 bytes, Stack size unknown bytes, fpinit.o(x$fpl$fpinit), UNUSED)

<P><STRONG><a name="[15c]"></a>__fplib_config_pureend_doubles</STRONG> (Thumb, 0 bytes, Stack size unknown bytes, fpinit.o(x$fpl$fpinit), UNUSED)
<P>
<H3>
Local Symbols
</H3>
<P><STRONG><a name="[124]"></a>_DMA2D_Fill</STRONG> (Thumb, 52 bytes, Stack size 20 bytes, lcd_ltdc.o(i._DMA2D_Fill))
<BR><BR>[Stack]<UL><LI>Max Depth = 20<LI>Call Chain = _DMA2D_Fill
</UL>
<BR>[Called By]<UL><LI><a href="#[122]">&gt;&gt;</a>&nbsp;&nbsp;&nbsp;lcd_fill0
</UL>

<P><STRONG><a name="[df]"></a>__NVIC_SetPriority</STRONG> (Thumb, 34 bytes, Stack size 0 bytes, stm32h7xx_hal_cortex.o(i.__NVIC_SetPriority))
<BR><BR>[Called By]<UL><LI><a href="#[d7]">&gt;&gt;</a>&nbsp;&nbsp;&nbsp;HAL_NVIC_SetPriority
<LI><a href="#[d6]">&gt;&gt;</a>&nbsp;&nbsp;&nbsp;HAL_SYSTICK_Config
</UL>

<P><STRONG><a name="[e4]"></a>RCCEx_PLL2_Config</STRONG> (Thumb, 284 bytes, Stack size 32 bytes, stm32h7xx_hal_rcc_ex.o(i.RCCEx_PLL2_Config))
<BR><BR>[Stack]<UL><LI>Max Depth = 32<LI>Call Chain = RCCEx_PLL2_Config
</UL>
<BR>[Calls]<UL><LI><a href="#[cf]">&gt;&gt;</a>&nbsp;&nbsp;&nbsp;HAL_GetTick
</UL>
<BR>[Called By]<UL><LI><a href="#[e3]">&gt;&gt;</a>&nbsp;&nbsp;&nbsp;HAL_RCCEx_PeriphCLKConfig
</UL>

<P><STRONG><a name="[e5]"></a>RCCEx_PLL3_Config</STRONG> (Thumb, 284 bytes, Stack size 32 bytes, stm32h7xx_hal_rcc_ex.o(i.RCCEx_PLL3_Config))
<BR><BR>[Stack]<UL><LI>Max Depth = 32<LI>Call Chain = RCCEx_PLL3_Config
</UL>
<BR>[Calls]<UL><LI><a href="#[cf]">&gt;&gt;</a>&nbsp;&nbsp;&nbsp;HAL_GetTick
</UL>
<BR>[Called By]<UL><LI><a href="#[e3]">&gt;&gt;</a>&nbsp;&nbsp;&nbsp;HAL_RCCEx_PeriphCLKConfig
</UL>

<P><STRONG><a name="[da]"></a>LTDC_SetConfig</STRONG> (Thumb, 464 bytes, Stack size 48 bytes, stm32h7xx_hal_ltdc.o(i.LTDC_SetConfig))
<BR><BR>[Stack]<UL><LI>Max Depth = 48<LI>Call Chain = LTDC_SetConfig
</UL>
<BR>[Called By]<UL><LI><a href="#[d8]">&gt;&gt;</a>&nbsp;&nbsp;&nbsp;HAL_LTDC_ConfigLayer
</UL>

<P><STRONG><a name="[ee]"></a>TIM_OC1_SetConfig</STRONG> (Thumb, 142 bytes, Stack size 36 bytes, stm32h7xx_hal_tim.o(i.TIM_OC1_SetConfig))
<BR><BR>[Stack]<UL><LI>Max Depth = 36<LI>Call Chain = TIM_OC1_SetConfig
</UL>
<BR>[Called By]<UL><LI><a href="#[ed]">&gt;&gt;</a>&nbsp;&nbsp;&nbsp;HAL_TIM_PWM_ConfigChannel
</UL>

<P><STRONG><a name="[f0]"></a>TIM_OC3_SetConfig</STRONG> (Thumb, 118 bytes, Stack size 20 bytes, stm32h7xx_hal_tim.o(i.TIM_OC3_SetConfig))
<BR><BR>[Stack]<UL><LI>Max Depth = 20<LI>Call Chain = TIM_OC3_SetConfig
</UL>
<BR>[Called By]<UL><LI><a href="#[ed]">&gt;&gt;</a>&nbsp;&nbsp;&nbsp;HAL_TIM_PWM_ConfigChannel
</UL>

<P><STRONG><a name="[f1]"></a>TIM_OC4_SetConfig</STRONG> (Thumb, 88 bytes, Stack size 16 bytes, stm32h7xx_hal_tim.o(i.TIM_OC4_SetConfig))
<BR><BR>[Stack]<UL><LI>Max Depth = 16<LI>Call Chain = TIM_OC4_SetConfig
</UL>
<BR>[Called By]<UL><LI><a href="#[ed]">&gt;&gt;</a>&nbsp;&nbsp;&nbsp;HAL_TIM_PWM_ConfigChannel
</UL>

<P><STRONG><a name="[f2]"></a>TIM_OC5_SetConfig</STRONG> (Thumb, 88 bytes, Stack size 20 bytes, stm32h7xx_hal_tim.o(i.TIM_OC5_SetConfig))
<BR><BR>[Stack]<UL><LI>Max Depth = 20<LI>Call Chain = TIM_OC5_SetConfig
</UL>
<BR>[Called By]<UL><LI><a href="#[ed]">&gt;&gt;</a>&nbsp;&nbsp;&nbsp;HAL_TIM_PWM_ConfigChannel
</UL>

<P><STRONG><a name="[f3]"></a>TIM_OC6_SetConfig</STRONG> (Thumb, 88 bytes, Stack size 20 bytes, stm32h7xx_hal_tim.o(i.TIM_OC6_SetConfig))
<BR><BR>[Stack]<UL><LI>Max Depth = 20<LI>Call Chain = TIM_OC6_SetConfig
</UL>
<BR>[Called By]<UL><LI><a href="#[ed]">&gt;&gt;</a>&nbsp;&nbsp;&nbsp;HAL_TIM_PWM_ConfigChannel
</UL>

<P><STRONG><a name="[99]"></a>UART_DMAAbortOnError</STRONG> (Thumb, 20 bytes, Stack size 8 bytes, stm32h7xx_hal_uart.o(i.UART_DMAAbortOnError))
<BR><BR>[Stack]<UL><LI>Max Depth = 8<LI>Call Chain = UART_DMAAbortOnError
</UL>
<BR>[Calls]<UL><LI><a href="#[ff]">&gt;&gt;</a>&nbsp;&nbsp;&nbsp;HAL_UART_ErrorCallback
</UL>
<BR>[Address Reference Count : 1]<UL><LI> stm32h7xx_hal_uart.o(i.HAL_UART_IRQHandler)
</UL>
<P><STRONG><a name="[fd]"></a>UART_EndRxTransfer</STRONG> (Thumb, 34 bytes, Stack size 12 bytes, stm32h7xx_hal_uart.o(i.UART_EndRxTransfer))
<BR><BR>[Stack]<UL><LI>Max Depth = 12<LI>Call Chain = UART_EndRxTransfer
</UL>
<BR>[Called By]<UL><LI><a href="#[fc]">&gt;&gt;</a>&nbsp;&nbsp;&nbsp;HAL_UART_IRQHandler
</UL>

<P><STRONG><a name="[fa]"></a>UARTEx_SetNbDataToProcess</STRONG> (Thumb, 82 bytes, Stack size 28 bytes, stm32h7xx_hal_uart_ex.o(i.UARTEx_SetNbDataToProcess))
<BR><BR>[Stack]<UL><LI>Max Depth = 28<LI>Call Chain = UARTEx_SetNbDataToProcess
</UL>
<BR>[Called By]<UL><LI><a href="#[fb]">&gt;&gt;</a>&nbsp;&nbsp;&nbsp;HAL_UARTEx_SetTxFifoThreshold
<LI><a href="#[f9]">&gt;&gt;</a>&nbsp;&nbsp;&nbsp;HAL_UARTEx_SetRxFifoThreshold
</UL>

<P><STRONG><a name="[98]"></a>_printf_input_char</STRONG> (Thumb, 10 bytes, Stack size 0 bytes, _printf_char_common.o(.text))
<BR>[Address Reference Count : 1]<UL><LI> _printf_char_common.o(.text)
</UL><P>
<H3>
Undefined Global Symbols
</H3><HR></body></html>
