Component: ARM Compiler 5.06 update 6 (build 750) Tool: armlink [4d35ed]

==============================================================================

Section Cross References

    startup_stm32h750xx.o(RESET) refers to startup_stm32h750xx.o(STACK) for __initial_sp
    startup_stm32h750xx.o(RESET) refers to startup_stm32h750xx.o(.text) for Reset_Handler
    startup_stm32h750xx.o(RESET) refers to stm32h7xx_it.o(i.NMI_Handler) for NMI_Handler
    startup_stm32h750xx.o(RESET) refers to stm32h7xx_it.o(i.HardFault_Handler) for HardFault_Handler
    startup_stm32h750xx.o(RESET) refers to stm32h7xx_it.o(i.MemManage_Handler) for MemManage_Handler
    startup_stm32h750xx.o(RESET) refers to stm32h7xx_it.o(i.BusFault_Handler) for BusFault_Handler
    startup_stm32h750xx.o(RESET) refers to stm32h7xx_it.o(i.UsageFault_Handler) for UsageFault_Handler
    startup_stm32h750xx.o(RESET) refers to port.o(.emb_text) for SVC_Handler
    startup_stm32h750xx.o(RESET) refers to stm32h7xx_it.o(i.DebugMon_Handler) for DebugMon_Handler
    startup_stm32h750xx.o(RESET) refers to port.o(i.SysTick_Handler) for SysTick_Handler
    startup_stm32h750xx.o(RESET) refers to stm32h7xx_it.o(i.DMA1_Stream0_IRQHandler) for DMA1_Stream0_IRQHandler
    startup_stm32h750xx.o(RESET) refers to stm32h7xx_it.o(i.DMA1_Stream1_IRQHandler) for DMA1_Stream1_IRQHandler
    startup_stm32h750xx.o(RESET) refers to stm32h7xx_it.o(i.TIM7_IRQHandler) for TIM7_IRQHandler
    startup_stm32h750xx.o(RESET) refers to stm32h7xx_it.o(i.ETH_IRQHandler) for ETH_IRQHandler
    startup_stm32h750xx.o(RESET) refers to stm32h7xx_it.o(i.UART7_IRQHandler) for UART7_IRQHandler
    startup_stm32h750xx.o(.text) refers to system_stm32h7xx.o(i.SystemInit) for SystemInit
    startup_stm32h750xx.o(.text) refers to entry.o(.ARM.Collect$$$$00000000) for __main
    main.o(i.HAL_TIM_PeriodElapsedCallback) refers to stm32h7xx_hal.o(i.HAL_IncTick) for HAL_IncTick
    main.o(i.MPU_Config) refers to stm32h7xx_hal_cortex.o(i.HAL_MPU_Disable) for HAL_MPU_Disable
    main.o(i.MPU_Config) refers to stm32h7xx_hal_cortex.o(i.HAL_MPU_ConfigRegion) for HAL_MPU_ConfigRegion
    main.o(i.MPU_Config) refers to stm32h7xx_hal_cortex.o(i.HAL_MPU_Enable) for HAL_MPU_Enable
    main.o(i.SystemClock_Config) refers to memseta.o(.text) for __aeabi_memclr4
    main.o(i.SystemClock_Config) refers to stm32h7xx_hal_pwr_ex.o(i.HAL_PWREx_ConfigSupply) for HAL_PWREx_ConfigSupply
    main.o(i.SystemClock_Config) refers to stm32h7xx_hal_rcc.o(i.HAL_RCC_OscConfig) for HAL_RCC_OscConfig
    main.o(i.SystemClock_Config) refers to stm32h7xx_hal_rcc.o(i.HAL_RCC_ClockConfig) for HAL_RCC_ClockConfig
    main.o(i.main) refers to stm32h7xx_hal.o(i.HAL_Init) for HAL_Init
    main.o(i.main) refers to main.o(i.MPU_Config) for MPU_Config
    main.o(i.main) refers to main.o(i.SystemClock_Config) for SystemClock_Config
    main.o(i.main) refers to gpio.o(i.MX_GPIO_Init) for MX_GPIO_Init
    main.o(i.main) refers to dma.o(i.MX_DMA_Init) for MX_DMA_Init
    main.o(i.main) refers to usart.o(i.MX_UART7_Init) for MX_UART7_Init
    main.o(i.main) refers to eth.o(i.MX_ETH_Init) for MX_ETH_Init
    main.o(i.main) refers to freertos.o(i.MX_FREERTOS_Init) for MX_FREERTOS_Init
    main.o(i.main) refers to cmsis_os.o(i.osKernelStart) for osKernelStart
    gpio.o(i.MX_GPIO_Init) refers to memseta.o(.text) for __aeabi_memclr4
    gpio.o(i.MX_GPIO_Init) refers to stm32h7xx_hal_gpio.o(i.HAL_GPIO_WritePin) for HAL_GPIO_WritePin
    gpio.o(i.MX_GPIO_Init) refers to stm32h7xx_hal_gpio.o(i.HAL_GPIO_Init) for HAL_GPIO_Init
    freertos.o(i.MX_FREERTOS_Init) refers to memcpya.o(.text) for __aeabi_memcpy4
    freertos.o(i.MX_FREERTOS_Init) refers to cmsis_os.o(i.osThreadCreate) for osThreadCreate
    freertos.o(i.MX_FREERTOS_Init) refers to freertos.o(.constdata) for .constdata
    freertos.o(i.MX_FREERTOS_Init) refers to freertos.o(.data) for .data
    freertos.o(i.StartDefaultTask) refers to cmsis_os.o(i.osDelay) for osDelay
    freertos.o(i.StartTask02) refers to cmsis_os.o(i.osDelay) for osDelay
    freertos.o(i.StartTask03) refers to cmsis_os.o(i.osDelay) for osDelay
    freertos.o(i.vApplicationGetIdleTaskMemory) refers to freertos.o(.bss) for .bss
    freertos.o(.constdata) refers to freertos.o(.conststring) for .conststring
    freertos.o(.constdata) refers to freertos.o(i.StartDefaultTask) for StartDefaultTask
    freertos.o(.constdata) refers to freertos.o(i.StartTask02) for StartTask02
    freertos.o(.constdata) refers to freertos.o(i.StartTask03) for StartTask03
    dma.o(i.MX_DMA_Init) refers to stm32h7xx_hal_cortex.o(i.HAL_NVIC_SetPriority) for HAL_NVIC_SetPriority
    dma.o(i.MX_DMA_Init) refers to stm32h7xx_hal_cortex.o(i.HAL_NVIC_EnableIRQ) for HAL_NVIC_EnableIRQ
    eth.o(i.HAL_ETH_MspDeInit) refers to stm32h7xx_hal_gpio.o(i.HAL_GPIO_DeInit) for HAL_GPIO_DeInit
    eth.o(i.HAL_ETH_MspDeInit) refers to stm32h7xx_hal_cortex.o(i.HAL_NVIC_DisableIRQ) for HAL_NVIC_DisableIRQ
[...]
    ../clib/microlib/init/entry.s            0x00000000   Number         0  entry.o ABSOLUTE
    ../clib/microlib/init/entry.s            0x00000000   Number         0  entry11b.o ABSOLUTE
    ../clib/microlib/init/entry.s            0x00000000   Number         0  entry11a.o ABSOLUTE
    ../clib/microlib/longlong.c              0x00000000   Number         0  llushr.o ABSOLUTE
    ../clib/microlib/longlong.c              0x00000000   Number         0  llshl.o ABSOLUTE
    ../clib/microlib/string/memcpy.c         0x00000000   Number         0  memcpya.o ABSOLUTE
    ../clib/microlib/string/memcpy.c         0x00000000   Number         0  memcpyb.o ABSOLUTE
    ../clib/microlib/string/memset.c         0x00000000   Number         0  memset.o ABSOLUTE
    ../clib/microlib/string/memset.c         0x00000000   Number         0  memseta.o ABSOLUTE
    ..\Core\Src\dma.c                        0x00000000   Number         0  dma.o ABSOLUTE
    ..\Core\Src\eth.c                        0x00000000   Number         0  eth.o ABSOLUTE
    ..\Core\Src\freertos.c                   0x00000000   Number         0  freertos.o ABSOLUTE
    ..\Core\Src\gpio.c                       0x00000000   Number         0  gpio.o ABSOLUTE
    ..\Core\Src\main.c                       0x00000000   Number         0  main.o ABSOLUTE
    ..\Core\Src\stm32h7xx_hal_msp.c          0x00000000   Number         0  stm32h7xx_hal_msp.o ABSOLUTE
    ..\Core\Src\stm32h7xx_hal_timebase_tim.c 0x00000000   Number         0  stm32h7xx_hal_timebase_tim.o ABSOLUTE
    ..\Core\Src\stm32h7xx_it.c               0x00000000   Number         0  stm32h7xx_it.o ABSOLUTE
    ..\Core\Src\system_stm32h7xx.c           0x00000000   Number         0  system_stm32h7xx.o ABSOLUTE
    ..\Core\Src\usart.c                      0x00000000   Number         0  usart.o ABSOLUTE
    ..\Drivers\STM32H7xx_HAL_Driver\Src\stm32h7xx_hal.c 0x00000000   Number         0  stm32h7xx_hal.o ABSOLUTE
    ..\Drivers\STM32H7xx_HAL_Driver\Src\stm32h7xx_hal_cortex.c 0x00000000   Number         0  stm32h7xx_hal_cortex.o ABSOLUTE
    ..\Drivers\STM32H7xx_HAL_Driver\Src\stm32h7xx_hal_dma.c 0x00000000   Number         0  stm32h7xx_hal_dma.o ABSOLUTE
    ..\Drivers\STM32H7xx_HAL_Driver\Src\stm32h7xx_hal_dma_ex.c 0x00000000   Number         0  stm32h7xx_hal_dma_ex.o ABSOLUTE
    ..\Drivers\STM32H7xx_HAL_Driver\Src\stm32h7xx_hal_eth.c 0x00000000   Number         0  stm32h7xx_hal_eth.o ABSOLUTE
    ..\Drivers\STM32H7xx_HAL_Driver\Src\stm32h7xx_hal_eth_ex.c 0x00000000   Number         0  stm32h7xx_hal_eth_ex.o ABSOLUTE
    ..\Drivers\STM32H7xx_HAL_Driver\Src\stm32h7xx_hal_exti.c 0x00000000   Number         0  stm32h7xx_hal_exti.o ABSOLUTE
    ..\Drivers\STM32H7xx_HAL_Driver\Src\stm32h7xx_hal_flash.c 0x00000000   Number         0  stm32h7xx_hal_flash.o ABSOLUTE
    ..\Drivers\STM32H7xx_HAL_Driver\Src\stm32h7xx_hal_flash_ex.c 0x00000000   Number         0  stm32h7xx_hal_flash_ex.o ABSOLUTE
    ..\Drivers\STM32H7xx_HAL_Driver\Src\stm32h7xx_hal_gpio.c 0x00000000   Number         0  stm32h7xx_hal_gpio.o ABSOLUTE
    ..\Drivers\STM32H7xx_HAL_Driver\Src\stm32h7xx_hal_hsem.c 0x00000000   Number         0  stm32h7xx_hal_hsem.o ABSOLUTE
    ..\Drivers\STM32H7xx_HAL_Driver\Src\stm32h7xx_hal_i2c.c 0x00000000   Number         0  stm32h7xx_hal_i2c.o ABSOLUTE
    ..\Drivers\STM32H7xx_HAL_Driver\Src\stm32h7xx_hal_i2c_ex.c 0x00000000   Number         0  stm32h7xx_hal_i2c_ex.o ABSOLUTE
    ..\Drivers\STM32H7xx_HAL_Driver\Src\stm32h7xx_hal_mdma.c 0x00000000   Number         0  stm32h7xx_hal_mdma.o ABSOLUTE
    ..\Drivers\STM32H7xx_HAL_Driver\Src\stm32h7xx_hal_pwr.c 0x00000000   Number         0  stm32h7xx_hal_pwr.o ABSOLUTE
    ..\Drivers\STM32H7xx_HAL_Driver\Src\stm32h7xx_hal_pwr_ex.c 0x00000000   Number         0  stm32h7xx_hal_pwr_ex.o ABSOLUTE
    ..\Drivers\STM32H7xx_HAL_Driver\Src\stm32h7xx_hal_rcc.c 0x00000000   Number         0  stm32h7xx_hal_rcc.o ABSOLUTE
    ..\Drivers\STM32H7xx_HAL_Driver\Src\stm32h7xx_hal_rcc_ex.c 0x00000000   Number         0  stm32h7xx_hal_rcc_ex.o ABSOLUTE
    ..\Drivers\STM32H7xx_HAL_Driver\Src\stm32h7xx_hal_tim.c 0x00000000   Number         0  stm32h7xx_hal_tim.o ABSOLUTE
    ..\Drivers\STM32H7xx_HAL_Driver\Src\stm32h7xx_hal_tim_ex.c 0x00000000   Number         0  stm32h7xx_hal_tim_ex.o ABSOLUTE
    ..\Drivers\STM32H7xx_HAL_Driver\Src\stm32h7xx_hal_uart.c 0x00000000   Number         0  stm32h7xx_hal_uart.o ABSOLUTE
    ..\Drivers\STM32H7xx_HAL_Driver\Src\stm32h7xx_hal_uart_ex.c 0x00000000   Number         0  stm32h7xx_hal_uart_ex.o ABSOLUTE
    ..\Middlewares\Third_Party\FreeRTOS\Source\CMSIS_RTOS\cmsis_os.c 0x00000000   Number         0  cmsis_os.o ABSOLUTE
    ..\Middlewares\Third_Party\FreeRTOS\Source\portable\RVDS\ARM_CM4F\port.c 0x00000000   Number         0  port.o ABSOLUTE
    dc.s                                     0x00000000   Number         0  dc.o ABSOLUTE
    handlers.s                               0x00000000   Number         0  handlers.o ABSOLUTE
    init.s                                   0x00000000   Number         0  init.o ABSOLUTE
    startup_stm32h750xx.s                    0x00000000   Number         0  startup_stm32h750xx.o ABSOLUTE
    RESET                                    0x08000000   Section      664  startup_stm32h750xx.o(RESET)
    .ARM.Collect$$$$00000000                 0x08000298   Section        0  entry.o(.ARM.Collect$$$$00000000)
    .ARM.Collect$$$$00000001                 0x08000298   Section        4  entry2.o(.ARM.Collect$$$$00000001)
    .ARM.Collect$$$$00000004                 0x0800029c   Section        4  entry5.o(.ARM.Collect$$$$00000004)
    .ARM.Collect$$$$00000008                 0x080002a0   Section        0  entry7b.o(.ARM.Collect$$$$00000008)
    .ARM.Collect$$$$0000000A                 0x080002a0   Section        0  entry8b.o(.ARM.Collect$$$$0000000A)
    .ARM.Collect$$$$0000000B                 0x080002a0   Section        8  entry9a.o(.ARM.Collect$$$$0000000B)
    .ARM.Collect$$$$0000000D                 0x080002a8   Section        0  entry10a.o(.ARM.Collect$$$$0000000D)
    .ARM.Collect$$$$0000000F                 0x080002a8   Section        0  entry11a.o(.ARM.Collect$$$$0000000F)
    .ARM.Collect$$$$00002712                 0x080002a8   Section        4  entry2.o(.ARM.Collect$$$$00002712)
    __lit__00000000                          0x080002a8   Data           4  entry2.o(.ARM.Collect$$$$00002712)
    .emb_text                                0x080002ac   Section      190  port.o(.emb_text)
    $v0                                      0x080002ac   Number         0  port.o(.emb_text)
    .text                                    0x0800036c   Section       36  startup_stm32h750xx.o(.text)
    $v0                                      0x0800036c   Number         0  startup_stm32h750xx.o(.text)
    .text                                    0x08000390   Section        0  uldiv.o(.text)
    .text                                    0x080003f2   Section        0  memcpya.o(.text)
    .text                                    0x08000416   Section        0  memseta.o(.text)
    .text                                    0x0800043a   Section        0  llshl.o(.text)
    .text                                    0x08000458   Section        0  llushr.o(.text)
    .text                                    0x08000478   Section       36  init.o(.text)
    i.BusFault_Handler                       0x0800049c   Section        0  stm32h7xx_it.o(i.BusFault_Handler)
    i.DMA1_Stream0_IRQHandler                0x080004a0   Section        0  stm32h7xx_it.o(i.DMA1_Stream0_IRQHandler)
    i.DMA1_Stream1_IRQHandler                0x080004ac   Section        0  stm32h7xx_it.o(i.DMA1_Stream1_IRQHandler)
    i.DMA_CalcBaseAndBitshift                0x080004b8   Section        0  stm32h7xx_hal_dma.o(i.DMA_CalcBaseAndBitshift)
    DMA_CalcBaseAndBitshift                  0x080004b9   Thumb Code   168  stm32h7xx_hal_dma.o(i.DMA_CalcBaseAndBitshift)
    i.DMA_CalcDMAMUXChannelBaseAndMask       0x0800056c   Section        0  stm32h7xx_hal_dma.o(i.DMA_CalcDMAMUXChannelBaseAndMask)
    DMA_CalcDMAMUXChannelBaseAndMask         0x0800056d   Thumb Code   138  stm32h7xx_hal_dma.o(i.DMA_CalcDMAMUXChannelBaseAndMask)
    i.DMA_CalcDMAMUXRequestGenBaseAndMask    0x08000608   Section        0  stm32h7xx_hal_dma.o(i.DMA_CalcDMAMUXRequestGenBaseAndMask)
    DMA_CalcDMAMUXRequestGenBaseAndMask      0x08000609   Thumb Code   104  stm32h7xx_hal_dma.o(i.DMA_CalcDMAMUXRequestGenBaseAndMask)
    i.DMA_CheckFifoParam                     0x0800067c   Section        0  stm32h7xx_hal_dma.o(i.DMA_CheckFifoParam)
    DMA_CheckFifoParam                       0x0800067d   Thumb Code    84  stm32h7xx_hal_dma.o(i.DMA_CheckFifoParam)
    i.DebugMon_Handler                       0x080006d0   Section        0  stm32h7xx_it.o(i.DebugMon_Handler)
    i.ETH_IRQHandler                         0x080006d4   Section        0  stm32h7xx_it.o(i.ETH_IRQHandler)
    i.ETH_MACDMAConfig                       0x080006e0   Section        0  stm32h7xx_hal_eth.o(i.ETH_MACDMAConfig)
    ETH_MACDMAConfig                         0x080006e1   Thumb Code   216  stm32h7xx_hal_eth.o(i.ETH_MACDMAConfig)
    i.ETH_SetDMAConfig                       0x080007b8   Section        0  stm32h7xx_hal_eth.o(i.ETH_SetDMAConfig)
    ETH_SetDMAConfig                         0x080007b9   Thumb Code   168  stm32h7xx_hal_eth.o(i.ETH_SetDMAConfig)
    i.ETH_SetMACConfig                       0x0800086c   Section        0  stm32h7xx_hal_eth.o(i.ETH_SetMACConfig)
    ETH_SetMACConfig                         0x0800086d   Thumb Code   416  stm32h7xx_hal_eth.o(i.ETH_SetMACConfig)
    i.Error_Handler                          0x08000a14   Section        0  main.o(i.Error_Handler)
    i.HAL_DMA_Abort                          0x08000a18   Section        0  stm32h7xx_hal_dma.o(i.HAL_DMA_Abort)
    i.HAL_DMA_Abort_IT                       0x08000d78   Section        0  stm32h7xx_hal_dma.o(i.HAL_DMA_Abort_IT)
    i.HAL_DMA_IRQHandler                     0x08000ffc   Section        0  stm32h7xx_hal_dma.o(i.HAL_DMA_IRQHandler)
    i.HAL_DMA_Init                           0x080016e4   Section        0  stm32h7xx_hal_dma.o(i.HAL_DMA_Init)
    i.HAL_ETH_EEECallback                    0x08001aa8   Section        0  stm32h7xx_hal_eth.o(i.HAL_ETH_EEECallback)
    i.HAL_ETH_ErrorCallback                  0x08001aaa   Section        0  stm32h7xx_hal_eth.o(i.HAL_ETH_ErrorCallback)
    i.HAL_ETH_IRQHandler                     0x08001aac   Section        0  stm32h7xx_hal_eth.o(i.HAL_ETH_IRQHandler)
    i.HAL_ETH_Init                           0x08001bec   Section        0  stm32h7xx_hal_eth.o(i.HAL_ETH_Init)
    i.HAL_ETH_MspInit                        0x08001d94   Section        0  eth.o(i.HAL_ETH_MspInit)
    i.HAL_ETH_PMTCallback                    0x08001e7c   Section        0  stm32h7xx_hal_eth.o(i.HAL_ETH_PMTCallback)
    i.HAL_ETH_RxCpltCallback                 0x08001e7e   Section        0  stm32h7xx_hal_eth.o(i.HAL_ETH_RxCpltCallback)
    i.HAL_ETH_SetMDIOClockRange              0x08001e80   Section        0  stm32h7xx_hal_eth.o(i.HAL_ETH_SetMDIOClockRange)
    i.HAL_ETH_TxCpltCallback                 0x08001ef8   Section        0  stm32h7xx_hal_eth.o(i.HAL_ETH_TxCpltCallback)
    i.HAL_ETH_WakeUpCallback                 0x08001efa   Section        0  stm32h7xx_hal_eth.o(i.HAL_ETH_WakeUpCallback)
    i.HAL_GPIO_Init                          0x08001efc   Section        0  stm32h7xx_hal_gpio.o(i.HAL_GPIO_Init)
    i.HAL_GPIO_WritePin                      0x08002128   Section        0  stm32h7xx_hal_gpio.o(i.HAL_GPIO_WritePin)
    i.HAL_GetREVID                           0x08002134   Section        0  stm32h7xx_hal.o(i.HAL_GetREVID)
    i.HAL_GetTick                            0x08002140   Section        0  stm32h7xx_hal.o(i.HAL_GetTick)
    i.HAL_IncTick                            0x0800214c   Section        0  stm32h7xx_hal.o(i.HAL_IncTick)
    i.HAL_Init                               0x0800215c   Section        0  stm32h7xx_hal.o(i.HAL_Init)
    i.HAL_InitTick                           0x080021b8   Section        0  stm32h7xx_hal_timebase_tim.o(i.HAL_InitTick)
    i.HAL_MPU_ConfigRegion                   0x08002244   Section        0  stm32h7xx_hal_cortex.o(i.HAL_MPU_ConfigRegion)
    i.HAL_MPU_Disable                        0x080022a0   Section        0  stm32h7xx_hal_cortex.o(i.HAL_MPU_Disable)
    i.HAL_MPU_Enable                         0x080022bc   Section        0  stm32h7xx_hal_cortex.o(i.HAL_MPU_Enable)
    i.HAL_MspInit                            0x080022e0   Section        0  stm32h7xx_hal_msp.o(i.HAL_MspInit)
    i.HAL_NVIC_EnableIRQ                     0x08002304   Section        0  stm32h7xx_hal_cortex.o(i.HAL_NVIC_EnableIRQ)
    i.HAL_NVIC_SetPriority                   0x08002320   Section        0  stm32h7xx_hal_cortex.o(i.HAL_NVIC_SetPriority)
    i.HAL_NVIC_SetPriorityGrouping           0x08002360   Section        0  stm32h7xx_hal_cortex.o(i.HAL_NVIC_SetPriorityGrouping)
    i.HAL_PWREx_ConfigSupply                 0x08002384   Section        0  stm32h7xx_hal_pwr_ex.o(i.HAL_PWREx_ConfigSupply)
    i.HAL_RCCEx_GetD3PCLK1Freq               0x080023d8   Section        0  stm32h7xx_hal_rcc_ex.o(i.HAL_RCCEx_GetD3PCLK1Freq)
    i.HAL_RCCEx_GetPLL2ClockFreq             0x080023fc   Section        0  stm32h7xx_hal_rcc_ex.o(i.HAL_RCCEx_GetPLL2ClockFreq)
    i.HAL_RCCEx_GetPLL3ClockFreq             0x08002540   Section        0  stm32h7xx_hal_rcc_ex.o(i.HAL_RCCEx_GetPLL3ClockFreq)
    i.HAL_RCCEx_PeriphCLKConfig              0x08002684   Section        0  stm32h7xx_hal_rcc_ex.o(i.HAL_RCCEx_PeriphCLKConfig)
    i.HAL_RCC_ClockConfig                    0x08003030   Section        0  stm32h7xx_hal_rcc.o(i.HAL_RCC_ClockConfig)
    i.HAL_RCC_GetClockConfig                 0x0800328c   Section        0  stm32h7xx_hal_rcc.o(i.HAL_RCC_GetClockConfig)
    i.HAL_RCC_GetHCLKFreq                    0x080032e8   Section        0  stm32h7xx_hal_rcc.o(i.HAL_RCC_GetHCLKFreq)
    i.HAL_RCC_GetPCLK1Freq                   0x0800332c   Section        0  stm32h7xx_hal_rcc.o(i.HAL_RCC_GetPCLK1Freq)
    i.HAL_RCC_GetPCLK2Freq                   0x08003350   Section        0  stm32h7xx_hal_rcc.o(i.HAL_RCC_GetPCLK2Freq)
    i.HAL_RCC_GetSysClockFreq                0x08003374   Section        0  stm32h7xx_hal_rcc.o(i.HAL_RCC_GetSysClockFreq)
    i.HAL_RCC_OscConfig                      0x080034ac   Section        0  stm32h7xx_hal_rcc.o(i.HAL_RCC_OscConfig)
    i.HAL_SYSCFG_ETHInterfaceSelect          0x08003a30   Section        0  stm32h7xx_hal.o(i.HAL_SYSCFG_ETHInterfaceSelect)
    i.HAL_TIMEx_Break2Callback               0x08003a44   Section        0  stm32h7xx_hal_tim_ex.o(i.HAL_TIMEx_Break2Callback)
    i.HAL_TIMEx_BreakCallback                0x08003a46   Section        0  stm32h7xx_hal_tim_ex.o(i.HAL_TIMEx_BreakCallback)
    i.HAL_TIMEx_CommutCallback               0x08003a48   Section        0  stm32h7xx_hal_tim_ex.o(i.HAL_TIMEx_CommutCallback)
    i.HAL_TIM_Base_Init                      0x08003a4a   Section        0  stm32h7xx_hal_tim.o(i.HAL_TIM_Base_Init)
    i.HAL_TIM_Base_MspInit                   0x08003aac   Section        0  stm32h7xx_hal_tim.o(i.HAL_TIM_Base_MspInit)
    i.HAL_TIM_Base_Start_IT                  0x08003ab0   Section        0  stm32h7xx_hal_tim.o(i.HAL_TIM_Base_Start_IT)
    i.HAL_TIM_IC_CaptureCallback             0x08003b3c   Section        0  stm32h7xx_hal_tim.o(i.HAL_TIM_IC_CaptureCallback)
    i.HAL_TIM_IRQHandler                     0x08003b3e   Section        0  stm32h7xx_hal_tim.o(i.HAL_TIM_IRQHandler)
    i.HAL_TIM_OC_DelayElapsedCallback        0x08003cc0   Section        0  stm32h7xx_hal_tim.o(i.HAL_TIM_OC_DelayElapsedCallback)
    i.HAL_TIM_PWM_PulseFinishedCallback      0x08003cc2   Section        0  stm32h7xx_hal_tim.o(i.HAL_TIM_PWM_PulseFinishedCallback)
    i.HAL_TIM_PeriodElapsedCallback          0x08003cc4   Section        0  main.o(i.HAL_TIM_PeriodElapsedCallback)
    i.HAL_TIM_TriggerCallback                0x08003cd8   Section        0  stm32h7xx_hal_tim.o(i.HAL_TIM_TriggerCallback)
    i.HAL_UARTEx_DisableFifoMode             0x08003cda   Section        0  stm32h7xx_hal_uart_ex.o(i.HAL_UARTEx_DisableFifoMode)
    i.HAL_UARTEx_RxEventCallback             0x08003d1a   Section        0  stm32h7xx_hal_uart.o(i.HAL_UARTEx_RxEventCallback)
    i.HAL_UARTEx_RxFifoFullCallback          0x08003d1c   Section        0  stm32h7xx_hal_uart_ex.o(i.HAL_UARTEx_RxFifoFullCallback)
    i.HAL_UARTEx_SetRxFifoThreshold          0x08003d1e   Section        0  stm32h7xx_hal_uart_ex.o(i.HAL_UARTEx_SetRxFifoThreshold)
    i.HAL_UARTEx_SetTxFifoThreshold          0x08003d6a   Section        0  stm32h7xx_hal_uart_ex.o(i.HAL_UARTEx_SetTxFifoThreshold)
    i.HAL_UARTEx_TxFifoEmptyCallback         0x08003db6   Section        0  stm32h7xx_hal_uart_ex.o(i.HAL_UARTEx_TxFifoEmptyCallback)
    i.HAL_UARTEx_WakeupCallback              0x08003db8   Section        0  stm32h7xx_hal_uart_ex.o(i.HAL_UARTEx_WakeupCallback)
    i.HAL_UART_ErrorCallback                 0x08003dba   Section        0  stm32h7xx_hal_uart.o(i.HAL_UART_ErrorCallback)
    i.HAL_UART_IRQHandler                    0x08003dbc   Section        0  stm32h7xx_hal_uart.o(i.HAL_UART_IRQHandler)
    i.HAL_UART_Init                          0x08004144   Section        0  stm32h7xx_hal_uart.o(i.HAL_UART_Init)
    i.HAL_UART_MspInit                       0x080041b0   Section        0  usart.o(i.HAL_UART_MspInit)
    i.HAL_UART_TxCpltCallback                0x080042ac   Section        0  stm32h7xx_hal_uart.o(i.HAL_UART_TxCpltCallback)
    i.HardFault_Handler                      0x080042ae   Section        0  stm32h7xx_it.o(i.HardFault_Handler)
    i.MPU_Config                             0x080042b0   Section        0  main.o(i.MPU_Config)
    MPU_Config                               0x080042b1   Thumb Code   132  main.o(i.MPU_Config)
    i.MX_DMA_Init                            0x0800433c   Section        0  dma.o(i.MX_DMA_Init)
    i.MX_ETH_Init                            0x08004378   Section        0  eth.o(i.MX_ETH_Init)
    i.MX_FREERTOS_Init                       0x080043e4   Section        0  freertos.o(i.MX_FREERTOS_Init)
    i.MX_GPIO_Init                           0x08004438   Section        0  gpio.o(i.MX_GPIO_Init)
    i.MX_UART7_Init                          0x080044c4   Section        0  usart.o(i.MX_UART7_Init)
    i.MemManage_Handler                      0x0800452c   Section        0  stm32h7xx_it.o(i.MemManage_Handler)
    i.NMI_Handler                            0x0800452e   Section        0  stm32h7xx_it.o(i.NMI_Handler)
    i.RCCEx_PLL2_Config                      0x08004530   Section        0  stm32h7xx_hal_rcc_ex.o(i.RCCEx_PLL2_Config)
    RCCEx_PLL2_Config                        0x08004531   Thumb Code   284  stm32h7xx_hal_rcc_ex.o(i.RCCEx_PLL2_Config)
    i.RCCEx_PLL3_Config                      0x08004650   Section        0  stm32h7xx_hal_rcc_ex.o(i.RCCEx_PLL3_Config)
    RCCEx_PLL3_Config                        0x08004651   Thumb Code   284  stm32h7xx_hal_rcc_ex.o(i.RCCEx_PLL3_Config)
    i.StartDefaultTask                       0x08004770   Section        0  freertos.o(i.StartDefaultTask)
    i.StartTask02                            0x08004788   Section        0  freertos.o(i.StartTask02)
    i.StartTask03                            0x08004790   Section        0  freertos.o(i.StartTask03)
    i.SysTick_Handler                        0x08004798   Section        0  port.o(i.SysTick_Handler)
    i.SystemClock_Config                     0x080047c4   Section        0  main.o(i.SystemClock_Config)
    i.SystemInit                             0x080048a0   Section        0  system_stm32h7xx.o(i.SystemInit)
    i.TIM7_IRQHandler                        0x0800497c   Section        0  stm32h7xx_it.o(i.TIM7_IRQHandler)
    i.TIM_Base_SetConfig                     0x08004988   Section        0  stm32h7xx_hal_tim.o(i.TIM_Base_SetConfig)
    i.UART7_IRQHandler                       0x08004a4c   Section        0  stm32h7xx_it.o(i.UART7_IRQHandler)
    i.UARTEx_SetNbDataToProcess              0x08004a58   Section        0  stm32h7xx_hal_uart_ex.o(i.UARTEx_SetNbDataToProcess)
    UARTEx_SetNbDataToProcess                0x08004a59   Thumb Code    62  stm32h7xx_hal_uart_ex.o(i.UARTEx_SetNbDataToProcess)
    i.UART_AdvFeatureConfig                  0x08004a9c   Section        0  stm32h7xx_hal_uart.o(i.UART_AdvFeatureConfig)
    i.UART_CheckIdleState                    0x08004b64   Section        0  stm32h7xx_hal_uart.o(i.UART_CheckIdleState)
    i.UART_DMAAbortOnError                   0x08004c0e   Section        0  stm32h7xx_hal_uart.o(i.UART_DMAAbortOnError)
    UART_DMAAbortOnError                     0x08004c0f   Thumb Code    20  stm32h7xx_hal_uart.o(i.UART_DMAAbortOnError)
    i.UART_EndRxTransfer                     0x08004c24   Section        0  stm32h7xx_hal_uart.o(i.UART_EndRxTransfer)
    UART_EndRxTransfer                       0x08004c25   Thumb Code    78  stm32h7xx_hal_uart.o(i.UART_EndRxTransfer)
    i.UART_SetConfig                         0x08004c78   Section        0  stm32h7xx_hal_uart.o(i.UART_SetConfig)
    i.UART_WaitOnFlagUntilTimeout            0x08005024   Section        0  stm32h7xx_hal_uart.o(i.UART_WaitOnFlagUntilTimeout)
    i.UsageFault_Handler                     0x080050b0   Section        0  stm32h7xx_it.o(i.UsageFault_Handler)
    i.__NVIC_SetPriority                     0x080050b2   Section        0  stm32h7xx_hal_cortex.o(i.__NVIC_SetPriority)
    __NVIC_SetPriority                       0x080050b3   Thumb Code    34  stm32h7xx_hal_cortex.o(i.__NVIC_SetPriority)
    i.__scatterload_copy                     0x080050d4   Section       14  handlers.o(i.__scatterload_copy)
    i.__scatterload_null                     0x080050e2   Section        2  handlers.o(i.__scatterload_null)
    i.__scatterload_zeroinit                 0x080050e4   Section       14  handlers.o(i.__scatterload_zeroinit)
    i.main                                   0x080050f4   Section        0  main.o(i.main)
    i.makeFreeRtosPriority                   0x0800519c   Section        0  cmsis_os.o(i.makeFreeRtosPriority)
    makeFreeRtosPriority                     0x0800519d   Thumb Code    14  cmsis_os.o(i.makeFreeRtosPriority)
    i.osDelay                                0x080051aa   Section        0  cmsis_os.o(i.osDelay)
    i.osKernelStart                          0x080051b8   Section        0  cmsis_os.o(i.osKernelStart)
    i.osThreadCreate                         0x080051c2   Section        0  cmsis_os.o(i.osThreadCreate)
    i.prvAddCurrentTaskToDelayedList         0x08005218   Section        0  tasks.o(i.prvAddCurrentTaskToDelayedList)
    prvAddCurrentTaskToDelayedList           0x08005219   Thumb Code   102  tasks.o(i.prvAddCurrentTaskToDelayedList)
    i.prvAddNewTaskToReadyList               0x08005288   Section        0  tasks.o(i.prvAddNewTaskToReadyList)
    prvAddNewTaskToReadyList                 0x08005289   Thumb Code   194  tasks.o(i.prvAddNewTaskToReadyList)
    i.prvDeleteTCB                           0x08005358   Section        0  tasks.o(i.prvDeleteTCB)
    prvDeleteTCB                             0x08005359   Thumb Code    52  tasks.o(i.prvDeleteTCB)
    i.prvHeapInit                            0x0800538c   Section        0  heap_4.o(i.prvHeapInit)
    prvHeapInit                              0x0800538d   Thumb Code    68  heap_4.o(i.prvHeapInit)
    i.prvIdleTask                            0x080053d8   Section        0  tasks.o(i.prvIdleTask)
    prvIdleTask                              0x080053d9   Thumb Code    82  tasks.o(i.prvIdleTask)
    i.prvInitialiseNewTask                   0x08005438   Section        0  tasks.o(i.prvInitialiseNewTask)
    prvInitialiseNewTask                     0x08005439   Thumb Code   154  tasks.o(i.prvInitialiseNewTask)
    i.prvInsertBlockIntoFreeList             0x080054d4   Section        0  heap_4.o(i.prvInsertBlockIntoFreeList)
    prvInsertBlockIntoFreeList               0x080054d5   Thumb Code    72  heap_4.o(i.prvInsertBlockIntoFreeList)
    i.prvResetNextTaskUnblockTime            0x08005520   Section        0  tasks.o(i.prvResetNextTaskUnblockTime)
    prvResetNextTaskUnblockTime              0x08005521   Thumb Code    26  tasks.o(i.prvResetNextTaskUnblockTime)
    i.prvTaskExitError                       0x08005540   Section        0  port.o(i.prvTaskExitError)
    prvTaskExitError                         0x08005541   Thumb Code    36  port.o(i.prvTaskExitError)
    i.pvPortMalloc                           0x08005568   Section        0  heap_4.o(i.pvPortMalloc)
    i.pxPortInitialiseStack                  0x08005644   Section        0  port.o(i.pxPortInitialiseStack)
    i.uxListRemove                           0x08005674   Section        0  list.o(i.uxListRemove)
    i.vApplicationGetIdleTaskMemory          0x0800569c   Section        0  freertos.o(i.vApplicationGetIdleTaskMemory)
    i.vListInitialise                        0x080056b4   Section        0  list.o(i.vListInitialise)
    i.vListInitialiseItem                    0x080056ca   Section        0  list.o(i.vListInitialiseItem)
    i.vListInsert                            0x080056d0   Section        0  list.o(i.vListInsert)
    i.vListInsertEnd                         0x08005700   Section        0  list.o(i.vListInsertEnd)
    i.vPortEnterCritical                     0x08005718   Section        0  port.o(i.vPortEnterCritical)
    i.vPortExitCritical                      0x08005758   Section        0  port.o(i.vPortExitCritical)
    i.vPortFree                              0x08005780   Section        0  heap_4.o(i.vPortFree)
    i.vPortSetupTimerInterrupt               0x080057e4   Section        0  port.o(i.vPortSetupTimerInterrupt)
    i.vTaskDelay                             0x08005808   Section        0  tasks.o(i.vTaskDelay)
    i.vTaskStartScheduler                    0x08005854   Section        0  tasks.o(i.vTaskStartScheduler)
    i.vTaskSuspendAll                        0x080058c0   Section        0  tasks.o(i.vTaskSuspendAll)
    i.vTaskSwitchContext                     0x080058d0   Section        0  tasks.o(i.vTaskSwitchContext)
    i.xPortStartScheduler                    0x0800592c   Section        0  port.o(i.xPortStartScheduler)
    i.xTaskCreate                            0x08005a20   Section        0  tasks.o(i.xTaskCreate)
    i.xTaskCreateStatic                      0x08005a7a   Section        0  tasks.o(i.xTaskCreateStatic)
    i.xTaskIncrementTick                     0x08005ad0   Section        0  tasks.o(i.xTaskIncrementTick)
    i.xTaskResumeAll                         0x08005b9c   Section        0  tasks.o(i.xTaskResumeAll)
    .constdata                               0x08005c60   Section       84  freertos.o(.constdata)
    .constdata                               0x08005cb4   Section        8  stm32h7xx_hal_dma.o(.constdata)
    flagBitshiftOffset                       0x08005cb4   Data           8  stm32h7xx_hal_dma.o(.constdata)
    .constdata                               0x08005cbc   Section       24  stm32h7xx_hal_uart.o(.constdata)
    .constdata                               0x08005cd4   Section       16  stm32h7xx_hal_uart_ex.o(.constdata)
    numerator                                0x08005cd4   Data           8  stm32h7xx_hal_uart_ex.o(.constdata)
    denominator                              0x08005cdc   Data           8  stm32h7xx_hal_uart_ex.o(.constdata)
    .constdata                               0x08005ce4   Section       16  system_stm32h7xx.o(.constdata)
    .conststring                             0x08005cf4   Section       36  freertos.o(.conststring)
    .data                                    0x24000000   Section       12  freertos.o(.data)
    .data                                    0x2400000c   Section        6  eth.o(.data)
    MACAddr                                  0x2400000c   Data           6  eth.o(.data)
    .data                                    0x24000014   Section       12  stm32h7xx_hal.o(.data)
    .data                                    0x24000020   Section        8  system_stm32h7xx.o(.data)
    .data                                    0x24000028   Section       60  tasks.o(.data)
    uxDeletedTasksWaitingCleanUp             0x2400002c   Data           4  tasks.o(.data)
    uxCurrentNumberOfTasks                   0x24000030   Data           4  tasks.o(.data)
    xTickCount                               0x24000034   Data           4  tasks.o(.data)
    uxTopReadyPriority                       0x24000038   Data           4  tasks.o(.data)
    xSchedulerRunning                        0x2400003c   Data           4  tasks.o(.data)
    xPendedTicks                             0x24000040   Data           4  tasks.o(.data)
    xYieldPending                            0x24000044   Data           4  tasks.o(.data)
    xNumOfOverflows                          0x24000048   Data           4  tasks.o(.data)
    uxTaskNumber                             0x2400004c   Data           4  tasks.o(.data)
    xNextTaskUnblockTime                     0x24000050   Data           4  tasks.o(.data)
    xIdleTaskHandle                          0x24000054   Data           4  tasks.o(.data)
    uxSchedulerSuspended                     0x24000058   Data           4  tasks.o(.data)
    pxDelayedTaskList                        0x2400005c   Data           4  tasks.o(.data)
    pxOverflowDelayedTaskList                0x24000060   Data           4  tasks.o(.data)
    .data                                    0x24000064   Section       32  heap_4.o(.data)
    pxEnd                                    0x24000064   Data           4  heap_4.o(.data)
    xFreeBytesRemaining                      0x24000068   Data           4  heap_4.o(.data)
    xMinimumEverFreeBytesRemaining           0x2400006c   Data           4  heap_4.o(.data)
    xNumberOfSuccessfulAllocations           0x24000070   Data           4  heap_4.o(.data)
    xNumberOfSuccessfulFrees                 0x24000074   Data           4  heap_4.o(.data)
    xBlockAllocatedBit                       0x24000078   Data           4  heap_4.o(.data)
    xStart                                   0x2400007c   Data           8  heap_4.o(.data)
    .data                                    0x24000084   Section       12  port.o(.data)
    ucMaxSysCallPriority                     0x24000084   Data           1  port.o(.data)
    uxCriticalNesting                        0x24000088   Data           4  port.o(.data)
    ulMaxPRIGROUPValue                       0x2400008c   Data           4  port.o(.data)
    .bss                                     0x24000090   Section      596  freertos.o(.bss)
    xIdleTaskTCBBuffer                       0x24000090   Data          84  freertos.o(.bss)
    xIdleStack                               0x240000e4   Data         512  freertos.o(.bss)
    .bss                                     0x240002e4   Section      232  eth.o(.bss)
    .bss                                     0x240003cc   Section      388  usart.o(.bss)
    .bss                                     0x24000550   Section       76  stm32h7xx_hal_timebase_tim.o(.bss)
    .bss                                     0x2400059c   Section      240  tasks.o(.bss)
    pxReadyTasksLists                        0x2400059c   Data         140  tasks.o(.bss)
    xDelayedTaskList1                        0x24000628   Data          20  tasks.o(.bss)
    xDelayedTaskList2                        0x2400063c   Data          20  tasks.o(.bss)
    xPendingReadyList                        0x24000650   Data          20  tasks.o(.bss)
    xTasksWaitingTermination                 0x24000664   Data          20  tasks.o(.bss)
    xSuspendedTaskList                       0x24000678   Data          20  tasks.o(.bss)
    .bss                                     0x2400068c   Section    65535  heap_4.o(.bss)
    ucHeap                                   0x2400068c   Data       65535  heap_4.o(.bss)
    STACK                                    0x24010690   Section     4096  startup_stm32h750xx.o(STACK)
    .ARM.__AT_0x30040000                     0x30040000   Section       96  eth.o(.ARM.__AT_0x30040000)
    .ARM.__AT_0x30040060                     0x30040060   Section       96  eth.o(.ARM.__AT_0x30040060)

    Global Symbols

    Symbol Name                              Value     Ov Type        Size  Object(Section)

    BuildAttributes$$THM_ISAv4$E$P$D$K$B$S$7EM$VFPv5_D16$PE$PLD8$A:L22UL41UL21$X:L11$S22US41US21$IEEE1$IW$USESV6$~STKCKD$USESV7$~SHL$OSPACE$EBA8$MICROLIB$REQ8$PRES8$EABIv2 0x00000000   Number         0  anon$$obj.o ABSOLUTE
    __ARM_use_no_argv                        0x00000000   Number         0  main.o ABSOLUTE
    __cpp_initialize__aeabi_                  - Undefined Weak Reference
    __cxa_finalize                            - Undefined Weak Reference
    __decompress                              - Undefined Weak Reference
    _clock_init                               - Undefined Weak Reference
    _microlib_exit                            - Undefined Weak Reference
    __Vectors_Size                           0x00000298   Number         0  startup_stm32h750xx.o ABSOLUTE
    __Vectors                                0x08000000   Data           4  startup_stm32h750xx.o(RESET)
    __Vectors_End                            0x08000298   Data           0  startup_stm32h750xx.o(RESET)
    __main                                   0x08000299   Thumb Code     0  entry.o(.ARM.Collect$$$$00000000)
    _main_stk                                0x08000299   Thumb Code     0  entry2.o(.ARM.Collect$$$$00000001)
    _main_scatterload                        0x0800029d   Thumb Code     0  entry5.o(.ARM.Collect$$$$00000004)
    __main_after_scatterload                 0x080002a1   Thumb Code     0  entry5.o(.ARM.Collect$$$$00000004)
    _main_clock                              0x080002a1   Thumb Code     0  entry7b.o(.ARM.Collect$$$$00000008)
    _main_cpp_init                           0x080002a1   Thumb Code     0  entry8b.o(.ARM.Collect$$$$0000000A)
    _main_init                               0x080002a1   Thumb Code     0  entry9a.o(.ARM.Collect$$$$0000000B)
    __rt_final_cpp                           0x080002a9   Thumb Code     0  entry10a.o(.ARM.Collect$$$$0000000D)
    __rt_final_exit                          0x080002a9   Thumb Code     0  entry11a.o(.ARM.Collect$$$$0000000F)
    SVC_Handler                              0x080002ad   Thumb Code    28  port.o(.emb_text)
    __asm___6_port_c_39a90d8d__prvStartFirstTask 0x080002cd   Thumb Code    36  port.o(.emb_text)
    __asm___6_port_c_39a90d8d__prvEnableVFP  0x080002f5   Thumb Code    16  port.o(.emb_text)
    PendSV_Handler                           0x08000309   Thumb Code    88  port.o(.emb_text)
    vPortGetIPSR                             0x08000365   Thumb Code     6  port.o(.emb_text)
    Reset_Handler                            0x0800036d   Thumb Code     8  startup_stm32h750xx.o(.text)
    ADC3_IRQHandler                          0x08000387   Thumb Code     0  startup_stm32h750xx.o(.text)
    ADC_IRQHandler                           0x08000387   Thumb Code     0  startup_stm32h750xx.o(.text)
    BDMA_Channel0_IRQHandler                 0x08000387   Thumb Code     0  startup_stm32h750xx.o(.text)
    BDMA_Channel1_IRQHandler                 0x08000387   Thumb Code     0  startup_stm32h750xx.o(.text)
    BDMA_Channel2_IRQHandler                 0x08000387   Thumb Code     0  startup_stm32h750xx.o(.text)
    BDMA_Channel3_IRQHandler                 0x08000387   Thumb Code     0  startup_stm32h750xx.o(.text)
    BDMA_Channel4_IRQHandler                 0x08000387   Thumb Code     0  startup_stm32h750xx.o(.text)
    BDMA_Channel5_IRQHandler                 0x08000387   Thumb Code     0  startup_stm32h750xx.o(.text)
    BDMA_Channel6_IRQHandler                 0x08000387   Thumb Code     0  startup_stm32h750xx.o(.text)
    BDMA_Channel7_IRQHandler                 0x08000387   Thumb Code     0  startup_stm32h750xx.o(.text)
    CEC_IRQHandler                           0x08000387   Thumb Code     0  startup_stm32h750xx.o(.text)
    COMP1_IRQHandler                         0x08000387   Thumb Code     0  startup_stm32h750xx.o(.text)
    CRS_IRQHandler                           0x08000387   Thumb Code     0  startup_stm32h750xx.o(.text)
    CRYP_IRQHandler                          0x08000387   Thumb Code     0  startup_stm32h750xx.o(.text)
    DCMI_IRQHandler                          0x08000387   Thumb Code     0  startup_stm32h750xx.o(.text)
    DFSDM1_FLT0_IRQHandler                   0x08000387   Thumb Code     0  startup_stm32h750xx.o(.text)
    DFSDM1_FLT1_IRQHandler                   0x08000387   Thumb Code     0  startup_stm32h750xx.o(.text)
    DFSDM1_FLT2_IRQHandler                   0x08000387   Thumb Code     0  startup_stm32h750xx.o(.text)
    DFSDM1_FLT3_IRQHandler                   0x08000387   Thumb Code     0  startup_stm32h750xx.o(.text)
    DMA1_Stream2_IRQHandler                  0x08000387   Thumb Code     0  startup_stm32h750xx.o(.text)
    DMA1_Stream3_IRQHandler                  0x08000387   Thumb Code     0  startup_stm32h750xx.o(.text)
    DMA1_Stream4_IRQHandler                  0x08000387   Thumb Code     0  startup_stm32h750xx.o(.text)
    DMA1_Stream5_IRQHandler                  0x08000387   Thumb Code     0  startup_stm32h750xx.o(.text)
    DMA1_Stream6_IRQHandler                  0x08000387   Thumb Code     0  startup_stm32h750xx.o(.text)
    DMA1_Stream7_IRQHandler                  0x08000387   Thumb Code     0  startup_stm32h750xx.o(.text)
    DMA2D_IRQHandler                         0x08000387   Thumb Code     0  startup_stm32h750xx.o(.text)
    DMA2_Stream0_IRQHandler                  0x08000387   Thumb Code     0  startup_stm32h750xx.o(.text)
    DMA2_Stream1_IRQHandler                  0x08000387   Thumb Code     0  startup_stm32h750xx.o(.text)
    DMA2_Stream2_IRQHandler                  0x08000387   Thumb Code     0  startup_stm32h750xx.o(.text)
    DMA2_Stream3_IRQHandler                  0x08000387   Thumb Code     0  startup_stm32h750xx.o(.text)
    DMA2_Stream4_IRQHandler                  0x08000387   Thumb Code     0  startup_stm32h750xx.o(.text)
    DMA2_Stream5_IRQHandler                  0x08000387   Thumb Code     0  startup_stm32h750xx.o(.text)
    DMA2_Stream6_IRQHandler                  0x08000387   Thumb Code     0  startup_stm32h750xx.o(.text)
    DMA2_Stream7_IRQHandler                  0x08000387   Thumb Code     0  startup_stm32h750xx.o(.text)
    DMAMUX1_OVR_IRQHandler                   0x08000387   Thumb Code     0  startup_stm32h750xx.o(.text)
    DMAMUX2_OVR_IRQHandler                   0x08000387   Thumb Code     0  startup_stm32h750xx.o(.text)
    ECC_IRQHandler                           0x08000387   Thumb Code     0  startup_stm32h750xx.o(.text)
    ETH_WKUP_IRQHandler                      0x08000387   Thumb Code     0  startup_stm32h750xx.o(.text)
    EXTI0_IRQHandler                         0x08000387   Thumb Code     0  startup_stm32h750xx.o(.text)
    EXTI15_10_IRQHandler                     0x08000387   Thumb Code     0  startup_stm32h750xx.o(.text)
    EXTI1_IRQHandler                         0x08000387   Thumb Code     0  startup_stm32h750xx.o(.text)
    EXTI2_IRQHandler                         0x08000387   Thumb Code     0  startup_stm32h750xx.o(.text)
    EXTI3_IRQHandler                         0x08000387   Thumb Code     0  startup_stm32h750xx.o(.text)
    EXTI4_IRQHandler                         0x08000387   Thumb Code     0  startup_stm32h750xx.o(.text)
    EXTI9_5_IRQHandler                       0x08000387   Thumb Code     0  startup_stm32h750xx.o(.text)
    FDCAN1_IT0_IRQHandler                    0x08000387   Thumb Code     0  startup_stm32h750xx.o(.text)
    FDCAN1_IT1_IRQHandler                    0x08000387   Thumb Code     0  startup_stm32h750xx.o(.text)
    FDCAN2_IT0_IRQHandler                    0x08000387   Thumb Code     0  startup_stm32h750xx.o(.text)
    FDCAN2_IT1_IRQHandler                    0x08000387   Thumb Code     0  startup_stm32h750xx.o(.text)
    FDCAN_CAL_IRQHandler                     0x08000387   Thumb Code     0  startup_stm32h750xx.o(.text)
    FLASH_IRQHandler                         0x08000387   Thumb Code     0  startup_stm32h750xx.o(.text)
    FMC_IRQHandler                           0x08000387   Thumb Code     0  startup_stm32h750xx.o(.text)
    FPU_IRQHandler                           0x08000387   Thumb Code     0  startup_stm32h750xx.o(.text)
    HASH_RNG_IRQHandler                      0x08000387   Thumb Code     0  startup_stm32h750xx.o(.text)
    HRTIM1_FLT_IRQHandler                    0x08000387   Thumb Code     0  startup_stm32h750xx.o(.text)
    HRTIM1_Master_IRQHandler                 0x08000387   Thumb Code     0  startup_stm32h750xx.o(.text)
    HRTIM1_TIMA_IRQHandler                   0x08000387   Thumb Code     0  startup_stm32h750xx.o(.text)
    HRTIM1_TIMB_IRQHandler                   0x08000387   Thumb Code     0  startup_stm32h750xx.o(.text)
    HRTIM1_TIMC_IRQHandler                   0x08000387   Thumb Code     0  startup_stm32h750xx.o(.text)
    HRTIM1_TIMD_IRQHandler                   0x08000387   Thumb Code     0  startup_stm32h750xx.o(.text)
    HRTIM1_TIME_IRQHandler                   0x08000387   Thumb Code     0  startup_stm32h750xx.o(.text)
    HSEM1_IRQHandler                         0x08000387   Thumb Code     0  startup_stm32h750xx.o(.text)
    I2C1_ER_IRQHandler                       0x08000387   Thumb Code     0  startup_stm32h750xx.o(.text)
    I2C1_EV_IRQHandler                       0x08000387   Thumb Code     0  startup_stm32h750xx.o(.text)
    I2C2_ER_IRQHandler                       0x08000387   Thumb Code     0  startup_stm32h750xx.o(.text)
    I2C2_EV_IRQHandler                       0x08000387   Thumb Code     0  startup_stm32h750xx.o(.text)
    I2C3_ER_IRQHandler                       0x08000387   Thumb Code     0  startup_stm32h750xx.o(.text)
    I2C3_EV_IRQHandler                       0x08000387   Thumb Code     0  startup_stm32h750xx.o(.text)
    I2C4_ER_IRQHandler                       0x08000387   Thumb Code     0  startup_stm32h750xx.o(.text)
    I2C4_EV_IRQHandler                       0x08000387   Thumb Code     0  startup_stm32h750xx.o(.text)
    JPEG_IRQHandler                          0x08000387   Thumb Code     0  startup_stm32h750xx.o(.text)
    LPTIM1_IRQHandler                        0x08000387   Thumb Code     0  startup_stm32h750xx.o(.text)
    LPTIM2_IRQHandler                        0x08000387   Thumb Code     0  startup_stm32h750xx.o(.text)
    LPTIM3_IRQHandler                        0x08000387   Thumb Code     0  startup_stm32h750xx.o(.text)
    LPTIM4_IRQHandler                        0x08000387   Thumb Code     0  startup_stm32h750xx.o(.text)
    LPTIM5_IRQHandler                        0x08000387   Thumb Code     0  startup_stm32h750xx.o(.text)
    LPUART1_IRQHandler                       0x08000387   Thumb Code     0  startup_stm32h750xx.o(.text)
    LTDC_ER_IRQHandler                       0x08000387   Thumb Code     0  startup_stm32h750xx.o(.text)
    LTDC_IRQHandler                          0x08000387   Thumb Code     0  startup_stm32h750xx.o(.text)
    MDIOS_IRQHandler                         0x08000387   Thumb Code     0  startup_stm32h750xx.o(.text)
    MDIOS_WKUP_IRQHandler                    0x08000387   Thumb Code     0  startup_stm32h750xx.o(.text)
    MDMA_IRQHandler                          0x08000387   Thumb Code     0  startup_stm32h750xx.o(.text)
    OTG_FS_EP1_IN_IRQHandler                 0x08000387   Thumb Code     0  startup_stm32h750xx.o(.text)
    OTG_FS_EP1_OUT_IRQHandler                0x08000387   Thumb Code     0  startup_stm32h750xx.o(.text)
    OTG_FS_IRQHandler                        0x08000387   Thumb Code     0  startup_stm32h750xx.o(.text)
    OTG_FS_WKUP_IRQHandler                   0x08000387   Thumb Code     0  startup_stm32h750xx.o(.text)
    OTG_HS_EP1_IN_IRQHandler                 0x08000387   Thumb Code     0  startup_stm32h750xx.o(.text)
    OTG_HS_EP1_OUT_IRQHandler                0x08000387   Thumb Code     0  startup_stm32h750xx.o(.text)
    OTG_HS_IRQHandler                        0x08000387   Thumb Code     0  startup_stm32h750xx.o(.text)
    OTG_HS_WKUP_IRQHandler                   0x08000387   Thumb Code     0  startup_stm32h750xx.o(.text)
    PVD_AVD_IRQHandler                       0x08000387   Thumb Code     0  startup_stm32h750xx.o(.text)
    QUADSPI_IRQHandler                       0x08000387   Thumb Code     0  startup_stm32h750xx.o(.text)
    RCC_IRQHandler                           0x08000387   Thumb Code     0  startup_stm32h750xx.o(.text)
    RTC_Alarm_IRQHandler                     0x08000387   Thumb Code     0  startup_stm32h750xx.o(.text)
    RTC_WKUP_IRQHandler                      0x08000387   Thumb Code     0  startup_stm32h750xx.o(.text)
    SAI1_IRQHandler                          0x08000387   Thumb Code     0  startup_stm32h750xx.o(.text)
    SAI2_IRQHandler                          0x08000387   Thumb Code     0  startup_stm32h750xx.o(.text)
    SAI3_IRQHandler                          0x08000387   Thumb Code     0  startup_stm32h750xx.o(.text)
    SAI4_IRQHandler                          0x08000387   Thumb Code     0  startup_stm32h750xx.o(.text)
    SDMMC1_IRQHandler                        0x08000387   Thumb Code     0  startup_stm32h750xx.o(.text)
    SDMMC2_IRQHandler                        0x08000387   Thumb Code     0  startup_stm32h750xx.o(.text)
    SPDIF_RX_IRQHandler                      0x08000387   Thumb Code     0  startup_stm32h750xx.o(.text)
    SPI1_IRQHandler                          0x08000387   Thumb Code     0  startup_stm32h750xx.o(.text)
    SPI2_IRQHandler                          0x08000387   Thumb Code     0  startup_stm32h750xx.o(.text)
    SPI3_IRQHandler                          0x08000387   Thumb Code     0  startup_stm32h750xx.o(.text)
    SPI4_IRQHandler                          0x08000387   Thumb Code     0  startup_stm32h750xx.o(.text)
    SPI5_IRQHandler                          0x08000387   Thumb Code     0  startup_stm32h750xx.o(.text)
    SPI6_IRQHandler                          0x08000387   Thumb Code     0  startup_stm32h750xx.o(.text)
    SWPMI1_IRQHandler                        0x08000387   Thumb Code     0  startup_stm32h750xx.o(.text)
    TAMP_STAMP_IRQHandler                    0x08000387   Thumb Code     0  startup_stm32h750xx.o(.text)
    TIM15_IRQHandler                         0x08000387   Thumb Code     0  startup_stm32h750xx.o(.text)
    TIM16_IRQHandler                         0x08000387   Thumb Code     0  startup_stm32h750xx.o(.text)
    TIM17_IRQHandler                         0x08000387   Thumb Code     0  startup_stm32h750xx.o(.text)
    TIM1_BRK_IRQHandler                      0x08000387   Thumb Code     0  startup_stm32h750xx.o(.text)
    TIM1_CC_IRQHandler                       0x08000387   Thumb Code     0  startup_stm32h750xx.o(.text)
    TIM1_TRG_COM_IRQHandler                  0x08000387   Thumb Code     0  startup_stm32h750xx.o(.text)
    TIM1_UP_IRQHandler                       0x08000387   Thumb Code     0  startup_stm32h750xx.o(.text)
    TIM2_IRQHandler                          0x08000387   Thumb Code     0  startup_stm32h750xx.o(.text)
    TIM3_IRQHandler                          0x08000387   Thumb Code     0  startup_stm32h750xx.o(.text)
    TIM4_IRQHandler                          0x08000387   Thumb Code     0  startup_stm32h750xx.o(.text)
    TIM5_IRQHandler                          0x08000387   Thumb Code     0  startup_stm32h750xx.o(.text)
    TIM6_DAC_IRQHandler                      0x08000387   Thumb Code     0  startup_stm32h750xx.o(.text)
    TIM8_BRK_TIM12_IRQHandler                0x08000387   Thumb Code     0  startup_stm32h750xx.o(.text)
    TIM8_CC_IRQHandler                       0x08000387   Thumb Code     0  startup_stm32h750xx.o(.text)
    TIM8_TRG_COM_TIM14_IRQHandler            0x08000387   Thumb Code     0  startup_stm32h750xx.o(.text)
    TIM8_UP_TIM13_IRQHandler                 0x08000387   Thumb Code     0  startup_stm32h750xx.o(.text)
    UART4_IRQHandler                         0x08000387   Thumb Code     0  startup_stm32h750xx.o(.text)
    UART5_IRQHandler                         0x08000387   Thumb Code     0  startup_stm32h750xx.o(.text)
    UART8_IRQHandler                         0x08000387   Thumb Code     0  startup_stm32h750xx.o(.text)
    USART1_IRQHandler                        0x08000387   Thumb Code     0  startup_stm32h750xx.o(.text)
    USART2_IRQHandler                        0x08000387   Thumb Code     0  startup_stm32h750xx.o(.text)
    USART3_IRQHandler                        0x08000387   Thumb Code     0  startup_stm32h750xx.o(.text)
    USART6_IRQHandler                        0x08000387   Thumb Code     0  startup_stm32h750xx.o(.text)
    WAKEUP_PIN_IRQHandler                    0x08000387   Thumb Code     0  startup_stm32h750xx.o(.text)
    WWDG_IRQHandler                          0x08000387   Thumb Code     0  startup_stm32h750xx.o(.text)
    __aeabi_uldivmod                         0x08000391   Thumb Code    98  uldiv.o(.text)
    __aeabi_memcpy                           0x080003f3   Thumb Code    36  memcpya.o(.text)
    __aeabi_memcpy4                          0x080003f3   Thumb Code     0  memcpya.o(.text)
    __aeabi_memcpy8                          0x080003f3   Thumb Code     0  memcpya.o(.text)
    __aeabi_memset                           0x08000417   Thumb Code    14  memseta.o(.text)
    __aeabi_memset4                          0x08000417   Thumb Code     0  memseta.o(.text)
    __aeabi_memset8                          0x08000417   Thumb Code     0  memseta.o(.text)
    __aeabi_memclr                           0x08000425   Thumb Code     4  memseta.o(.text)
    __aeabi_memclr4                          0x08000425   Thumb Code     0  memseta.o(.text)
    __aeabi_memclr8                          0x08000425   Thumb Code     0  memseta.o(.text)
    memset                                   0x08000429   Thumb Code    18  memseta.o(.text)
    __aeabi_llsl                             0x0800043b   Thumb Code    30  llshl.o(.text)
    _ll_shift_l                              0x0800043b   Thumb Code     0  llshl.o(.text)
    __aeabi_llsr                             0x08000459   Thumb Code    32  llushr.o(.text)
    _ll_ushift_r                             0x08000459   Thumb Code     0  llushr.o(.text)
    __scatterload                            0x08000479   Thumb Code    28  init.o(.text)
    __scatterload_rt2                        0x08000479   Thumb Code     0  init.o(.text)
    BusFault_Handler                         0x0800049d   Thumb Code     2  stm32h7xx_it.o(i.BusFault_Handler)
    DMA1_Stream0_IRQHandler                  0x080004a1   Thumb Code     6  stm32h7xx_it.o(i.DMA1_Stream0_IRQHandler)
    DMA1_Stream1_IRQHandler                  0x080004ad   Thumb Code     6  stm32h7xx_it.o(i.DMA1_Stream1_IRQHandler)
    DebugMon_Handler                         0x080006d1   Thumb Code     2  stm32h7xx_it.o(i.DebugMon_Handler)
    ETH_IRQHandler                           0x080006d5   Thumb Code     6  stm32h7xx_it.o(i.ETH_IRQHandler)
    Error_Handler                            0x08000a15   Thumb Code     4  main.o(i.Error_Handler)
    HAL_DMA_Abort                            0x08000a19   Thumb Code   836  stm32h7xx_hal_dma.o(i.HAL_DMA_Abort)
    HAL_DMA_Abort_IT                         0x08000d79   Thumb Code   602  stm32h7xx_hal_dma.o(i.HAL_DMA_Abort_IT)
    HAL_DMA_IRQHandler                       0x08000ffd   Thumb Code  1756  stm32h7xx_hal_dma.o(i.HAL_DMA_IRQHandler)
    HAL_DMA_Init                             0x080016e5   Thumb Code   926  stm32h7xx_hal_dma.o(i.HAL_DMA_Init)
    HAL_ETH_EEECallback                      0x08001aa9   Thumb Code     2  stm32h7xx_hal_eth.o(i.HAL_ETH_EEECallback)
    HAL_ETH_ErrorCallback                    0x08001aab   Thumb Code     2  stm32h7xx_hal_eth.o(i.HAL_ETH_ErrorCallback)
    HAL_ETH_IRQHandler                       0x08001aad   Thumb Code   320  stm32h7xx_hal_eth.o(i.HAL_ETH_IRQHandler)
    HAL_ETH_Init                             0x08001bed   Thumb Code   410  stm32h7xx_hal_eth.o(i.HAL_ETH_Init)
    HAL_ETH_MspInit                          0x08001d95   Thumb Code   212  eth.o(i.HAL_ETH_MspInit)
    HAL_ETH_PMTCallback                      0x08001e7d   Thumb Code     2  stm32h7xx_hal_eth.o(i.HAL_ETH_PMTCallback)
    HAL_ETH_RxCpltCallback                   0x08001e7f   Thumb Code     2  stm32h7xx_hal_eth.o(i.HAL_ETH_RxCpltCallback)
    HAL_ETH_SetMDIOClockRange                0x08001e81   Thumb Code    88  stm32h7xx_hal_eth.o(i.HAL_ETH_SetMDIOClockRange)
    HAL_ETH_TxCpltCallback                   0x08001ef9   Thumb Code     2  stm32h7xx_hal_eth.o(i.HAL_ETH_TxCpltCallback)
    HAL_ETH_WakeUpCallback                   0x08001efb   Thumb Code     2  stm32h7xx_hal_eth.o(i.HAL_ETH_WakeUpCallback)
    HAL_GPIO_Init                            0x08001efd   Thumb Code   506  stm32h7xx_hal_gpio.o(i.HAL_GPIO_Init)
    HAL_GPIO_WritePin                        0x08002129   Thumb Code    10  stm32h7xx_hal_gpio.o(i.HAL_GPIO_WritePin)
    HAL_GetREVID                             0x08002135   Thumb Code     8  stm32h7xx_hal.o(i.HAL_GetREVID)
    HAL_GetTick                              0x08002141   Thumb Code     6  stm32h7xx_hal.o(i.HAL_GetTick)
    HAL_IncTick                              0x0800214d   Thumb Code    12  stm32h7xx_hal.o(i.HAL_IncTick)
    HAL_Init                                 0x0800215d   Thumb Code    74  stm32h7xx_hal.o(i.HAL_Init)
    HAL_InitTick                             0x080021b9   Thumb Code   120  stm32h7xx_hal_timebase_tim.o(i.HAL_InitTick)
    HAL_MPU_ConfigRegion                     0x08002245   Thumb Code    86  stm32h7xx_hal_cortex.o(i.HAL_MPU_ConfigRegion)
    HAL_MPU_Disable                          0x080022a1   Thumb Code    24  stm32h7xx_hal_cortex.o(i.HAL_MPU_Disable)
    HAL_MPU_Enable                           0x080022bd   Thumb Code    30  stm32h7xx_hal_cortex.o(i.HAL_MPU_Enable)
    HAL_MspInit                              0x080022e1   Thumb Code    32  stm32h7xx_hal_msp.o(i.HAL_MspInit)
    HAL_NVIC_EnableIRQ                       0x08002305   Thumb Code    26  stm32h7xx_hal_cortex.o(i.HAL_NVIC_EnableIRQ)
    HAL_NVIC_SetPriority                     0x08002321   Thumb Code    60  stm32h7xx_hal_cortex.o(i.HAL_NVIC_SetPriority)
    HAL_NVIC_SetPriorityGrouping             0x08002361   Thumb Code    28  stm32h7xx_hal_cortex.o(i.HAL_NVIC_SetPriorityGrouping)
    HAL_PWREx_ConfigSupply                   0x08002385   Thumb Code    78  stm32h7xx_hal_pwr_ex.o(i.HAL_PWREx_ConfigSupply)
    HAL_RCCEx_GetD3PCLK1Freq                 0x080023d9   Thumb Code    26  stm32h7xx_hal_rcc_ex.o(i.HAL_RCCEx_GetD3PCLK1Freq)
    HAL_RCCEx_GetPLL2ClockFreq               0x080023fd   Thumb Code   296  stm32h7xx_hal_rcc_ex.o(i.HAL_RCCEx_GetPLL2ClockFreq)
    HAL_RCCEx_GetPLL3ClockFreq               0x08002541   Thumb Code   296  stm32h7xx_hal_rcc_ex.o(i.HAL_RCCEx_GetPLL3ClockFreq)
    HAL_RCCEx_PeriphCLKConfig                0x08002685   Thumb Code  2472  stm32h7xx_hal_rcc_ex.o(i.HAL_RCCEx_PeriphCLKConfig)
    HAL_RCC_ClockConfig                      0x08003031   Thumb Code   580  stm32h7xx_hal_rcc.o(i.HAL_RCC_ClockConfig)
    HAL_RCC_GetClockConfig                   0x0800328d   Thumb Code    84  stm32h7xx_hal_rcc.o(i.HAL_RCC_GetClockConfig)
    HAL_RCC_GetHCLKFreq                      0x080032e9   Thumb Code    52  stm32h7xx_hal_rcc.o(i.HAL_RCC_GetHCLKFreq)
    HAL_RCC_GetPCLK1Freq                     0x0800332d   Thumb Code    26  stm32h7xx_hal_rcc.o(i.HAL_RCC_GetPCLK1Freq)
    HAL_RCC_GetPCLK2Freq                     0x08003351   Thumb Code    26  stm32h7xx_hal_rcc.o(i.HAL_RCC_GetPCLK2Freq)
    HAL_RCC_GetSysClockFreq                  0x08003375   Thumb Code   278  stm32h7xx_hal_rcc.o(i.HAL_RCC_GetSysClockFreq)
    HAL_RCC_OscConfig                        0x080034ad   Thumb Code  1410  stm32h7xx_hal_rcc.o(i.HAL_RCC_OscConfig)
    HAL_SYSCFG_ETHInterfaceSelect            0x08003a31   Thumb Code    14  stm32h7xx_hal.o(i.HAL_SYSCFG_ETHInterfaceSelect)
    HAL_TIMEx_Break2Callback                 0x08003a45   Thumb Code     2  stm32h7xx_hal_tim_ex.o(i.HAL_TIMEx_Break2Callback)
    HAL_TIMEx_BreakCallback                  0x08003a47   Thumb Code     2  stm32h7xx_hal_tim_ex.o(i.HAL_TIMEx_BreakCallback)
    HAL_TIMEx_CommutCallback                 0x08003a49   Thumb Code     2  stm32h7xx_hal_tim_ex.o(i.HAL_TIMEx_CommutCallback)
    HAL_TIM_Base_Init                        0x08003a4b   Thumb Code    98  stm32h7xx_hal_tim.o(i.HAL_TIM_Base_Init)
    HAL_TIM_Base_MspInit                     0x08003aad   Thumb Code     2  stm32h7xx_hal_tim.o(i.HAL_TIM_Base_MspInit)
    HAL_TIM_Base_Start_IT                    0x08003ab1   Thumb Code   106  stm32h7xx_hal_tim.o(i.HAL_TIM_Base_Start_IT)
    HAL_TIM_IC_CaptureCallback               0x08003b3d   Thumb Code     2  stm32h7xx_hal_tim.o(i.HAL_TIM_IC_CaptureCallback)
    HAL_TIM_IRQHandler                       0x08003b3f   Thumb Code   386  stm32h7xx_hal_tim.o(i.HAL_TIM_IRQHandler)
    HAL_TIM_OC_DelayElapsedCallback          0x08003cc1   Thumb Code     2  stm32h7xx_hal_tim.o(i.HAL_TIM_OC_DelayElapsedCallback)
    HAL_TIM_PWM_PulseFinishedCallback        0x08003cc3   Thumb Code     2  stm32h7xx_hal_tim.o(i.HAL_TIM_PWM_PulseFinishedCallback)
    HAL_TIM_PeriodElapsedCallback            0x08003cc5   Thumb Code    14  main.o(i.HAL_TIM_PeriodElapsedCallback)
    HAL_TIM_TriggerCallback                  0x08003cd9   Thumb Code     2  stm32h7xx_hal_tim.o(i.HAL_TIM_TriggerCallback)
    HAL_UARTEx_DisableFifoMode               0x08003cdb   Thumb Code    64  stm32h7xx_hal_uart_ex.o(i.HAL_UARTEx_DisableFifoMode)
    HAL_UARTEx_RxEventCallback               0x08003d1b   Thumb Code     2  stm32h7xx_hal_uart.o(i.HAL_UARTEx_RxEventCallback)
    HAL_UARTEx_RxFifoFullCallback            0x08003d1d   Thumb Code     2  stm32h7xx_hal_uart_ex.o(i.HAL_UARTEx_RxFifoFullCallback)
    HAL_UARTEx_SetRxFifoThreshold            0x08003d1f   Thumb Code    76  stm32h7xx_hal_uart_ex.o(i.HAL_UARTEx_SetRxFifoThreshold)
    HAL_UARTEx_SetTxFifoThreshold            0x08003d6b   Thumb Code    76  stm32h7xx_hal_uart_ex.o(i.HAL_UARTEx_SetTxFifoThreshold)
    HAL_UARTEx_TxFifoEmptyCallback           0x08003db7   Thumb Code     2  stm32h7xx_hal_uart_ex.o(i.HAL_UARTEx_TxFifoEmptyCallback)
    HAL_UARTEx_WakeupCallback                0x08003db9   Thumb Code     2  stm32h7xx_hal_uart_ex.o(i.HAL_UARTEx_WakeupCallback)
    HAL_UART_ErrorCallback                   0x08003dbb   Thumb Code     2  stm32h7xx_hal_uart.o(i.HAL_UART_ErrorCallback)
    HAL_UART_IRQHandler                      0x08003dbd   Thumb Code   878  stm32h7xx_hal_uart.o(i.HAL_UART_IRQHandler)
    HAL_UART_Init                            0x08004145   Thumb Code   106  stm32h7xx_hal_uart.o(i.HAL_UART_Init)
    HAL_UART_MspInit                         0x080041b1   Thumb Code   230  usart.o(i.HAL_UART_MspInit)
    HAL_UART_TxCpltCallback                  0x080042ad   Thumb Code     2  stm32h7xx_hal_uart.o(i.HAL_UART_TxCpltCallback)
    HardFault_Handler                        0x080042af   Thumb Code     2  stm32h7xx_it.o(i.HardFault_Handler)
    MX_DMA_Init                              0x0800433d   Thumb Code    56  dma.o(i.MX_DMA_Init)
    MX_ETH_Init                              0x08004379   Thumb Code    88  eth.o(i.MX_ETH_Init)
    MX_FREERTOS_Init                         0x080043e5   Thumb Code    74  freertos.o(i.MX_FREERTOS_Init)
    MX_GPIO_Init                             0x08004439   Thumb Code   132  gpio.o(i.MX_GPIO_Init)
    MX_UART7_Init                            0x080044c5   Thumb Code    94  usart.o(i.MX_UART7_Init)
    MemManage_Handler                        0x0800452d   Thumb Code     2  stm32h7xx_it.o(i.MemManage_Handler)
    NMI_Handler                              0x0800452f   Thumb Code     2  stm32h7xx_it.o(i.NMI_Handler)
    StartDefaultTask                         0x08004771   Thumb Code    18  freertos.o(i.StartDefaultTask)
    StartTask02                              0x08004789   Thumb Code     8  freertos.o(i.StartTask02)
    StartTask03                              0x08004791   Thumb Code     8  freertos.o(i.StartTask03)
    SysTick_Handler                          0x08004799   Thumb Code    38  port.o(i.SysTick_Handler)
    SystemClock_Config                       0x080047c5   Thumb Code   208  main.o(i.SystemClock_Config)
    SystemInit                               0x080048a1   Thumb Code   180  system_stm32h7xx.o(i.SystemInit)
    TIM7_IRQHandler                          0x0800497d   Thumb Code     6  stm32h7xx_it.o(i.TIM7_IRQHandler)
    TIM_Base_SetConfig                       0x08004989   Thumb Code   162  stm32h7xx_hal_tim.o(i.TIM_Base_SetConfig)
    UART7_IRQHandler                         0x08004a4d   Thumb Code     6  stm32h7xx_it.o(i.UART7_IRQHandler)
    UART_AdvFeatureConfig                    0x08004a9d   Thumb Code   200  stm32h7xx_hal_uart.o(i.UART_AdvFeatureConfig)
    UART_CheckIdleState                      0x08004b65   Thumb Code   170  stm32h7xx_hal_uart.o(i.UART_CheckIdleState)
    UART_SetConfig                           0x08004c79   Thumb Code   876  stm32h7xx_hal_uart.o(i.UART_SetConfig)
    UART_WaitOnFlagUntilTimeout              0x08005025   Thumb Code   140  stm32h7xx_hal_uart.o(i.UART_WaitOnFlagUntilTimeout)
    UsageFault_Handler                       0x080050b1   Thumb Code     2  stm32h7xx_it.o(i.UsageFault_Handler)
    __scatterload_copy                       0x080050d5   Thumb Code    14  handlers.o(i.__scatterload_copy)
    __scatterload_null                       0x080050e3   Thumb Code     2  handlers.o(i.__scatterload_null)
    __scatterload_zeroinit                   0x080050e5   Thumb Code    14  handlers.o(i.__scatterload_zeroinit)
    main                                     0x080050f5   Thumb Code   160  main.o(i.main)
    osDelay                                  0x080051ab   Thumb Code    14  cmsis_os.o(i.osDelay)
    osKernelStart                            0x080051b9   Thumb Code    10  cmsis_os.o(i.osKernelStart)
    osThreadCreate                           0x080051c3   Thumb Code    84  cmsis_os.o(i.osThreadCreate)
    pvPortMalloc                             0x08005569   Thumb Code   216  heap_4.o(i.pvPortMalloc)
    pxPortInitialiseStack                    0x08005645   Thumb Code    42  port.o(i.pxPortInitialiseStack)
    uxListRemove                             0x08005675   Thumb Code    38  list.o(i.uxListRemove)
    vApplicationGetIdleTaskMemory            0x0800569d   Thumb Code    18  freertos.o(i.vApplicationGetIdleTaskMemory)
    vListInitialise                          0x080056b5   Thumb Code    22  list.o(i.vListInitialise)
    vListInitialiseItem                      0x080056cb   Thumb Code     6  list.o(i.vListInitialiseItem)
    vListInsert                              0x080056d1   Thumb Code    48  list.o(i.vListInsert)
    vListInsertEnd                           0x08005701   Thumb Code    24  list.o(i.vListInsertEnd)
    vPortEnterCritical                       0x08005719   Thumb Code    54  port.o(i.vPortEnterCritical)
    vPortExitCritical                        0x08005759   Thumb Code    34  port.o(i.vPortExitCritical)
    vPortFree                                0x08005781   Thumb Code    94  heap_4.o(i.vPortFree)
    vPortSetupTimerInterrupt                 0x080057e5   Thumb Code    32  port.o(i.vPortSetupTimerInterrupt)
    vTaskDelay                               0x08005809   Thumb Code    66  tasks.o(i.vTaskDelay)
    vTaskStartScheduler                      0x08005855   Thumb Code    90  tasks.o(i.vTaskStartScheduler)
    vTaskSuspendAll                          0x080058c1   Thumb Code    10  tasks.o(i.vTaskSuspendAll)
    vTaskSwitchContext                       0x080058d1   Thumb Code    82  tasks.o(i.vTaskSwitchContext)
    xPortStartScheduler                      0x0800592d   Thumb Code   222  port.o(i.xPortStartScheduler)
    xTaskCreate                              0x08005a21   Thumb Code    90  tasks.o(i.xTaskCreate)
    xTaskCreateStatic                        0x08005a7b   Thumb Code    86  tasks.o(i.xTaskCreateStatic)
    xTaskIncrementTick                       0x08005ad1   Thumb Code   194  tasks.o(i.xTaskIncrementTick)
    xTaskResumeAll                           0x08005b9d   Thumb Code   184  tasks.o(i.xTaskResumeAll)
    UARTPrescTable                           0x08005cbc   Data          24  stm32h7xx_hal_uart.o(.constdata)
    D1CorePrescTable                         0x08005ce4   Data          16  system_stm32h7xx.o(.constdata)
    Region$$Table$$Base                      0x08005d18   Number         0  anon$$obj.o(Region$$Table)
    Region$$Table$$Limit                     0x08005d38   Number         0  anon$$obj.o(Region$$Table)
    defaultTaskHandle                        0x24000000   Data           4  freertos.o(.data)
    myTask02Handle                           0x24000004   Data           4  freertos.o(.data)
    myTask03Handle                           0x24000008   Data           4  freertos.o(.data)
    uwTickFreq                               0x24000014   Data           1  stm32h7xx_hal.o(.data)
    uwTickPrio                               0x24000018   Data           4  stm32h7xx_hal.o(.data)
    uwTick                                   0x2400001c   Data           4  stm32h7xx_hal.o(.data)
    SystemCoreClock                          0x24000020   Data           4  system_stm32h7xx.o(.data)
    SystemD2Clock                            0x24000024   Data           4  system_stm32h7xx.o(.data)
    pxCurrentTCB                             0x24000028   Data           4  tasks.o(.data)
    TxConfig                                 0x240002e4   Data          56  eth.o(.bss)
    heth                                     0x2400031c   Data         176  eth.o(.bss)
    huart7                                   0x240003cc   Data         148  usart.o(.bss)
    hdma_uart7_rx                            0x24000460   Data         120  usart.o(.bss)
    hdma_uart7_tx                            0x240004d8   Data         120  usart.o(.bss)
    htim7                                    0x24000550   Data          76  stm32h7xx_hal_timebase_tim.o(.bss)
    __initial_sp                             0x24011690   Data           0  startup_stm32h750xx.o(STACK)
    DMARxDscrTab                             0x30040000   Data          96  eth.o(.ARM.__AT_0x30040000)
    DMATxDscrTab                             0x30040060   Data          96  eth.o(.ARM.__AT_0x30040060)



==============================================================================

Memory Map of the image

  Image Entry point : 0x08000299

  Load Region LR_IROM1 (Base: 0x08000000, Size: 0x00005dc8, Max: 0x00020000, ABSOLUTE)

    Execution Region ER_IROM1 (Exec base: 0x08000000, Load base: 0x08000000, Size: 0x00005d38, Max: 0x00020000, ABSOLUTE)

    Exec Addr    Load Addr    Size         Type   Attr      Idx    E Section Name        Object

    0x08000000   0x08000000   0x00000298   Data   RO            3    RESET               startup_stm32h750xx.o
    0x08000298   0x08000298   0x00000000   Code   RO         6322  * .ARM.Collect$$$$00000000  mc_w.l(entry.o)
    0x08000298   0x08000298   0x00000004   Code   RO         6335    .ARM.Collect$$$$00000001  mc_w.l(entry2.o)
    0x0800029c   0x0800029c   0x00000004   Code   RO         6338    .ARM.Collect$$$$00000004  mc_w.l(entry5.o)
    0x080002a0   0x080002a0   0x00000000   Code   RO         6340    .ARM.Collect$$$$00000008  mc_w.l(entry7b.o)
    0x080002a0   0x080002a0   0x00000000   Code   RO         6342    .ARM.Collect$$$$0000000A  mc_w.l(entry8b.o)
    0x080002a0   0x080002a0   0x00000008   Code   RO         6343    .ARM.Collect$$$$0000000B  mc_w.l(entry9a.o)
    0x080002a8   0x080002a8   0x00000000   Code   RO         6345    .ARM.Collect$$$$0000000D  mc_w.l(entry10a.o)
    0x080002a8   0x080002a8   0x00000000   Code   RO         6347    .ARM.Collect$$$$0000000F  mc_w.l(entry11a.o)
    0x080002a8   0x080002a8   0x00000004   Code   RO         6336    .ARM.Collect$$$$00002712  mc_w.l(entry2.o)
    0x080002ac   0x080002ac   0x000000be   Code   RO         6245    .emb_text           port.o
    0x0800036a   0x0800036a   0x00000002   PAD
    0x0800036c   0x0800036c   0x00000024   Code   RO            4    .text               startup_stm32h750xx.o
    0x08000390   0x08000390   0x00000062   Code   RO         6325    .text               mc_w.l(uldiv.o)
    0x080003f2   0x080003f2   0x00000024   Code   RO         6327    .text               mc_w.l(memcpya.o)
    0x08000416   0x08000416   0x00000024   Code   RO         6331    .text               mc_w.l(memseta.o)
    0x0800043a   0x0800043a   0x0000001e   Code   RO         6349    .text               mc_w.l(llshl.o)
    0x08000458   0x08000458   0x00000020   Code   RO         6351    .text               mc_w.l(llushr.o)
    0x08000478   0x08000478   0x00000024   Code   RO         6353    .text               mc_w.l(init.o)
    0x0800049c   0x0800049c   0x00000002   Code   RO          442    i.BusFault_Handler  stm32h7xx_it.o
    0x0800049e   0x0800049e   0x00000002   PAD
    0x080004a0   0x080004a0   0x0000000c   Code   RO          443    i.DMA1_Stream0_IRQHandler  stm32h7xx_it.o
    0x080004ac   0x080004ac   0x0000000c   Code   RO          444    i.DMA1_Stream1_IRQHandler  stm32h7xx_it.o
    0x080004b8   0x080004b8   0x000000b4   Code   RO         1354    i.DMA_CalcBaseAndBitshift  stm32h7xx_hal_dma.o
    0x0800056c   0x0800056c   0x0000009c   Code   RO         1355    i.DMA_CalcDMAMUXChannelBaseAndMask  stm32h7xx_hal_dma.o
    0x08000608   0x08000608   0x00000074   Code   RO         1356    i.DMA_CalcDMAMUXRequestGenBaseAndMask  stm32h7xx_hal_dma.o
    0x0800067c   0x0800067c   0x00000054   Code   RO         1357    i.DMA_CheckFifoParam  stm32h7xx_hal_dma.o
    0x080006d0   0x080006d0   0x00000002   Code   RO          445    i.DebugMon_Handler  stm32h7xx_it.o
    0x080006d2   0x080006d2   0x00000002   PAD
    0x080006d4   0x080006d4   0x0000000c   Code   RO          446    i.ETH_IRQHandler    stm32h7xx_it.o
    0x080006e0   0x080006e0   0x000000d8   Code   RO         2971    i.ETH_MACDMAConfig  stm32h7xx_hal_eth.o
    0x080007b8   0x080007b8   0x000000b4   Code   RO         2973    i.ETH_SetDMAConfig  stm32h7xx_hal_eth.o
    0x0800086c   0x0800086c   0x000001a8   Code   RO         2974    i.ETH_SetMACConfig  stm32h7xx_hal_eth.o
    0x08000a14   0x08000a14   0x00000004   Code   RO           13    i.Error_Handler     main.o
    0x08000a18   0x08000a18   0x00000360   Code   RO         1359    i.HAL_DMA_Abort     stm32h7xx_hal_dma.o
    0x08000d78   0x08000d78   0x00000284   Code   RO         1360    i.HAL_DMA_Abort_IT  stm32h7xx_hal_dma.o
    0x08000ffc   0x08000ffc   0x000006e8   Code   RO         1364    i.HAL_DMA_IRQHandler  stm32h7xx_hal_dma.o
    0x080016e4   0x080016e4   0x000003c4   Code   RO         1365    i.HAL_DMA_Init      stm32h7xx_hal_dma.o
    0x08001aa8   0x08001aa8   0x00000002   Code   RO         2977    i.HAL_ETH_EEECallback  stm32h7xx_hal_eth.o
    0x08001aaa   0x08001aaa   0x00000002   Code   RO         2979    i.HAL_ETH_ErrorCallback  stm32h7xx_hal_eth.o
    0x08001aac   0x08001aac   0x00000140   Code   RO         2990    i.HAL_ETH_IRQHandler  stm32h7xx_hal_eth.o
    0x08001bec   0x08001bec   0x000001a8   Code   RO         2991    i.HAL_ETH_Init      stm32h7xx_hal_eth.o
    0x08001d94   0x08001d94   0x000000e8   Code   RO          355    i.HAL_ETH_MspInit   eth.o
    0x08001e7c   0x08001e7c   0x00000002   Code   RO         2994    i.HAL_ETH_PMTCallback  stm32h7xx_hal_eth.o
    0x08001e7e   0x08001e7e   0x00000002   Code   RO         3002    i.HAL_ETH_RxCpltCallback  stm32h7xx_hal_eth.o
    0x08001e80   0x08001e80   0x00000078   Code   RO         3008    i.HAL_ETH_SetMDIOClockRange  stm32h7xx_hal_eth.o
    0x08001ef8   0x08001ef8   0x00000002   Code   RO         3018    i.HAL_ETH_TxCpltCallback  stm32h7xx_hal_eth.o
    0x08001efa   0x08001efa   0x00000002   Code   RO         3023    i.HAL_ETH_WakeUpCallback  stm32h7xx_hal_eth.o
    0x08001efc   0x08001efc   0x0000022c   Code   RO         1207    i.HAL_GPIO_Init     stm32h7xx_hal_gpio.o
    0x08002128   0x08002128   0x0000000a   Code   RO         1211    i.HAL_GPIO_WritePin  stm32h7xx_hal_gpio.o
    0x08002132   0x08002132   0x00000002   PAD
    0x08002134   0x08002134   0x0000000c   Code   RO         2079    i.HAL_GetREVID      stm32h7xx_hal.o
    0x08002140   0x08002140   0x0000000c   Code   RO         2080    i.HAL_GetTick       stm32h7xx_hal.o
    0x0800214c   0x0800214c   0x00000010   Code   RO         2086    i.HAL_IncTick       stm32h7xx_hal.o
    0x0800215c   0x0800215c   0x0000005c   Code   RO         2087    i.HAL_Init          stm32h7xx_hal.o
    0x080021b8   0x080021b8   0x0000008c   Code   RO          554    i.HAL_InitTick      stm32h7xx_hal_timebase_tim.o
    0x08002244   0x08002244   0x0000005c   Code   RO          594    i.HAL_MPU_ConfigRegion  stm32h7xx_hal_cortex.o
    0x080022a0   0x080022a0   0x0000001c   Code   RO          595    i.HAL_MPU_Disable   stm32h7xx_hal_cortex.o
    0x080022bc   0x080022bc   0x00000024   Code   RO          596    i.HAL_MPU_Enable    stm32h7xx_hal_cortex.o
    0x080022e0   0x080022e0   0x00000024   Code   RO          530    i.HAL_MspInit       stm32h7xx_hal_msp.o
    0x08002304   0x08002304   0x0000001a   Code   RO          599    i.HAL_NVIC_EnableIRQ  stm32h7xx_hal_cortex.o
    0x0800231e   0x0800231e   0x00000002   PAD
    0x08002320   0x08002320   0x00000040   Code   RO          605    i.HAL_NVIC_SetPriority  stm32h7xx_hal_cortex.o
    0x08002360   0x08002360   0x00000024   Code   RO          606    i.HAL_NVIC_SetPriorityGrouping  stm32h7xx_hal_cortex.o
    0x08002384   0x08002384   0x00000054   Code   RO         1808    i.HAL_PWREx_ConfigSupply  stm32h7xx_hal_pwr_ex.o
    0x080023d8   0x080023d8   0x00000024   Code   RO          850    i.HAL_RCCEx_GetD3PCLK1Freq  stm32h7xx_hal_rcc_ex.o
    0x080023fc   0x080023fc   0x00000144   Code   RO          852    i.HAL_RCCEx_GetPLL2ClockFreq  stm32h7xx_hal_rcc_ex.o
    0x08002540   0x08002540   0x00000144   Code   RO          853    i.HAL_RCCEx_GetPLL3ClockFreq  stm32h7xx_hal_rcc_ex.o
    0x08002684   0x08002684   0x000009ac   Code   RO          859    i.HAL_RCCEx_PeriphCLKConfig  stm32h7xx_hal_rcc_ex.o
    0x08003030   0x08003030   0x0000025c   Code   RO          735    i.HAL_RCC_ClockConfig  stm32h7xx_hal_rcc.o
    0x0800328c   0x0800328c   0x0000005c   Code   RO          739    i.HAL_RCC_GetClockConfig  stm32h7xx_hal_rcc.o
    0x080032e8   0x080032e8   0x00000044   Code   RO          740    i.HAL_RCC_GetHCLKFreq  stm32h7xx_hal_rcc.o
    0x0800332c   0x0800332c   0x00000024   Code   RO          742    i.HAL_RCC_GetPCLK1Freq  stm32h7xx_hal_rcc.o
    0x08003350   0x08003350   0x00000024   Code   RO          743    i.HAL_RCC_GetPCLK2Freq  stm32h7xx_hal_rcc.o
    0x08003374   0x08003374   0x00000138   Code   RO          744    i.HAL_RCC_GetSysClockFreq  stm32h7xx_hal_rcc.o
    0x080034ac   0x080034ac   0x00000582   Code   RO          747    i.HAL_RCC_OscConfig  stm32h7xx_hal_rcc.o
    0x08003a2e   0x08003a2e   0x00000002   PAD
    0x08003a30   0x08003a30   0x00000014   Code   RO         2099    i.HAL_SYSCFG_ETHInterfaceSelect  stm32h7xx_hal.o
    0x08003a44   0x08003a44   0x00000002   Code   RO         4162    i.HAL_TIMEx_Break2Callback  stm32h7xx_hal_tim_ex.o
    0x08003a46   0x08003a46   0x00000002   Code   RO         4163    i.HAL_TIMEx_BreakCallback  stm32h7xx_hal_tim_ex.o
    0x08003a48   0x08003a48   0x00000002   Code   RO         4164    i.HAL_TIMEx_CommutCallback  stm32h7xx_hal_tim_ex.o
    0x08003a4a   0x08003a4a   0x00000062   Code   RO         3448    i.HAL_TIM_Base_Init  stm32h7xx_hal_tim.o
    0x08003aac   0x08003aac   0x00000002   Code   RO         3450    i.HAL_TIM_Base_MspInit  stm32h7xx_hal_tim.o
    0x08003aae   0x08003aae   0x00000002   PAD
    0x08003ab0   0x08003ab0   0x0000008c   Code   RO         3453    i.HAL_TIM_Base_Start_IT  stm32h7xx_hal_tim.o
    0x08003b3c   0x08003b3c   0x00000002   Code   RO         3482    i.HAL_TIM_IC_CaptureCallback  stm32h7xx_hal_tim.o
    0x08003b3e   0x08003b3e   0x00000182   Code   RO         3496    i.HAL_TIM_IRQHandler  stm32h7xx_hal_tim.o
    0x08003cc0   0x08003cc0   0x00000002   Code   RO         3499    i.HAL_TIM_OC_DelayElapsedCallback  stm32h7xx_hal_tim.o
    0x08003cc2   0x08003cc2   0x00000002   Code   RO         3526    i.HAL_TIM_PWM_PulseFinishedCallback  stm32h7xx_hal_tim.o
    0x08003cc4   0x08003cc4   0x00000014   Code   RO           14    i.HAL_TIM_PeriodElapsedCallback  main.o
    0x08003cd8   0x08003cd8   0x00000002   Code   RO         3539    i.HAL_TIM_TriggerCallback  stm32h7xx_hal_tim.o
    0x08003cda   0x08003cda   0x00000040   Code   RO         4873    i.HAL_UARTEx_DisableFifoMode  stm32h7xx_hal_uart_ex.o
    0x08003d1a   0x08003d1a   0x00000002   Code   RO         4462    i.HAL_UARTEx_RxEventCallback  stm32h7xx_hal_uart.o
    0x08003d1c   0x08003d1c   0x00000002   Code   RO         4881    i.HAL_UARTEx_RxFifoFullCallback  stm32h7xx_hal_uart_ex.o
    0x08003d1e   0x08003d1e   0x0000004c   Code   RO         4882    i.HAL_UARTEx_SetRxFifoThreshold  stm32h7xx_hal_uart_ex.o
    0x08003d6a   0x08003d6a   0x0000004c   Code   RO         4883    i.HAL_UARTEx_SetTxFifoThreshold  stm32h7xx_hal_uart_ex.o
    0x08003db6   0x08003db6   0x00000002   Code   RO         4885    i.HAL_UARTEx_TxFifoEmptyCallback  stm32h7xx_hal_uart_ex.o
    0x08003db8   0x08003db8   0x00000002   Code   RO         4886    i.HAL_UARTEx_WakeupCallback  stm32h7xx_hal_uart_ex.o
    0x08003dba   0x08003dba   0x00000002   Code   RO         4478    i.HAL_UART_ErrorCallback  stm32h7xx_hal_uart.o
    0x08003dbc   0x08003dbc   0x00000388   Code   RO         4481    i.HAL_UART_IRQHandler  stm32h7xx_hal_uart.o
    0x08004144   0x08004144   0x0000006a   Code   RO         4482    i.HAL_UART_Init     stm32h7xx_hal_uart.o
    0x080041ae   0x080041ae   0x00000002   PAD
    0x080041b0   0x080041b0   0x000000fc   Code   RO          401    i.HAL_UART_MspInit  usart.o
    0x080042ac   0x080042ac   0x00000002   Code   RO         4494    i.HAL_UART_TxCpltCallback  stm32h7xx_hal_uart.o
    0x080042ae   0x080042ae   0x00000002   Code   RO          447    i.HardFault_Handler  stm32h7xx_it.o
    0x080042b0   0x080042b0   0x0000008c   Code   RO           15    i.MPU_Config        main.o
    0x0800433c   0x0800433c   0x0000003c   Code   RO          330    i.MX_DMA_Init       dma.o
    0x08004378   0x08004378   0x0000006c   Code   RO          356    i.MX_ETH_Init       eth.o
    0x080043e4   0x080043e4   0x00000054   Code   RO          268    i.MX_FREERTOS_Init  freertos.o
    0x08004438   0x08004438   0x0000008c   Code   RO          240    i.MX_GPIO_Init      gpio.o
    0x080044c4   0x080044c4   0x00000068   Code   RO          402    i.MX_UART7_Init     usart.o
    0x0800452c   0x0800452c   0x00000002   Code   RO          448    i.MemManage_Handler  stm32h7xx_it.o
    0x0800452e   0x0800452e   0x00000002   Code   RO          449    i.NMI_Handler       stm32h7xx_it.o
    0x08004530   0x08004530   0x00000120   Code   RO          862    i.RCCEx_PLL2_Config  stm32h7xx_hal_rcc_ex.o
    0x08004650   0x08004650   0x00000120   Code   RO          863    i.RCCEx_PLL3_Config  stm32h7xx_hal_rcc_ex.o
    0x08004770   0x08004770   0x00000018   Code   RO          269    i.StartDefaultTask  freertos.o
    0x08004788   0x08004788   0x00000008   Code   RO          270    i.StartTask02       freertos.o
    0x08004790   0x08004790   0x00000008   Code   RO          271    i.StartTask03       freertos.o
    0x08004798   0x08004798   0x0000002c   Code   RO         6246    i.SysTick_Handler   port.o
    0x080047c4   0x080047c4   0x000000dc   Code   RO           16    i.SystemClock_Config  main.o
    0x080048a0   0x080048a0   0x000000dc   Code   RO         4992    i.SystemInit        system_stm32h7xx.o
    0x0800497c   0x0800497c   0x0000000c   Code   RO          450    i.TIM7_IRQHandler   stm32h7xx_it.o
    0x08004988   0x08004988   0x000000c4   Code   RO         3541    i.TIM_Base_SetConfig  stm32h7xx_hal_tim.o
    0x08004a4c   0x08004a4c   0x0000000c   Code   RO          451    i.UART7_IRQHandler  stm32h7xx_it.o
    0x08004a58   0x08004a58   0x00000044   Code   RO         4887    i.UARTEx_SetNbDataToProcess  stm32h7xx_hal_uart_ex.o
    0x08004a9c   0x08004a9c   0x000000c8   Code   RO         4496    i.UART_AdvFeatureConfig  stm32h7xx_hal_uart.o
    0x08004b64   0x08004b64   0x000000aa   Code   RO         4497    i.UART_CheckIdleState  stm32h7xx_hal_uart.o
    0x08004c0e   0x08004c0e   0x00000014   Code   RO         4498    i.UART_DMAAbortOnError  stm32h7xx_hal_uart.o
    0x08004c22   0x08004c22   0x00000002   PAD
    0x08004c24   0x08004c24   0x00000054   Code   RO         4508    i.UART_EndRxTransfer  stm32h7xx_hal_uart.o
    0x08004c78   0x08004c78   0x000003ac   Code   RO         4514    i.UART_SetConfig    stm32h7xx_hal_uart.o
    0x08005024   0x08005024   0x0000008c   Code   RO         4521    i.UART_WaitOnFlagUntilTimeout  stm32h7xx_hal_uart.o
    0x080050b0   0x080050b0   0x00000002   Code   RO          452    i.UsageFault_Handler  stm32h7xx_it.o
    0x080050b2   0x080050b2   0x00000022   Code   RO          612    i.__NVIC_SetPriority  stm32h7xx_hal_cortex.o
    0x080050d4   0x080050d4   0x0000000e   Code   RO         6357    i.__scatterload_copy  mc_w.l(handlers.o)
    0x080050e2   0x080050e2   0x00000002   Code   RO         6358    i.__scatterload_null  mc_w.l(handlers.o)
    0x080050e4   0x080050e4   0x0000000e   Code   RO         6359    i.__scatterload_zeroinit  mc_w.l(handlers.o)
    0x080050f2   0x080050f2   0x00000002   PAD
    0x080050f4   0x080050f4   0x000000a8   Code   RO           17    i.main              main.o
    0x0800519c   0x0800519c   0x0000000e   Code   RO         5811    i.makeFreeRtosPriority  cmsis_os.o
    0x080051aa   0x080051aa   0x0000000e   Code   RO         5813    i.osDelay           cmsis_os.o
    0x080051b8   0x080051b8   0x0000000a   Code   RO         5816    i.osKernelStart     cmsis_os.o
    0x080051c2   0x080051c2   0x00000054   Code   RO         5850    i.osThreadCreate    cmsis_os.o
    0x08005216   0x08005216   0x00000002   PAD
    0x08005218   0x08005218   0x00000070   Code   RO         5493    i.prvAddCurrentTaskToDelayedList  tasks.o
    0x08005288   0x08005288   0x000000d0   Code   RO         5494    i.prvAddNewTaskToReadyList  tasks.o
    0x08005358   0x08005358   0x00000034   Code   RO         5495    i.prvDeleteTCB      tasks.o
    0x0800538c   0x0800538c   0x0000004c   Code   RO         6178    i.prvHeapInit       heap_4.o
    0x080053d8   0x080053d8   0x00000060   Code   RO         5496    i.prvIdleTask       tasks.o
    0x08005438   0x08005438   0x0000009a   Code   RO         5497    i.prvInitialiseNewTask  tasks.o
    0x080054d2   0x080054d2   0x00000002   PAD
    0x080054d4   0x080054d4   0x0000004c   Code   RO         6179    i.prvInsertBlockIntoFreeList  heap_4.o
    0x08005520   0x08005520   0x00000020   Code   RO         5498    i.prvResetNextTaskUnblockTime  tasks.o
    0x08005540   0x08005540   0x00000028   Code   RO         6247    i.prvTaskExitError  port.o
    0x08005568   0x08005568   0x000000dc   Code   RO         6180    i.pvPortMalloc      heap_4.o
    0x08005644   0x08005644   0x00000030   Code   RO         6248    i.pxPortInitialiseStack  port.o
    0x08005674   0x08005674   0x00000026   Code   RO         5129    i.uxListRemove      list.o
    0x0800569a   0x0800569a   0x00000002   PAD
    0x0800569c   0x0800569c   0x00000018   Code   RO          272    i.vApplicationGetIdleTaskMemory  freertos.o
    0x080056b4   0x080056b4   0x00000016   Code   RO         5130    i.vListInitialise   list.o
    0x080056ca   0x080056ca   0x00000006   Code   RO         5131    i.vListInitialiseItem  list.o
    0x080056d0   0x080056d0   0x00000030   Code   RO         5132    i.vListInsert       list.o
    0x08005700   0x08005700   0x00000018   Code   RO         5133    i.vListInsertEnd    list.o
    0x08005718   0x08005718   0x00000040   Code   RO         6250    i.vPortEnterCritical  port.o
    0x08005758   0x08005758   0x00000028   Code   RO         6251    i.vPortExitCritical  port.o
    0x08005780   0x08005780   0x00000064   Code   RO         6181    i.vPortFree         heap_4.o
    0x080057e4   0x080057e4   0x00000024   Code   RO         6252    i.vPortSetupTimerInterrupt  port.o
    0x08005808   0x08005808   0x0000004c   Code   RO         5507    i.vTaskDelay        tasks.o
    0x08005854   0x08005854   0x0000006c   Code   RO         5520    i.vTaskStartScheduler  tasks.o
    0x080058c0   0x080058c0   0x00000010   Code   RO         5522    i.vTaskSuspendAll   tasks.o
    0x080058d0   0x080058d0   0x0000005c   Code   RO         5523    i.vTaskSwitchContext  tasks.o
    0x0800592c   0x0800592c   0x000000f4   Code   RO         6254    i.xPortStartScheduler  port.o
    0x08005a20   0x08005a20   0x0000005a   Code   RO         5526    i.xTaskCreate       tasks.o
    0x08005a7a   0x08005a7a   0x00000056   Code   RO         5527    i.xTaskCreateStatic  tasks.o
    0x08005ad0   0x08005ad0   0x000000cc   Code   RO         5534    i.xTaskIncrementTick  tasks.o
    0x08005b9c   0x08005b9c   0x000000c4   Code   RO         5540    i.xTaskResumeAll    tasks.o
    0x08005c60   0x08005c60   0x00000054   Data   RO          274    .constdata          freertos.o
    0x08005cb4   0x08005cb4   0x00000008   Data   RO         1371    .constdata          stm32h7xx_hal_dma.o
    0x08005cbc   0x08005cbc   0x00000018   Data   RO         4522    .constdata          stm32h7xx_hal_uart.o
    0x08005cd4   0x08005cd4   0x00000010   Data   RO         4888    .constdata          stm32h7xx_hal_uart_ex.o
    0x08005ce4   0x08005ce4   0x00000010   Data   RO         4993    .constdata          system_stm32h7xx.o
    0x08005cf4   0x08005cf4   0x00000024   Data   RO          275    .conststring        freertos.o
    0x08005d18   0x08005d18   0x00000020   Data   RO         6355    Region$$Table       anon$$obj.o


    Execution Region RW_IRAM1 (Exec base: 0x20000000, Load base: 0x08005d38, Size: 0x00000000, Max: 0x00020000, ABSOLUTE)

    **** No section assigned to this execution region ****


    Execution Region RW_IRAM2 (Exec base: 0x24000000, Load base: 0x08005d38, Size: 0x00011690, Max: 0x00080000, ABSOLUTE)

    Exec Addr    Load Addr    Size         Type   Attr      Idx    E Section Name        Object

    0x24000000   0x08005d38   0x0000000c   Data   RW          276    .data               freertos.o
    0x2400000c   0x08005d44   0x00000006   Data   RW          361    .data               eth.o
    0x24000012   0x08005d4a   0x00000002   PAD
    0x24000014   0x08005d4c   0x0000000c   Data   RW         2109    .data               stm32h7xx_hal.o
    0x24000020   0x08005d58   0x00000008   Data   RW         4994    .data               system_stm32h7xx.o
    0x24000028   0x08005d60   0x0000003c   Data   RW         5543    .data               tasks.o
    0x24000064   0x08005d9c   0x00000020   Data   RW         6187    .data               heap_4.o
    0x24000084   0x08005dbc   0x0000000c   Data   RW         6255    .data               port.o
    0x24000090        -       0x00000254   Zero   RW          273    .bss                freertos.o
    0x240002e4        -       0x000000e8   Zero   RW          360    .bss                eth.o
    0x240003cc        -       0x00000184   Zero   RW          403    .bss                usart.o
    0x24000550        -       0x0000004c   Zero   RW          557    .bss                stm32h7xx_hal_timebase_tim.o
    0x2400059c        -       0x000000f0   Zero   RW         5542    .bss                tasks.o
    0x2400068c        -       0x0000ffff   Zero   RW         6186    .bss                heap_4.o
    0x2401068b   0x08005dc8   0x00000005   PAD
    0x24010690        -       0x00001000   Zero   RW            1    STACK               startup_stm32h750xx.o



  Load Region LR$$.ARM.__AT_0x30040000 (Base: 0x30040000, Size: 0x00000000, Max: 0x00000060, ABSOLUTE)

    Execution Region ER$$.ARM.__AT_0x30040000 (Exec base: 0x30040000, Load base: 0x30040000, Size: 0x00000060, Max: 0x00000060, ABSOLUTE, UNINIT)

    Exec Addr    Load Addr    Size         Type   Attr      Idx    E Section Name        Object

    0x30040000        -       0x00000060   Zero   RW          357    .ARM.__AT_0x30040000  eth.o



  Load Region LR$$.ARM.__AT_0x30040060 (Base: 0x30040060, Size: 0x00000000, Max: 0x00000060, ABSOLUTE)

    Execution Region ER$$.ARM.__AT_0x30040060 (Exec base: 0x30040060, Load base: 0x30040060, Size: 0x00000060, Max: 0x00000060, ABSOLUTE, UNINIT)

    Exec Addr    Load Addr    Size         Type   Attr      Idx    E Section Name        Object

    0x30040060        -       0x00000060   Zero   RW          358    .ARM.__AT_0x30040060  eth.o


==============================================================================

Image component sizes


      Code (inc. data)   RO Data    RW Data    ZI Data      Debug   Object Name

       122          0          0          0          0      23397   cmsis_os.o
        60          4          0          0          0        906   dma.o
       340         40          0          6        424       2191   eth.o
         0          0          0          0          0      16840   event_groups.o
       148         22        120         12        596       3740   freertos.o
       140          8          0          0          0       1099   gpio.o
       472         22          0         32      65535       7551   heap_4.o
       138          0          0          0          0       3674   list.o
       552         34          0          0          0    1389323   main.o
       706         74          0         12          0      11120   port.o
        36          8        664          0       4096        836   startup_stm32h750xx.o
       152         38          0         12          0      22701   stm32h7xx_hal.o
       316         28          0          0          0      41112   stm32h7xx_hal_cortex.o
      4776        180          8          0          0       9815   stm32h7xx_hal_dma.o
      1696         66          0          0          0      10359   stm32h7xx_hal_eth.o
       566         50          0          0          0       2316   stm32h7xx_hal_gpio.o
        36          4          0          0          0        950   stm32h7xx_hal_msp.o
        84          6          0          0          0        789   stm32h7xx_hal_pwr_ex.o
      2558        110          0          0          0       7885   stm32h7xx_hal_rcc.o
      3736        118          0          0          0       7897   stm32h7xx_hal_rcc_ex.o
       830         68          0          0          0       7564   stm32h7xx_hal_tim.o
         6          0          0          0          0       2316   stm32h7xx_hal_tim_ex.o
       140         20          0          0         76       1607   stm32h7xx_hal_timebase_tim.o
      2570        138         24          0          0      29992   stm32h7xx_hal_uart.o
       290          6         16          0          0       5518   stm32h7xx_hal_uart_ex.o
        72         30          0          0          0       5135   stm32h7xx_it.o
         0          0          0          0          0        384   stream_buffer.o
       220         40         16          8          0       1498   system_stm32h7xx.o
      1522        110          0         60        240      19650   tasks.o
       356         32          0          0        388       2136   usart.o

    ----------------------------------------------------------------------
     22664       1256        880        144      71360    1640301   Object Totals
         0          0         32          0          0          0   (incl. Generated)
        24          0          0          2          5          0   (incl. Padding)

    ----------------------------------------------------------------------

      Code (inc. data)   RO Data    RW Data    ZI Data      Debug   Library Member Name

         0          0          0          0          0          0   entry.o
         0          0          0          0          0          0   entry10a.o
         0          0          0          0          0          0   entry11a.o
         8          4          0          0          0          0   entry2.o
         4          0          0          0          0          0   entry5.o
         0          0          0          0          0          0   entry7b.o
         0          0          0          0          0          0   entry8b.o
         8          4          0          0          0          0   entry9a.o
        30          0          0          0          0          0   handlers.o
        36          8          0          0          0         68   init.o
        30          0          0          0          0         68   llshl.o
        32          0          0          0          0         68   llushr.o
        36          0          0          0          0         68   memcpya.o
        36          0          0          0          0        108   memseta.o
        98          0          0          0          0         92   uldiv.o

    ----------------------------------------------------------------------
       320         16          0          0          0        472   Library Totals
         2          0          0          0          0          0   (incl. Padding)

    ----------------------------------------------------------------------

      Code (inc. data)   RO Data    RW Data    ZI Data      Debug   Library Name

       318         16          0          0          0        472   mc_w.l

    ----------------------------------------------------------------------
       320         16          0          0          0        472   Library Totals

    ----------------------------------------------------------------------

==============================================================================


      Code (inc. data)   RO Data    RW Data    ZI Data      Debug   

     22984       1272        880        144      71360    1627421   Grand Totals
     22984       1272        880        144      71360    1627421   ELF Image Totals
     22984       1272        880        144          0          0   ROM Totals

==============================================================================

    Total RO  Size (Code + RO Data)                23864 (  23.30kB)
    Total RW  Size (RW Data + ZI Data)             71504 (  69.83kB)
    Total ROM Size (Code + RO Data + RW Data)      24008 (  23.45kB)

==============================================================================

