<html>
<body>
<pre>
<h1>µVision Build Log</h1>
<h2>Tool Versions:</h2>
IDE-Version: ¦ÌVision V5.30.0.0
Copyright (C) 2020 ARM Ltd and ARM Germany GmbH. All rights reserved.
License Information: 2061477607@qq.com,   , LIC=GMZI6-DH6DP-8TR3P-M2D5X-HAENU-0YD4W
 
Tool Versions:
Toolchain:       MDK-ARM Plus  Version: 5.30.0.0
Toolchain Path:  D:\keil5\ARM\ARMCC\Bin
C Compiler:      Armcc.exe V5.06 update 6 (build 750)
Assembler:       Armasm.exe V5.06 update 6 (build 750)
Linker/Locator:  ArmLink.exe V5.06 update 6 (build 750)
Library Manager: ArmAr.exe V5.06 update 6 (build 750)
Hex Converter:   FromElf.exe V5.06 update 6 (build 750)
CPU DLL:         SARMCM3.DLL V5.30.0.0
Dialog DLL:      DCM.DLL V1.17.3.0
Target DLL:      CMSIS_AGDI.dll V1.32.5.0
Dialog DLL:      TCM.DLL V1.42.0.0
 
<h2>Project:</h2>
E:\HAL_example\F407_VET6_Car_biubiu1\MDK-ARM\F40VET6_Car_biubiu1.uvprojx
Project File Date:  01/16/2023

<h2>Output:</h2>
*** Using Compiler 'V5.06 update 6 (build 750)', folder: 'D:\keil5\ARM\ARMCC\Bin'
Rebuild target 'F40VET6_Car_biubiu1'
assembling startup_stm32f407xx.s...
compiling stm32f4xx_hal_flash_ramfunc.c...
compiling stm32f4xx_it.c...
compiling stm32f4xx_hal_flash_ex.c...
compiling stm32f4xx_hal_gpio.c...
compiling delay.c...
compiling callback_user.c...
..\Core\Src\callback_user.c(4): warning:  #550-D: variable "Encoder_date"  was set but never used
      uint32_t Encoder_date=0;
..\Core\Src\callback_user.c: 1 warning, 0 errors
compiling stm32f4xx_hal_flash.c...
compiling stm32f4xx_hal_tim_ex.c...
compiling main.c...
compiling stm32f4xx_hal_dma_ex.c...
compiling stm32f4xx_hal_rcc.c...
compiling JY61.c...
compiling stm32f4xx_hal_rcc_ex.c...
compiling stm32f4xx_hal_msp.c...
compiling stm32f4xx_hal_tim.c...
compiling stm32f4xx_hal_cortex.c...
compiling stm32f4xx_hal_pwr_ex.c...
compiling stm32f4xx_hal_exti.c...
compiling stm32f4xx_hal.c...
compiling stm32f4xx_hal_pwr.c...
compiling stm32f4xx_hal_dma.c...
compiling system_stm32f4xx.c...
compiling stm32f4xx_hal_uart.c...
linking...
Program Size: Code=10348 RO-data=456 RW-data=20 ZI-data=2308  
FromELF: creating hex file...
"F40VET6_Car_biubiu1\F40VET6_Car_biubiu1.axf" - 0 Error(s), 1 Warning(s).

<h2>Software Packages used:</h2>

Package Vendor: ARM
                http://www.keil.com/pack/ARM.CMSIS.5.7.0.pack
                ARM.CMSIS.5.7.0
                CMSIS (Cortex Microcontroller Software Interface Standard)
   * Component: CORE Version: 5.4.0

Package Vendor: Keil
                http://www.keil.com/pack/Keil.STM32F4xx_DFP.2.16.0.pack
                Keil.STM32F4xx_DFP.2.16.0
                STMicroelectronics STM32F4 Series Device Support, Drivers and Examples

<h2>Collection of Component include folders:</h2>
  .\RTE\_F40VET6_Car_biubiu1
  D:\keil5\ARM\CMSIS\5.7.0\CMSIS\Core\Include
  D:\keil5\Keil\STM32F4xx_DFP\2.16.0\Drivers\CMSIS\Device\ST\STM32F4xx\Include

<h2>Collection of Component Files used:</h2>

   * Component: ARM::CMSIS:CORE:5.4.0
Build Time Elapsed:  00:00:20
</pre>
</body>
</html>
