<html>
<body>
<pre>
<h1>µVision Build Log</h1>
<h2>Tool Versions:</h2>
IDE-Version: ¦ÌVision V5.30.0.0
Copyright (C) 2020 ARM Ltd and ARM Germany GmbH. All rights reserved.
License Information: 2061477607@qq.com,   , LIC=GMZI6-DH6DP-8TR3P-M2D5X-HAENU-0YD4W
 
Tool Versions:
Toolchain:       MDK-ARM Plus  Version: 5.30.0.0
Toolchain Path:  D:\keil5\ARM\ARMCC\Bin
C Compiler:      Armcc.exe V5.06 update 6 (build 750)
Assembler:       Armasm.exe V5.06 update 6 (build 750)
Linker/Locator:  ArmLink.exe V5.06 update 6 (build 750)
Library Manager: ArmAr.exe V5.06 update 6 (build 750)
Hex Converter:   FromElf.exe V5.06 update 6 (build 750)
CPU DLL:         SARMCM3.DLL V5.30.0.0
Dialog DLL:      DCM.DLL V1.17.3.0
Target DLL:      CMSIS_AGDI.dll V1.32.5.0
Dialog DLL:      TCM.DLL V1.42.0.0
 
<h2>Project:</h2>
E:\HAL_example\H7B0_LTDC_DMA_RGB\MDK-ARM\H7B0_LTDC_DMA_RGB.uvprojx
Project File Date:  01/22/2023

<h2>Output:</h2>
*** Using Compiler 'V5.06 update 6 (build 750)', folder: 'D:\keil5\ARM\ARMCC\Bin'
Build target 'H7B0_LTDC_DMA_RGB'
compiling main.c...
../Core/Src/main.c(80): warning:  #177-D: variable "i"  was declared but never referenced
       uint16_t i = 0;
../Core/Src/main.c: 1 warning, 0 errors
linking...
Program Size: Code=19056 RO-data=756 RW-data=28 ZI-data=1540  
FromELF: creating hex file...
"H7B0_LTDC_DMA_RGB\H7B0_LTDC_DMA_RGB.axf" - 0 Error(s), 1 Warning(s).

<h2>Software Packages used:</h2>

Package Vendor: ARM
                http://www.keil.com/pack/ARM.CMSIS.5.7.0.pack
                ARM.CMSIS.5.7.0
                CMSIS (Cortex Microcontroller Software Interface Standard)
   * Component: CORE Version: 5.4.0

Package Vendor: Keil
                http://www.keil.com/pack/Keil.STM32H7xx_DFP.3.0.0.pack
                Keil.STM32H7xx_DFP.3.0.0
                STMicroelectronics STM32H7 Series Device Support and Examples

<h2>Collection of Component include folders:</h2>
  .\RTE\_H7B0_LTDC_DMA_RGB
  D:\keil5\ARM\CMSIS\5.7.0\CMSIS\Core\Include
  D:\keil5\Keil\STM32H7xx_DFP\3.0.0\Drivers\CMSIS\Device\ST\STM32H7xx\Include

<h2>Collection of Component Files used:</h2>

   * Component: ARM::CMSIS:CORE:5.4.0
      Include file:  CMSIS\Core\Include\tz_context.h
Build Time Elapsed:  00:00:08
</pre>
</body>
</html>
