Component: ARM Compiler 5.06 update 6 (build 750) Tool: armlink [4d35ed]

==============================================================================

Section Cross References

    startup_stm32h7b0xx.o(RESET) refers to startup_stm32h7b0xx.o(STACK) for __initial_sp
    startup_stm32h7b0xx.o(RESET) refers to startup_stm32h7b0xx.o(.text) for Reset_Handler
    startup_stm32h7b0xx.o(RESET) refers to stm32h7xx_it.o(i.NMI_Handler) for NMI_Handler
    startup_stm32h7b0xx.o(RESET) refers to stm32h7xx_it.o(i.HardFault_Handler) for HardFault_Handler
    startup_stm32h7b0xx.o(RESET) refers to stm32h7xx_it.o(i.MemManage_Handler) for MemManage_Handler
    startup_stm32h7b0xx.o(RESET) refers to stm32h7xx_it.o(i.BusFault_Handler) for BusFault_Handler
    startup_stm32h7b0xx.o(RESET) refers to stm32h7xx_it.o(i.UsageFault_Handler) for UsageFault_Handler
    startup_stm32h7b0xx.o(RESET) refers to stm32h7xx_it.o(i.SVC_Handler) for SVC_Handler
    startup_stm32h7b0xx.o(RESET) refers to stm32h7xx_it.o(i.DebugMon_Handler) for DebugMon_Handler
    startup_stm32h7b0xx.o(RESET) refers to stm32h7xx_it.o(i.PendSV_Handler) for PendSV_Handler
    startup_stm32h7b0xx.o(RESET) refers to stm32h7xx_it.o(i.SysTick_Handler) for SysTick_Handler
    startup_stm32h7b0xx.o(RESET) refers to stm32h7xx_it.o(i.USART1_IRQHandler) for USART1_IRQHandler
    startup_stm32h7b0xx.o(RESET) refers to stm32h7xx_it.o(i.EXTI15_10_IRQHandler) for EXTI15_10_IRQHandler
    startup_stm32h7b0xx.o(RESET) refers to stm32h7xx_it.o(i.DMA2D_IRQHandler) for DMA2D_IRQHandler
    startup_stm32h7b0xx.o(.text) refers to system_stm32h7xx.o(i.SystemInit) for SystemInit
    startup_stm32h7b0xx.o(.text) refers to entry.o(.ARM.Collect$$$$00000000) for __main
    main.o(i.MX_GPIO_Init) refers to memseta.o(.text) for __aeabi_memclr4
    main.o(i.MX_GPIO_Init) refers to stm32h7xx_hal_gpio.o(i.HAL_GPIO_WritePin) for HAL_GPIO_WritePin
    main.o(i.MX_GPIO_Init) refers to stm32h7xx_hal_gpio.o(i.HAL_GPIO_Init) for HAL_GPIO_Init
    main.o(i.MX_GPIO_Init) refers to stm32h7xx_hal_cortex.o(i.HAL_NVIC_SetPriority) for HAL_NVIC_SetPriority
    main.o(i.MX_GPIO_Init) refers to stm32h7xx_hal_cortex.o(i.HAL_NVIC_EnableIRQ) for HAL_NVIC_EnableIRQ
    main.o(i.MX_LTDC_Init) refers to memseta.o(.text) for __aeabi_memclr4
    main.o(i.MX_LTDC_Init) refers to stm32h7xx_hal_ltdc.o(i.HAL_LTDC_Init) for HAL_LTDC_Init
    main.o(i.MX_LTDC_Init) refers to stm32h7xx_hal_ltdc.o(i.HAL_LTDC_ConfigLayer) for HAL_LTDC_ConfigLayer
    main.o(i.MX_LTDC_Init) refers to main.o(.bss) for .bss
    main.o(i.MX_TIM4_Init) refers to memseta.o(.text) for __aeabi_memclr4
    main.o(i.MX_TIM4_Init) refers to stm32h7xx_hal_tim.o(i.HAL_TIM_PWM_Init) for HAL_TIM_PWM_Init
    main.o(i.MX_TIM4_Init) refers to stm32h7xx_hal_tim_ex.o(i.HAL_TIMEx_MasterConfigSynchronization) for HAL_TIMEx_MasterConfigSynchronization
    main.o(i.MX_TIM4_Init) refers to stm32h7xx_hal_tim.o(i.HAL_TIM_PWM_ConfigChannel) for HAL_TIM_PWM_ConfigChannel
    main.o(i.MX_TIM4_Init) refers to stm32h7xx_hal_msp.o(i.HAL_TIM_MspPostInit) for HAL_TIM_MspPostInit
    main.o(i.MX_TIM4_Init) refers to main.o(.bss) for .bss
    main.o(i.MX_USART1_UART_Init) refers to stm32h7xx_hal_uart.o(i.HAL_UART_Init) for HAL_UART_Init
    main.o(i.MX_USART1_UART_Init) refers to stm32h7xx_hal_uart_ex.o(i.HAL_UARTEx_SetTxFifoThreshold) for HAL_UARTEx_SetTxFifoThreshold
    main.o(i.MX_USART1_UART_Init) refers to stm32h7xx_hal_uart_ex.o(i.HAL_UARTEx_SetRxFifoThreshold) for HAL_UARTEx_SetRxFifoThreshold
    main.o(i.MX_USART1_UART_Init) refers to stm32h7xx_hal_uart_ex.o(i.HAL_UARTEx_DisableFifoMode) for HAL_UARTEx_DisableFifoMode
    main.o(i.MX_USART1_UART_Init) refers to main.o(.bss) for .bss
    main.o(i.SystemClock_Config) refers to memseta.o(.text) for __aeabi_memclr4
    main.o(i.SystemClock_Config) refers to stm32h7xx_hal_pwr_ex.o(i.HAL_PWREx_ConfigSupply) for HAL_PWREx_ConfigSupply
    main.o(i.SystemClock_Config) refers to stm32h7xx_hal_rcc.o(i.HAL_RCC_OscConfig) for HAL_RCC_OscConfig
    main.o(i.SystemClock_Config) refers to stm32h7xx_hal_rcc.o(i.HAL_RCC_ClockConfig) for HAL_RCC_ClockConfig
    main.o(i.SystemClock_Config) refers to stm32h7xx_hal_rcc_ex.o(i.HAL_RCCEx_PeriphCLKConfig) for HAL_RCCEx_PeriphCLKConfig
    main.o(i.main) refers to stm32h7xx_hal_cortex.o(i.HAL_MPU_Disable) for HAL_MPU_Disable
    main.o(i.main) refers to stm32h7xx_hal_cortex.o(i.HAL_MPU_ConfigRegion) for HAL_MPU_ConfigRegion
    main.o(i.main) refers to stm32h7xx_hal_cortex.o(i.HAL_MPU_Enable) for HAL_MPU_Enable
    main.o(i.main) refers to stm32h7xx_hal.o(i.HAL_Init) for HAL_Init
    main.o(i.main) refers to main.o(i.SystemClock_Config) for SystemClock_Config
    main.o(i.main) refers to main.o(i.MX_GPIO_Init) for MX_GPIO_Init
    main.o(i.main) refers to main.o(i.MX_USART1_UART_Init) for MX_USART1_UART_Init
    main.o(i.main) refers to main.o(i.MX_LTDC_Init) for MX_LTDC_Init
    main.o(i.main) refers to main.o(i.MX_TIM4_Init) for MX_TIM4_Init
[...]
    Removing stm32h7xx_hal_uart.o(i.HAL_UART_AbortTransmit), (110 bytes).
    Removing stm32h7xx_hal_uart.o(i.HAL_UART_AbortTransmitCpltCallback), (2 bytes).
    Removing stm32h7xx_hal_uart.o(i.HAL_UART_AbortTransmit_IT), (120 bytes).
    Removing stm32h7xx_hal_uart.o(i.HAL_UART_Abort_IT), (220 bytes).
    Removing stm32h7xx_hal_uart.o(i.HAL_UART_DMAPause), (100 bytes).
    Removing stm32h7xx_hal_uart.o(i.HAL_UART_DMAResume), (92 bytes).
    Removing stm32h7xx_hal_uart.o(i.HAL_UART_DMAStop), (118 bytes).
    Removing stm32h7xx_hal_uart.o(i.HAL_UART_DeInit), (66 bytes).
    Removing stm32h7xx_hal_uart.o(i.HAL_UART_DisableReceiverTimeout), (76 bytes).
    Removing stm32h7xx_hal_uart.o(i.HAL_UART_EnableReceiverTimeout), (76 bytes).
    Removing stm32h7xx_hal_uart.o(i.HAL_UART_GetError), (6 bytes).
    Removing stm32h7xx_hal_uart.o(i.HAL_UART_GetState), (14 bytes).
    Removing stm32h7xx_hal_uart.o(i.HAL_UART_MspDeInit), (2 bytes).
    Removing stm32h7xx_hal_uart.o(i.HAL_UART_MspInit), (2 bytes).
    Removing stm32h7xx_hal_uart.o(i.HAL_UART_Receive), (250 bytes).
    Removing stm32h7xx_hal_uart.o(i.HAL_UART_Receive_DMA), (164 bytes).
    Removing stm32h7xx_hal_uart.o(i.HAL_UART_Receive_IT), (248 bytes).
    Removing stm32h7xx_hal_uart.o(i.HAL_UART_ReceiverTimeout_Config), (24 bytes).
    Removing stm32h7xx_hal_uart.o(i.HAL_UART_RxCpltCallback), (2 bytes).
    Removing stm32h7xx_hal_uart.o(i.HAL_UART_RxHalfCpltCallback), (2 bytes).
    Removing stm32h7xx_hal_uart.o(i.HAL_UART_Transmit_DMA), (156 bytes).
    Removing stm32h7xx_hal_uart.o(i.HAL_UART_Transmit_IT), (156 bytes).
    Removing stm32h7xx_hal_uart.o(i.HAL_UART_TxHalfCpltCallback), (2 bytes).
    Removing stm32h7xx_hal_uart.o(i.UART_DMAError), (78 bytes).
    Removing stm32h7xx_hal_uart.o(i.UART_DMAReceiveCplt), (60 bytes).
    Removing stm32h7xx_hal_uart.o(i.UART_DMARxAbortCallback), (64 bytes).
    Removing stm32h7xx_hal_uart.o(i.UART_DMARxHalfCplt), (10 bytes).
    Removing stm32h7xx_hal_uart.o(i.UART_DMARxOnlyAbortCallback), (38 bytes).
    Removing stm32h7xx_hal_uart.o(i.UART_DMATransmitCplt), (46 bytes).
    Removing stm32h7xx_hal_uart.o(i.UART_DMATxAbortCallback), (72 bytes).
    Removing stm32h7xx_hal_uart.o(i.UART_DMATxHalfCplt), (10 bytes).
    Removing stm32h7xx_hal_uart.o(i.UART_DMATxOnlyAbortCallback), (40 bytes).
    Removing stm32h7xx_hal_uart.o(i.UART_EndTxTransfer), (28 bytes).
    Removing stm32h7xx_hal_uart.o(i.UART_RxISR_16BIT), (94 bytes).
    Removing stm32h7xx_hal_uart.o(i.UART_RxISR_16BIT_FIFOEN), (164 bytes).
    Removing stm32h7xx_hal_uart.o(i.UART_RxISR_8BIT), (94 bytes).
    Removing stm32h7xx_hal_uart.o(i.UART_RxISR_8BIT_FIFOEN), (164 bytes).
    Removing stm32h7xx_hal_uart.o(i.UART_TxISR_16BIT), (66 bytes).
    Removing stm32h7xx_hal_uart.o(i.UART_TxISR_16BIT_FIFOEN), (88 bytes).
    Removing stm32h7xx_hal_uart.o(i.UART_TxISR_8BIT), (62 bytes).
    Removing stm32h7xx_hal_uart.o(i.UART_TxISR_8BIT_FIFOEN), (84 bytes).
    Removing stm32h7xx_hal_uart_ex.o(.rev16_text), (4 bytes).
    Removing stm32h7xx_hal_uart_ex.o(.revsh_text), (4 bytes).
    Removing stm32h7xx_hal_uart_ex.o(.rrx_text), (6 bytes).
    Removing stm32h7xx_hal_uart_ex.o(i.HAL_MultiProcessorEx_AddressLength_Set), (48 bytes).
    Removing stm32h7xx_hal_uart_ex.o(i.HAL_RS485Ex_Init), (140 bytes).
    Removing stm32h7xx_hal_uart_ex.o(i.HAL_UARTEx_DisableStopMode), (38 bytes).
    Removing stm32h7xx_hal_uart_ex.o(i.HAL_UARTEx_EnableFifoMode), (72 bytes).
    Removing stm32h7xx_hal_uart_ex.o(i.HAL_UARTEx_EnableStopMode), (38 bytes).
    Removing stm32h7xx_hal_uart_ex.o(i.HAL_UARTEx_StopModeWakeUpSourceConfig), (140 bytes).
    Removing system_stm32h7xx.o(.rev16_text), (4 bytes).
    Removing system_stm32h7xx.o(.revsh_text), (4 bytes).
    Removing system_stm32h7xx.o(.rrx_text), (6 bytes).
    Removing system_stm32h7xx.o(i.SystemCoreClockUpdate), (328 bytes).
    Removing dadd.o(.text), (334 bytes).
    Removing dmul.o(.text), (228 bytes).
    Removing ddiv.o(.text), (222 bytes).
    Removing dfixul.o(.text), (48 bytes).
    Removing cdrcmple.o(.text), (48 bytes).
    Removing depilogue.o(.text), (186 bytes).

733 unused section(s) (total 81960 bytes) removed from the image.

==============================================================================

Image Symbol Table

    Local Symbols

    Symbol Name                              Value     Ov Type        Size  Object(Section)

    ../Core/Src/main.c                       0x00000000   Number         0  main.o ABSOLUTE
    ../Core/Src/stm32h7xx_hal_msp.c          0x00000000   Number         0  stm32h7xx_hal_msp.o ABSOLUTE
    ../Core/Src/stm32h7xx_it.c               0x00000000   Number         0  stm32h7xx_it.o ABSOLUTE
    ../Core/Src/system_stm32h7xx.c           0x00000000   Number         0  system_stm32h7xx.o ABSOLUTE
    ../Drivers/STM32H7xx_HAL_Driver/Src/stm32h7xx_hal.c 0x00000000   Number         0  stm32h7xx_hal.o ABSOLUTE
    ../Drivers/STM32H7xx_HAL_Driver/Src/stm32h7xx_hal_cortex.c 0x00000000   Number         0  stm32h7xx_hal_cortex.o ABSOLUTE
    ../Drivers/STM32H7xx_HAL_Driver/Src/stm32h7xx_hal_dma.c 0x00000000   Number         0  stm32h7xx_hal_dma.o ABSOLUTE
    ../Drivers/STM32H7xx_HAL_Driver/Src/stm32h7xx_hal_dma2d.c 0x00000000   Number         0  stm32h7xx_hal_dma2d.o ABSOLUTE
    ../Drivers/STM32H7xx_HAL_Driver/Src/stm32h7xx_hal_dma_ex.c 0x00000000   Number         0  stm32h7xx_hal_dma_ex.o ABSOLUTE
    ../Drivers/STM32H7xx_HAL_Driver/Src/stm32h7xx_hal_exti.c 0x00000000   Number         0  stm32h7xx_hal_exti.o ABSOLUTE
    ../Drivers/STM32H7xx_HAL_Driver/Src/stm32h7xx_hal_flash.c 0x00000000   Number         0  stm32h7xx_hal_flash.o ABSOLUTE
    ../Drivers/STM32H7xx_HAL_Driver/Src/stm32h7xx_hal_flash_ex.c 0x00000000   Number         0  stm32h7xx_hal_flash_ex.o ABSOLUTE
    ../Drivers/STM32H7xx_HAL_Driver/Src/stm32h7xx_hal_gpio.c 0x00000000   Number         0  stm32h7xx_hal_gpio.o ABSOLUTE
    ../Drivers/STM32H7xx_HAL_Driver/Src/stm32h7xx_hal_hsem.c 0x00000000   Number         0  stm32h7xx_hal_hsem.o ABSOLUTE
    ../Drivers/STM32H7xx_HAL_Driver/Src/stm32h7xx_hal_i2c.c 0x00000000   Number         0  stm32h7xx_hal_i2c.o ABSOLUTE
    ../Drivers/STM32H7xx_HAL_Driver/Src/stm32h7xx_hal_i2c_ex.c 0x00000000   Number         0  stm32h7xx_hal_i2c_ex.o ABSOLUTE
    ../Drivers/STM32H7xx_HAL_Driver/Src/stm32h7xx_hal_ltdc.c 0x00000000   Number         0  stm32h7xx_hal_ltdc.o ABSOLUTE
    ../Drivers/STM32H7xx_HAL_Driver/Src/stm32h7xx_hal_ltdc_ex.c 0x00000000   Number         0  stm32h7xx_hal_ltdc_ex.o ABSOLUTE
    ../Drivers/STM32H7xx_HAL_Driver/Src/stm32h7xx_hal_mdma.c 0x00000000   Number         0  stm32h7xx_hal_mdma.o ABSOLUTE
    ../Drivers/STM32H7xx_HAL_Driver/Src/stm32h7xx_hal_pwr.c 0x00000000   Number         0  stm32h7xx_hal_pwr.o ABSOLUTE
    ../Drivers/STM32H7xx_HAL_Driver/Src/stm32h7xx_hal_pwr_ex.c 0x00000000   Number         0  stm32h7xx_hal_pwr_ex.o ABSOLUTE
    ../Drivers/STM32H7xx_HAL_Driver/Src/stm32h7xx_hal_rcc.c 0x00000000   Number         0  stm32h7xx_hal_rcc.o ABSOLUTE
    ../Drivers/STM32H7xx_HAL_Driver/Src/stm32h7xx_hal_rcc_ex.c 0x00000000   Number         0  stm32h7xx_hal_rcc_ex.o ABSOLUTE
    ../Drivers/STM32H7xx_HAL_Driver/Src/stm32h7xx_hal_tim.c 0x00000000   Number         0  stm32h7xx_hal_tim.o ABSOLUTE
    ../Drivers/STM32H7xx_HAL_Driver/Src/stm32h7xx_hal_tim_ex.c 0x00000000   Number         0  stm32h7xx_hal_tim_ex.o ABSOLUTE
    ../Drivers/STM32H7xx_HAL_Driver/Src/stm32h7xx_hal_uart.c 0x00000000   Number         0  stm32h7xx_hal_uart.o ABSOLUTE
    ../Drivers/STM32H7xx_HAL_Driver/Src/stm32h7xx_hal_uart_ex.c 0x00000000   Number         0  stm32h7xx_hal_uart_ex.o ABSOLUTE
    ../clib/microlib/division.c              0x00000000   Number         0  uldiv.o ABSOLUTE
    ../clib/microlib/division.c              0x00000000   Number         0  uidiv.o ABSOLUTE
    ../clib/microlib/init/entry.s            0x00000000   Number         0  entry2.o ABSOLUTE
    ../clib/microlib/init/entry.s            0x00000000   Number         0  entry10b.o ABSOLUTE
    ../clib/microlib/init/entry.s            0x00000000   Number         0  entry9a.o ABSOLUTE
    ../clib/microlib/init/entry.s            0x00000000   Number         0  entry8b.o ABSOLUTE
    ../clib/microlib/init/entry.s            0x00000000   Number         0  entry8a.o ABSOLUTE
    ../clib/microlib/init/entry.s            0x00000000   Number         0  entry11b.o ABSOLUTE
    ../clib/microlib/init/entry.s            0x00000000   Number         0  entry7b.o ABSOLUTE
    ../clib/microlib/init/entry.s            0x00000000   Number         0  entry11a.o ABSOLUTE
    ../clib/microlib/init/entry.s            0x00000000   Number         0  entry10a.o ABSOLUTE
    ../clib/microlib/init/entry.s            0x00000000   Number         0  entry9b.o ABSOLUTE
    ../clib/microlib/init/entry.s            0x00000000   Number         0  entry.o ABSOLUTE
    ../clib/microlib/init/entry.s            0x00000000   Number         0  entry5.o ABSOLUTE
    ../clib/microlib/init/entry.s            0x00000000   Number         0  entry7a.o ABSOLUTE
    ../clib/microlib/longlong.c              0x00000000   Number         0  llshl.o ABSOLUTE
    ../clib/microlib/longlong.c              0x00000000   Number         0  llsshr.o ABSOLUTE
    ../clib/microlib/longlong.c              0x00000000   Number         0  llushr.o ABSOLUTE
    ../clib/microlib/printf/printf.c         0x00000000   Number         0  printf2.o ABSOLUTE
    ../clib/microlib/printf/printf.c         0x00000000   Number         0  printf8.o ABSOLUTE
    ../clib/microlib/printf/printf.c         0x00000000   Number         0  printf1.o ABSOLUTE
    ../clib/microlib/printf/printf.c         0x00000000   Number         0  printf4.o ABSOLUTE
    ../clib/microlib/printf/printf.c         0x00000000   Number         0  printf3.o ABSOLUTE
    ../clib/microlib/printf/printf.c         0x00000000   Number         0  printf5.o ABSOLUTE
    ../clib/microlib/printf/printf.c         0x00000000   Number         0  printf0.o ABSOLUTE
    ../clib/microlib/printf/printf.c         0x00000000   Number         0  printfb.o ABSOLUTE
    ../clib/microlib/printf/printf.c         0x00000000   Number         0  printf6.o ABSOLUTE
    ../clib/microlib/printf/printf.c         0x00000000   Number         0  printf7.o ABSOLUTE
    ../clib/microlib/printf/printf.c         0x00000000   Number         0  printfa.o ABSOLUTE
    ../clib/microlib/printf/stubs.s          0x00000000   Number         0  stubs.o ABSOLUTE
    ../clib/microlib/stdio/streams.c         0x00000000   Number         0  stdout.o ABSOLUTE
    ../clib/microlib/string/memcpy.c         0x00000000   Number         0  memcpyb.o ABSOLUTE
    ../clib/microlib/string/memcpy.c         0x00000000   Number         0  memcpya.o ABSOLUTE
    ../clib/microlib/string/memset.c         0x00000000   Number         0  memseta.o ABSOLUTE
    ../clib/microlib/stubs.s                 0x00000000   Number         0  iusefp.o ABSOLUTE
    ../fplib/microlib/fpadd.c                0x00000000   Number         0  dadd.o ABSOLUTE
    ../fplib/microlib/fpdiv.c                0x00000000   Number         0  ddiv.o ABSOLUTE
    ../fplib/microlib/fpepilogue.c           0x00000000   Number         0  depilogue.o ABSOLUTE
    ../fplib/microlib/fpfix.c                0x00000000   Number         0  dfixul.o ABSOLUTE
    ../fplib/microlib/fpmul.c                0x00000000   Number         0  dmul.o ABSOLUTE
    ..\Core\Src\lcd_LTDC.c                   0x00000000   Number         0  lcd_ltdc.o ABSOLUTE
    ..\Core\Src\lcd_fonts.c                  0x00000000   Number         0  lcd_fonts.o ABSOLUTE
    ..\Core\Src\main.c                       0x00000000   Number         0  main.o ABSOLUTE
    ..\Core\Src\soft_user.c                  0x00000000   Number         0  soft_user.o ABSOLUTE
    ..\Core\Src\stm32h7xx_hal_msp.c          0x00000000   Number         0  stm32h7xx_hal_msp.o ABSOLUTE
    ..\Core\Src\stm32h7xx_it.c               0x00000000   Number         0  stm32h7xx_it.o ABSOLUTE
    ..\Core\Src\system_stm32h7xx.c           0x00000000   Number         0  system_stm32h7xx.o ABSOLUTE
    ..\Core\Src\touch_800x480.c              0x00000000   Number         0  touch_800x480.o ABSOLUTE
    ..\Core\Src\touch_iic.c                  0x00000000   Number         0  touch_iic.o ABSOLUTE
    ..\Drivers\STM32H7xx_HAL_Driver\Src\stm32h7xx_hal.c 0x00000000   Number         0  stm32h7xx_hal.o ABSOLUTE
    ..\Drivers\STM32H7xx_HAL_Driver\Src\stm32h7xx_hal_cortex.c 0x00000000   Number         0  stm32h7xx_hal_cortex.o ABSOLUTE
    ..\Drivers\STM32H7xx_HAL_Driver\Src\stm32h7xx_hal_dma.c 0x00000000   Number         0  stm32h7xx_hal_dma.o ABSOLUTE
    ..\Drivers\STM32H7xx_HAL_Driver\Src\stm32h7xx_hal_dma2d.c 0x00000000   Number         0  stm32h7xx_hal_dma2d.o ABSOLUTE
    ..\Drivers\STM32H7xx_HAL_Driver\Src\stm32h7xx_hal_dma_ex.c 0x00000000   Number         0  stm32h7xx_hal_dma_ex.o ABSOLUTE
    ..\Drivers\STM32H7xx_HAL_Driver\Src\stm32h7xx_hal_exti.c 0x00000000   Number         0  stm32h7xx_hal_exti.o ABSOLUTE
    ..\Drivers\STM32H7xx_HAL_Driver\Src\stm32h7xx_hal_flash.c 0x00000000   Number         0  stm32h7xx_hal_flash.o ABSOLUTE
    ..\Drivers\STM32H7xx_HAL_Driver\Src\stm32h7xx_hal_flash_ex.c 0x00000000   Number         0  stm32h7xx_hal_flash_ex.o ABSOLUTE
    ..\Drivers\STM32H7xx_HAL_Driver\Src\stm32h7xx_hal_gpio.c 0x00000000   Number         0  stm32h7xx_hal_gpio.o ABSOLUTE
    ..\Drivers\STM32H7xx_HAL_Driver\Src\stm32h7xx_hal_hsem.c 0x00000000   Number         0  stm32h7xx_hal_hsem.o ABSOLUTE
    ..\Drivers\STM32H7xx_HAL_Driver\Src\stm32h7xx_hal_i2c.c 0x00000000   Number         0  stm32h7xx_hal_i2c.o ABSOLUTE
    ..\Drivers\STM32H7xx_HAL_Driver\Src\stm32h7xx_hal_i2c_ex.c 0x00000000   Number         0  stm32h7xx_hal_i2c_ex.o ABSOLUTE
    ..\Drivers\STM32H7xx_HAL_Driver\Src\stm32h7xx_hal_ltdc.c 0x00000000   Number         0  stm32h7xx_hal_ltdc.o ABSOLUTE
    ..\Drivers\STM32H7xx_HAL_Driver\Src\stm32h7xx_hal_ltdc_ex.c 0x00000000   Number         0  stm32h7xx_hal_ltdc_ex.o ABSOLUTE
    ..\Drivers\STM32H7xx_HAL_Driver\Src\stm32h7xx_hal_mdma.c 0x00000000   Number         0  stm32h7xx_hal_mdma.o ABSOLUTE
    ..\Drivers\STM32H7xx_HAL_Driver\Src\stm32h7xx_hal_pwr.c 0x00000000   Number         0  stm32h7xx_hal_pwr.o ABSOLUTE
    ..\Drivers\STM32H7xx_HAL_Driver\Src\stm32h7xx_hal_pwr_ex.c 0x00000000   Number         0  stm32h7xx_hal_pwr_ex.o ABSOLUTE
    ..\Drivers\STM32H7xx_HAL_Driver\Src\stm32h7xx_hal_rcc.c 0x00000000   Number         0  stm32h7xx_hal_rcc.o ABSOLUTE
    ..\Drivers\STM32H7xx_HAL_Driver\Src\stm32h7xx_hal_rcc_ex.c 0x00000000   Number         0  stm32h7xx_hal_rcc_ex.o ABSOLUTE
    ..\Drivers\STM32H7xx_HAL_Driver\Src\stm32h7xx_hal_tim.c 0x00000000   Number         0  stm32h7xx_hal_tim.o ABSOLUTE
    ..\Drivers\STM32H7xx_HAL_Driver\Src\stm32h7xx_hal_tim_ex.c 0x00000000   Number         0  stm32h7xx_hal_tim_ex.o ABSOLUTE
    ..\Drivers\STM32H7xx_HAL_Driver\Src\stm32h7xx_hal_uart.c 0x00000000   Number         0  stm32h7xx_hal_uart.o ABSOLUTE
    ..\Drivers\STM32H7xx_HAL_Driver\Src\stm32h7xx_hal_uart_ex.c 0x00000000   Number         0  stm32h7xx_hal_uart_ex.o ABSOLUTE
    ..\\Core\\Src\\lcd_LTDC.c                0x00000000   Number         0  lcd_ltdc.o ABSOLUTE
    ..\\Core\\Src\\soft_user.c               0x00000000   Number         0  soft_user.o ABSOLUTE
    ..\\Core\\Src\\touch_800x480.c           0x00000000   Number         0  touch_800x480.o ABSOLUTE
    ..\\Core\\Src\\touch_iic.c               0x00000000   Number         0  touch_iic.o ABSOLUTE
    cdrcmple.s                               0x00000000   Number         0  cdrcmple.o ABSOLUTE
    dc.s                                     0x00000000   Number         0  dc.o ABSOLUTE
    handlers.s                               0x00000000   Number         0  handlers.o ABSOLUTE
    init.s                                   0x00000000   Number         0  init.o ABSOLUTE
    startup_stm32h7b0xx.s                    0x00000000   Number         0  startup_stm32h7b0xx.o ABSOLUTE
    RESET                                    0x08000000   Section      684  startup_stm32h7b0xx.o(RESET)
    .ARM.Collect$$$$00000000                 0x080002ac   Section        0  entry.o(.ARM.Collect$$$$00000000)
    .ARM.Collect$$$$00000001                 0x080002ac   Section        4  entry2.o(.ARM.Collect$$$$00000001)
    .ARM.Collect$$$$00000004                 0x080002b0   Section        4  entry5.o(.ARM.Collect$$$$00000004)
    .ARM.Collect$$$$00000008                 0x080002b4   Section        0  entry7b.o(.ARM.Collect$$$$00000008)
    .ARM.Collect$$$$0000000A                 0x080002b4   Section        0  entry8b.o(.ARM.Collect$$$$0000000A)
    .ARM.Collect$$$$0000000B                 0x080002b4   Section        8  entry9a.o(.ARM.Collect$$$$0000000B)
    .ARM.Collect$$$$0000000D                 0x080002bc   Section        0  entry10a.o(.ARM.Collect$$$$0000000D)
    .ARM.Collect$$$$0000000F                 0x080002bc   Section        0  entry11a.o(.ARM.Collect$$$$0000000F)
    .ARM.Collect$$$$00002712                 0x080002bc   Section        4  entry2.o(.ARM.Collect$$$$00002712)
    __lit__00000000                          0x080002bc   Data           4  entry2.o(.ARM.Collect$$$$00002712)
    .text                                    0x080002c0   Section       36  startup_stm32h7b0xx.o(.text)
    $v0                                      0x080002c0   Number         0  startup_stm32h7b0xx.o(.text)
    .text                                    0x080002e4   Section        0  uldiv.o(.text)
    .text                                    0x08000346   Section        0  memcpya.o(.text)
    .text                                    0x0800036a   Section        0  memseta.o(.text)
    .text                                    0x0800038e   Section        0  llshl.o(.text)
    .text                                    0x080003ac   Section        0  llushr.o(.text)
    .text                                    0x080003cc   Section       36  init.o(.text)
    i.BusFault_Handler                       0x080003f0   Section        0  stm32h7xx_it.o(i.BusFault_Handler)
    i.DMA2D_IRQHandler                       0x080003f4   Section        0  stm32h7xx_it.o(i.DMA2D_IRQHandler)
    i.DebugMon_Handler                       0x08000400   Section        0  stm32h7xx_it.o(i.DebugMon_Handler)
    i.EXTI15_10_IRQHandler                   0x08000402   Section        0  stm32h7xx_it.o(i.EXTI15_10_IRQHandler)
    i.GT9XX_ReadReg                          0x0800040a   Section        0  touch_800x480.o(i.GT9XX_ReadReg)
    i.GT9XX_Reset                            0x08000460   Section        0  touch_800x480.o(i.GT9XX_Reset)
    i.GT9XX_WriteData                        0x080004c0   Section        0  touch_800x480.o(i.GT9XX_WriteData)
    i.GT9XX_WriteHandle                      0x080004e0   Section        0  touch_800x480.o(i.GT9XX_WriteHandle)
    i.HAL_DMA2D_CLUTLoadingCpltCallback      0x08000506   Section        0  stm32h7xx_hal_dma2d.o(i.HAL_DMA2D_CLUTLoadingCpltCallback)
    i.HAL_DMA2D_IRQHandler                   0x08000508   Section        0  stm32h7xx_hal_dma2d.o(i.HAL_DMA2D_IRQHandler)
    i.HAL_DMA2D_Init                         0x08000624   Section        0  stm32h7xx_hal_dma2d.o(i.HAL_DMA2D_Init)
    i.HAL_DMA2D_LineEventCallback            0x080006ac   Section        0  stm32h7xx_hal_dma2d.o(i.HAL_DMA2D_LineEventCallback)
    i.HAL_DMA2D_MspInit                      0x080006b0   Section        0  stm32h7xx_hal_msp.o(i.HAL_DMA2D_MspInit)
    i.HAL_DMA_Abort_IT                       0x080006ec   Section        0  stm32h7xx_hal_dma.o(i.HAL_DMA_Abort_IT)
    i.HAL_Delay                              0x08000970   Section        0  stm32h7xx_hal.o(i.HAL_Delay)
    i.HAL_GPIO_EXTI_Callback                 0x08000994   Section        0  stm32h7xx_hal_gpio.o(i.HAL_GPIO_EXTI_Callback)
    i.HAL_GPIO_EXTI_IRQHandler               0x08000996   Section        0  stm32h7xx_hal_gpio.o(i.HAL_GPIO_EXTI_IRQHandler)
    i.HAL_GPIO_Init                          0x080009b0   Section        0  stm32h7xx_hal_gpio.o(i.HAL_GPIO_Init)
    i.HAL_GPIO_ReadPin                       0x08000be0   Section        0  stm32h7xx_hal_gpio.o(i.HAL_GPIO_ReadPin)
    i.HAL_GPIO_WritePin                      0x08000bea   Section        0  stm32h7xx_hal_gpio.o(i.HAL_GPIO_WritePin)
    i.HAL_GetTick                            0x08000bf4   Section        0  stm32h7xx_hal.o(i.HAL_GetTick)
    i.HAL_IncTick                            0x08000c00   Section        0  stm32h7xx_hal.o(i.HAL_IncTick)
    i.HAL_Init                               0x08000c10   Section        0  stm32h7xx_hal.o(i.HAL_Init)
    i.HAL_InitTick                           0x08000c6c   Section        0  stm32h7xx_hal.o(i.HAL_InitTick)
    i.HAL_LTDC_ConfigLayer                   0x08000cac   Section        0  stm32h7xx_hal_ltdc.o(i.HAL_LTDC_ConfigLayer)
    i.HAL_LTDC_Init                          0x08000d00   Section        0  stm32h7xx_hal_ltdc.o(i.HAL_LTDC_Init)
    i.HAL_LTDC_MspInit                       0x08000df8   Section        0  stm32h7xx_hal_msp.o(i.HAL_LTDC_MspInit)
    i.HAL_MPU_ConfigRegion                   0x08000f18   Section        0  stm32h7xx_hal_cortex.o(i.HAL_MPU_ConfigRegion)
    i.HAL_MPU_Disable                        0x08000f74   Section        0  stm32h7xx_hal_cortex.o(i.HAL_MPU_Disable)
    i.HAL_MPU_Enable                         0x08000f90   Section        0  stm32h7xx_hal_cortex.o(i.HAL_MPU_Enable)
    i.HAL_MspInit                            0x08000fb4   Section        0  stm32h7xx_hal_msp.o(i.HAL_MspInit)
    i.HAL_NVIC_EnableIRQ                     0x08000fd4   Section        0  stm32h7xx_hal_cortex.o(i.HAL_NVIC_EnableIRQ)
    i.HAL_NVIC_SetPriority                   0x08000ff0   Section        0  stm32h7xx_hal_cortex.o(i.HAL_NVIC_SetPriority)
    i.HAL_NVIC_SetPriorityGrouping           0x08001030   Section        0  stm32h7xx_hal_cortex.o(i.HAL_NVIC_SetPriorityGrouping)
    i.HAL_PWREx_ConfigSupply                 0x08001054   Section        0  stm32h7xx_hal_pwr_ex.o(i.HAL_PWREx_ConfigSupply)
    i.HAL_RCCEx_GetD3PCLK1Freq               0x080010a8   Section        0  stm32h7xx_hal_rcc_ex.o(i.HAL_RCCEx_GetD3PCLK1Freq)
    i.HAL_RCCEx_GetPLL2ClockFreq             0x080010cc   Section        0  stm32h7xx_hal_rcc_ex.o(i.HAL_RCCEx_GetPLL2ClockFreq)
    i.HAL_RCCEx_GetPLL3ClockFreq             0x08001210   Section        0  stm32h7xx_hal_rcc_ex.o(i.HAL_RCCEx_GetPLL3ClockFreq)
    i.HAL_RCCEx_PeriphCLKConfig              0x08001354   Section        0  stm32h7xx_hal_rcc_ex.o(i.HAL_RCCEx_PeriphCLKConfig)
    i.HAL_RCC_ClockConfig                    0x08001bac   Section        0  stm32h7xx_hal_rcc.o(i.HAL_RCC_ClockConfig)
    i.HAL_RCC_GetHCLKFreq                    0x08001e08   Section        0  stm32h7xx_hal_rcc.o(i.HAL_RCC_GetHCLKFreq)
    i.HAL_RCC_GetPCLK1Freq                   0x08001e4c   Section        0  stm32h7xx_hal_rcc.o(i.HAL_RCC_GetPCLK1Freq)
    i.HAL_RCC_GetPCLK2Freq                   0x08001e70   Section        0  stm32h7xx_hal_rcc.o(i.HAL_RCC_GetPCLK2Freq)
    i.HAL_RCC_GetSysClockFreq                0x08001e94   Section        0  stm32h7xx_hal_rcc.o(i.HAL_RCC_GetSysClockFreq)
    i.HAL_RCC_OscConfig                      0x08001fcc   Section        0  stm32h7xx_hal_rcc.o(i.HAL_RCC_OscConfig)
    i.HAL_SYSTICK_Config                     0x080024f8   Section        0  stm32h7xx_hal_cortex.o(i.HAL_SYSTICK_Config)
    i.HAL_TIMEx_MasterConfigSynchronization  0x08002520   Section        0  stm32h7xx_hal_tim_ex.o(i.HAL_TIMEx_MasterConfigSynchronization)
    i.HAL_TIM_MspPostInit                    0x080025b8   Section        0  stm32h7xx_hal_msp.o(i.HAL_TIM_MspPostInit)
    i.HAL_TIM_PWM_ConfigChannel              0x08002608   Section        0  stm32h7xx_hal_tim.o(i.HAL_TIM_PWM_ConfigChannel)
    i.HAL_TIM_PWM_Init                       0x08002726   Section        0  stm32h7xx_hal_tim.o(i.HAL_TIM_PWM_Init)
    i.HAL_TIM_PWM_MspInit                    0x08002788   Section        0  stm32h7xx_hal_msp.o(i.HAL_TIM_PWM_MspInit)
    i.HAL_TIM_PWM_Start                      0x080027b0   Section        0  stm32h7xx_hal_tim.o(i.HAL_TIM_PWM_Start)
    i.HAL_UARTEx_DisableFifoMode             0x08002888   Section        0  stm32h7xx_hal_uart_ex.o(i.HAL_UARTEx_DisableFifoMode)
    i.HAL_UARTEx_RxFifoFullCallback          0x080028c8   Section        0  stm32h7xx_hal_uart_ex.o(i.HAL_UARTEx_RxFifoFullCallback)
    i.HAL_UARTEx_SetRxFifoThreshold          0x080028ca   Section        0  stm32h7xx_hal_uart_ex.o(i.HAL_UARTEx_SetRxFifoThreshold)
    i.HAL_UARTEx_SetTxFifoThreshold          0x08002916   Section        0  stm32h7xx_hal_uart_ex.o(i.HAL_UARTEx_SetTxFifoThreshold)
    i.HAL_UARTEx_TxFifoEmptyCallback         0x08002962   Section        0  stm32h7xx_hal_uart_ex.o(i.HAL_UARTEx_TxFifoEmptyCallback)
    i.HAL_UARTEx_WakeupCallback              0x08002964   Section        0  stm32h7xx_hal_uart_ex.o(i.HAL_UARTEx_WakeupCallback)
    i.HAL_UART_ErrorCallback                 0x08002966   Section        0  stm32h7xx_hal_uart.o(i.HAL_UART_ErrorCallback)
    i.HAL_UART_IRQHandler                    0x08002968   Section        0  stm32h7xx_hal_uart.o(i.HAL_UART_IRQHandler)
    i.HAL_UART_Init                          0x08002b28   Section        0  stm32h7xx_hal_uart.o(i.HAL_UART_Init)
    i.HAL_UART_MspInit                       0x08002b94   Section        0  stm32h7xx_hal_msp.o(i.HAL_UART_MspInit)
    i.HAL_UART_Transmit                      0x08002c0c   Section        0  stm32h7xx_hal_uart.o(i.HAL_UART_Transmit)
    i.HAL_UART_TxCpltCallback                0x08002cca   Section        0  stm32h7xx_hal_uart.o(i.HAL_UART_TxCpltCallback)
    i.HardFault_Handler                      0x08002ccc   Section        0  stm32h7xx_it.o(i.HardFault_Handler)
    i.LCD_DrawCircle                         0x08002cd0   Section        0  lcd_ltdc.o(i.LCD_DrawCircle)
    i.LCD_DrawLine                           0x08002d58   Section        0  lcd_ltdc.o(i.LCD_DrawLine)
    i.LCD_DrawPoint                          0x08002e06   Section        0  lcd_ltdc.o(i.LCD_DrawPoint)
    i.LCD_DrawRect                           0x08002e28   Section        0  lcd_ltdc.o(i.LCD_DrawRect)
    i.LCD_FillCircle                         0x08002e70   Section        0  lcd_ltdc.o(i.LCD_FillCircle)
    i.LTDC_SetConfig                         0x08002f32   Section        0  stm32h7xx_hal_ltdc.o(i.LTDC_SetConfig)
    LTDC_SetConfig                           0x08002f33   Thumb Code   464  stm32h7xx_hal_ltdc.o(i.LTDC_SetConfig)
    i.MX_GPIO_Init                           0x08003104   Section        0  main.o(i.MX_GPIO_Init)
    MX_GPIO_Init                             0x08003105   Thumb Code   180  main.o(i.MX_GPIO_Init)
    i.MX_LTDC_Init                           0x080031c4   Section        0  main.o(i.MX_LTDC_Init)
    MX_LTDC_Init                             0x080031c5   Thumb Code   160  main.o(i.MX_LTDC_Init)
    i.MX_TIM4_Init                           0x0800326c   Section        0  main.o(i.MX_TIM4_Init)
    MX_TIM4_Init                             0x0800326d   Thumb Code   102  main.o(i.MX_TIM4_Init)
    i.MX_USART1_UART_Init                    0x080032dc   Section        0  main.o(i.MX_USART1_UART_Init)
    MX_USART1_UART_Init                      0x080032dd   Thumb Code    90  main.o(i.MX_USART1_UART_Init)
    i.MemManage_Handler                      0x08003340   Section        0  stm32h7xx_it.o(i.MemManage_Handler)
    i.NMI_Handler                            0x08003342   Section        0  stm32h7xx_it.o(i.NMI_Handler)
    i.PanelRecognition                       0x08003344   Section        0  touch_800x480.o(i.PanelRecognition)
    i.PendSV_Handler                         0x080033cc   Section        0  stm32h7xx_it.o(i.PendSV_Handler)
    i.RCCEx_PLL2_Config                      0x080033d0   Section        0  stm32h7xx_hal_rcc_ex.o(i.RCCEx_PLL2_Config)
    RCCEx_PLL2_Config                        0x080033d1   Thumb Code   284  stm32h7xx_hal_rcc_ex.o(i.RCCEx_PLL2_Config)
    i.RCCEx_PLL3_Config                      0x080034f0   Section        0  stm32h7xx_hal_rcc_ex.o(i.RCCEx_PLL3_Config)
    RCCEx_PLL3_Config                        0x080034f1   Thumb Code   284  stm32h7xx_hal_rcc_ex.o(i.RCCEx_PLL3_Config)
    i.SVC_Handler                            0x08003610   Section        0  stm32h7xx_it.o(i.SVC_Handler)
    i.SysTick_Handler                        0x08003614   Section        0  stm32h7xx_it.o(i.SysTick_Handler)
    i.SystemClock_Config                     0x08003628   Section        0  main.o(i.SystemClock_Config)
    i.SystemInit                             0x08003700   Section        0  system_stm32h7xx.o(i.SystemInit)
    i.TIM_Base_SetConfig                     0x080037c8   Section        0  stm32h7xx_hal_tim.o(i.TIM_Base_SetConfig)
    i.TIM_CCxChannelCmd                      0x0800388c   Section        0  stm32h7xx_hal_tim.o(i.TIM_CCxChannelCmd)
    i.TIM_OC1_SetConfig                      0x080038a8   Section        0  stm32h7xx_hal_tim.o(i.TIM_OC1_SetConfig)
    TIM_OC1_SetConfig                        0x080038a9   Thumb Code   142  stm32h7xx_hal_tim.o(i.TIM_OC1_SetConfig)
    i.TIM_OC2_SetConfig                      0x08003950   Section        0  stm32h7xx_hal_tim.o(i.TIM_OC2_SetConfig)
    i.TIM_OC3_SetConfig                      0x080039e8   Section        0  stm32h7xx_hal_tim.o(i.TIM_OC3_SetConfig)
    TIM_OC3_SetConfig                        0x080039e9   Thumb Code   118  stm32h7xx_hal_tim.o(i.TIM_OC3_SetConfig)
    i.TIM_OC4_SetConfig                      0x08003a74   Section        0  stm32h7xx_hal_tim.o(i.TIM_OC4_SetConfig)
    TIM_OC4_SetConfig                        0x08003a75   Thumb Code    88  stm32h7xx_hal_tim.o(i.TIM_OC4_SetConfig)
    i.TIM_OC5_SetConfig                      0x08003ae0   Section        0  stm32h7xx_hal_tim.o(i.TIM_OC5_SetConfig)
    TIM_OC5_SetConfig                        0x08003ae1   Thumb Code    88  stm32h7xx_hal_tim.o(i.TIM_OC5_SetConfig)
    i.TIM_OC6_SetConfig                      0x08003b4c   Section        0  stm32h7xx_hal_tim.o(i.TIM_OC6_SetConfig)
    TIM_OC6_SetConfig                        0x08003b4d   Thumb Code    88  stm32h7xx_hal_tim.o(i.TIM_OC6_SetConfig)
    i.Touch_IIC_ACK                          0x08003bb8   Section        0  touch_iic.o(i.Touch_IIC_ACK)
    i.Touch_IIC_Delay                        0x08003c10   Section        0  touch_iic.o(i.Touch_IIC_Delay)
    i.Touch_IIC_GPIO_Config                  0x08003c38   Section        0  touch_iic.o(i.Touch_IIC_GPIO_Config)
    i.Touch_IIC_NoACK                        0x08003cfc   Section        0  touch_iic.o(i.Touch_IIC_NoACK)
    i.Touch_IIC_ReadByte                     0x08003d48   Section        0  touch_iic.o(i.Touch_IIC_ReadByte)
    i.Touch_IIC_Start                        0x08003da8   Section        0  touch_iic.o(i.Touch_IIC_Start)
    i.Touch_IIC_Stop                         0x08003df0   Section        0  touch_iic.o(i.Touch_IIC_Stop)
    i.Touch_IIC_WaitACK                      0x08003e3c   Section        0  touch_iic.o(i.Touch_IIC_WaitACK)
    i.Touch_IIC_WriteByte                    0x08003e98   Section        0  touch_iic.o(i.Touch_IIC_WriteByte)
    i.Touch_INT_In                           0x08003ef8   Section        0  touch_iic.o(i.Touch_INT_In)
    i.Touch_INT_Out                          0x08003f20   Section        0  touch_iic.o(i.Touch_INT_Out)
    i.Touch_Init                             0x08003f4c   Section        0  touch_800x480.o(i.Touch_Init)
    i.Touch_Scan                             0x0800406c   Section        0  touch_800x480.o(i.Touch_Scan)
    i.UARTEx_SetNbDataToProcess              0x08004124   Section        0  stm32h7xx_hal_uart_ex.o(i.UARTEx_SetNbDataToProcess)
    UARTEx_SetNbDataToProcess                0x08004125   Thumb Code    82  stm32h7xx_hal_uart_ex.o(i.UARTEx_SetNbDataToProcess)
    i.UART_AdvFeatureConfig                  0x08004188   Section        0  stm32h7xx_hal_uart.o(i.UART_AdvFeatureConfig)
    i.UART_CheckIdleState                    0x08004250   Section        0  stm32h7xx_hal_uart.o(i.UART_CheckIdleState)
    i.UART_DMAAbortOnError                   0x080042ae   Section        0  stm32h7xx_hal_uart.o(i.UART_DMAAbortOnError)
    UART_DMAAbortOnError                     0x080042af   Thumb Code    20  stm32h7xx_hal_uart.o(i.UART_DMAAbortOnError)
    i.UART_EndRxTransfer                     0x080042c4   Section        0  stm32h7xx_hal_uart.o(i.UART_EndRxTransfer)
    UART_EndRxTransfer                       0x080042c5   Thumb Code    34  stm32h7xx_hal_uart.o(i.UART_EndRxTransfer)
    i.UART_SetConfig                         0x080042ec   Section        0  stm32h7xx_hal_uart.o(i.UART_SetConfig)
    i.UART_WaitOnFlagUntilTimeout            0x080046c8   Section        0  stm32h7xx_hal_uart.o(i.UART_WaitOnFlagUntilTimeout)
    i.USART1_IRQHandler                      0x0800476c   Section        0  stm32h7xx_it.o(i.USART1_IRQHandler)
    i.UsageFault_Handler                     0x08004778   Section        0  stm32h7xx_it.o(i.UsageFault_Handler)
    i.Usart_SendString                       0x0800477c   Section        0  soft_user.o(i.Usart_SendString)
    i.__0printf$5                            0x080047a0   Section        0  printf5.o(i.__0printf$5)
    i.__NVIC_SetPriority                     0x080047c0   Section        0  stm32h7xx_hal_cortex.o(i.__NVIC_SetPriority)
    __NVIC_SetPriority                       0x080047c1   Thumb Code    34  stm32h7xx_hal_cortex.o(i.__NVIC_SetPriority)
    i.__scatterload_copy                     0x080047e2   Section       14  handlers.o(i.__scatterload_copy)
    i.__scatterload_null                     0x080047f0   Section        2  handlers.o(i.__scatterload_null)
    i.__scatterload_zeroinit                 0x080047f2   Section       14  handlers.o(i.__scatterload_zeroinit)
    i._printf_core                           0x08004800   Section        0  printf5.o(i._printf_core)
    _printf_core                             0x08004801   Thumb Code   658  printf5.o(i._printf_core)
    i.color_change                           0x08004ac0   Section        0  lcd_ltdc.o(i.color_change)
    i.fputc                                  0x08004adc   Section        0  soft_user.o(i.fputc)
    i.lcd_fill                               0x08004af4   Section        0  lcd_ltdc.o(i.lcd_fill)
    i.main                                   0x08004b50   Section        0  main.o(i.main)
    .constdata                               0x08004d1c   Section       24  stm32h7xx_hal_uart.o(.constdata)
    .constdata                               0x08004d34   Section       16  system_stm32h7xx.o(.constdata)
    .data                                    0x20000000   Section        1  touch_800x480.o(.data)
    Modify_Flag                              0x20000000   Data           1  touch_800x480.o(.data)
    .data                                    0x20000004   Section       12  stm32h7xx_hal.o(.data)
    .data                                    0x20000010   Section        8  system_stm32h7xx.o(.data)
    .data                                    0x20000018   Section        4  stdout.o(.data)
    .bss                                     0x2000001c   Section      488  main.o(.bss)
    .bss                                     0x20000204   Section       22  touch_800x480.o(.bss)
    STACK                                    0x20000220   Section     1024  startup_stm32h7b0xx.o(STACK)

    Global Symbols

    Symbol Name                              Value     Ov Type        Size  Object(Section)

    BuildAttributes$$THM_ISAv4$E$P$D$K$B$S$7EM$VFPv5_D16$PE$PLD8$A:L22UL41UL21$X:L11$S22US41US21$IEEE1$IW$USESV6$~STKCKD$USESV7$~SHL$OSPACE$ROPI$EBA8$MICROLIB$REQ8$PRES8$EABIv2 0x00000000   Number         0  anon$$obj.o ABSOLUTE
    __ARM_use_no_argv                        0x00000000   Number         0  main.o ABSOLUTE
    _printf_a                                0x00000000   Number         0  stubs.o ABSOLUTE
    _printf_c                                0x00000000   Number         0  stubs.o ABSOLUTE
    _printf_charcount                        0x00000000   Number         0  stubs.o ABSOLUTE
    _printf_d                                0x00000000   Number         0  stubs.o ABSOLUTE
    _printf_e                                0x00000000   Number         0  stubs.o ABSOLUTE
    _printf_f                                0x00000000   Number         0  stubs.o ABSOLUTE
    _printf_flags                            0x00000000   Number         0  stubs.o ABSOLUTE
    _printf_fp_dec                           0x00000000   Number         0  stubs.o ABSOLUTE
    _printf_fp_hex                           0x00000000   Number         0  stubs.o ABSOLUTE
    _printf_g                                0x00000000   Number         0  stubs.o ABSOLUTE
    _printf_i                                0x00000000   Number         0  stubs.o ABSOLUTE
    _printf_int_dec                          0x00000000   Number         0  stubs.o ABSOLUTE
    _printf_l                                0x00000000   Number         0  stubs.o ABSOLUTE
    _printf_lc                               0x00000000   Number         0  stubs.o ABSOLUTE
    _printf_ll                               0x00000000   Number         0  stubs.o ABSOLUTE
    _printf_lld                              0x00000000   Number         0  stubs.o ABSOLUTE
    _printf_lli                              0x00000000   Number         0  stubs.o ABSOLUTE
    _printf_llo                              0x00000000   Number         0  stubs.o ABSOLUTE
    _printf_llu                              0x00000000   Number         0  stubs.o ABSOLUTE
    _printf_llx                              0x00000000   Number         0  stubs.o ABSOLUTE
    _printf_longlong_dec                     0x00000000   Number         0  stubs.o ABSOLUTE
    _printf_longlong_hex                     0x00000000   Number         0  stubs.o ABSOLUTE
    _printf_longlong_oct                     0x00000000   Number         0  stubs.o ABSOLUTE
    _printf_ls                               0x00000000   Number         0  stubs.o ABSOLUTE
    _printf_mbtowc                           0x00000000   Number         0  stubs.o ABSOLUTE
    _printf_n                                0x00000000   Number         0  stubs.o ABSOLUTE
    _printf_o                                0x00000000   Number         0  stubs.o ABSOLUTE
    _printf_p                                0x00000000   Number         0  stubs.o ABSOLUTE
    _printf_percent                          0x00000000   Number         0  stubs.o ABSOLUTE
    _printf_pre_padding                      0x00000000   Number         0  stubs.o ABSOLUTE
    _printf_return_value                     0x00000000   Number         0  stubs.o ABSOLUTE
    _printf_s                                0x00000000   Number         0  stubs.o ABSOLUTE
    _printf_sizespec                         0x00000000   Number         0  stubs.o ABSOLUTE
    _printf_str                              0x00000000   Number         0  stubs.o ABSOLUTE
    _printf_truncate_signed                  0x00000000   Number         0  stubs.o ABSOLUTE
    _printf_truncate_unsigned                0x00000000   Number         0  stubs.o ABSOLUTE
    _printf_u                                0x00000000   Number         0  stubs.o ABSOLUTE
    _printf_wc                               0x00000000   Number         0  stubs.o ABSOLUTE
    _printf_wctomb                           0x00000000   Number         0  stubs.o ABSOLUTE
    _printf_widthprec                        0x00000000   Number         0  stubs.o ABSOLUTE
    _printf_x                                0x00000000   Number         0  stubs.o ABSOLUTE
    __cpp_initialize__aeabi_                  - Undefined Weak Reference
    __cxa_finalize                            - Undefined Weak Reference
    __decompress                              - Undefined Weak Reference
    _clock_init                               - Undefined Weak Reference
    _microlib_exit                            - Undefined Weak Reference
    __Vectors_Size                           0x000002ac   Number         0  startup_stm32h7b0xx.o ABSOLUTE
    __Vectors                                0x08000000   Data           4  startup_stm32h7b0xx.o(RESET)
    __Vectors_End                            0x080002ac   Data           0  startup_stm32h7b0xx.o(RESET)
    __main                                   0x080002ad   Thumb Code     0  entry.o(.ARM.Collect$$$$00000000)
    _main_stk                                0x080002ad   Thumb Code     0  entry2.o(.ARM.Collect$$$$00000001)
    _main_scatterload                        0x080002b1   Thumb Code     0  entry5.o(.ARM.Collect$$$$00000004)
    __main_after_scatterload                 0x080002b5   Thumb Code     0  entry5.o(.ARM.Collect$$$$00000004)
    _main_clock                              0x080002b5   Thumb Code     0  entry7b.o(.ARM.Collect$$$$00000008)
    _main_cpp_init                           0x080002b5   Thumb Code     0  entry8b.o(.ARM.Collect$$$$0000000A)
    _main_init                               0x080002b5   Thumb Code     0  entry9a.o(.ARM.Collect$$$$0000000B)
    __rt_final_cpp                           0x080002bd   Thumb Code     0  entry10a.o(.ARM.Collect$$$$0000000D)
    __rt_final_exit                          0x080002bd   Thumb Code     0  entry11a.o(.ARM.Collect$$$$0000000F)
    Reset_Handler                            0x080002c1   Thumb Code     8  startup_stm32h7b0xx.o(.text)
    ADC_IRQHandler                           0x080002db   Thumb Code     0  startup_stm32h7b0xx.o(.text)
    BDMA1_IRQHandler                         0x080002db   Thumb Code     0  startup_stm32h7b0xx.o(.text)
    BDMA2_Channel0_IRQHandler                0x080002db   Thumb Code     0  startup_stm32h7b0xx.o(.text)
    BDMA2_Channel1_IRQHandler                0x080002db   Thumb Code     0  startup_stm32h7b0xx.o(.text)
    BDMA2_Channel2_IRQHandler                0x080002db   Thumb Code     0  startup_stm32h7b0xx.o(.text)
    BDMA2_Channel3_IRQHandler                0x080002db   Thumb Code     0  startup_stm32h7b0xx.o(.text)
    BDMA2_Channel4_IRQHandler                0x080002db   Thumb Code     0  startup_stm32h7b0xx.o(.text)
    BDMA2_Channel5_IRQHandler                0x080002db   Thumb Code     0  startup_stm32h7b0xx.o(.text)
    BDMA2_Channel6_IRQHandler                0x080002db   Thumb Code     0  startup_stm32h7b0xx.o(.text)
    BDMA2_Channel7_IRQHandler                0x080002db   Thumb Code     0  startup_stm32h7b0xx.o(.text)
    CEC_IRQHandler                           0x080002db   Thumb Code     0  startup_stm32h7b0xx.o(.text)
    COMP_IRQHandler                          0x080002db   Thumb Code     0  startup_stm32h7b0xx.o(.text)
    CRS_IRQHandler                           0x080002db   Thumb Code     0  startup_stm32h7b0xx.o(.text)
    CRYP_IRQHandler                          0x080002db   Thumb Code     0  startup_stm32h7b0xx.o(.text)
    DAC2_IRQHandler                          0x080002db   Thumb Code     0  startup_stm32h7b0xx.o(.text)
    DCMI_PSSI_IRQHandler                     0x080002db   Thumb Code     0  startup_stm32h7b0xx.o(.text)
    DFSDM1_FLT0_IRQHandler                   0x080002db   Thumb Code     0  startup_stm32h7b0xx.o(.text)
    DFSDM1_FLT1_IRQHandler                   0x080002db   Thumb Code     0  startup_stm32h7b0xx.o(.text)
    DFSDM1_FLT2_IRQHandler                   0x080002db   Thumb Code     0  startup_stm32h7b0xx.o(.text)
    DFSDM1_FLT3_IRQHandler                   0x080002db   Thumb Code     0  startup_stm32h7b0xx.o(.text)
    DFSDM1_FLT4_IRQHandler                   0x080002db   Thumb Code     0  startup_stm32h7b0xx.o(.text)
    DFSDM1_FLT5_IRQHandler                   0x080002db   Thumb Code     0  startup_stm32h7b0xx.o(.text)
    DFSDM1_FLT6_IRQHandler                   0x080002db   Thumb Code     0  startup_stm32h7b0xx.o(.text)
    DFSDM1_FLT7_IRQHandler                   0x080002db   Thumb Code     0  startup_stm32h7b0xx.o(.text)
    DFSDM2_IRQHandler                        0x080002db   Thumb Code     0  startup_stm32h7b0xx.o(.text)
    DMA1_Stream0_IRQHandler                  0x080002db   Thumb Code     0  startup_stm32h7b0xx.o(.text)
    DMA1_Stream1_IRQHandler                  0x080002db   Thumb Code     0  startup_stm32h7b0xx.o(.text)
    DMA1_Stream2_IRQHandler                  0x080002db   Thumb Code     0  startup_stm32h7b0xx.o(.text)
    DMA1_Stream3_IRQHandler                  0x080002db   Thumb Code     0  startup_stm32h7b0xx.o(.text)
    DMA1_Stream4_IRQHandler                  0x080002db   Thumb Code     0  startup_stm32h7b0xx.o(.text)
    DMA1_Stream5_IRQHandler                  0x080002db   Thumb Code     0  startup_stm32h7b0xx.o(.text)
    DMA1_Stream6_IRQHandler                  0x080002db   Thumb Code     0  startup_stm32h7b0xx.o(.text)
    DMA1_Stream7_IRQHandler                  0x080002db   Thumb Code     0  startup_stm32h7b0xx.o(.text)
    DMA2_Stream0_IRQHandler                  0x080002db   Thumb Code     0  startup_stm32h7b0xx.o(.text)
    DMA2_Stream1_IRQHandler                  0x080002db   Thumb Code     0  startup_stm32h7b0xx.o(.text)
    DMA2_Stream2_IRQHandler                  0x080002db   Thumb Code     0  startup_stm32h7b0xx.o(.text)
    DMA2_Stream3_IRQHandler                  0x080002db   Thumb Code     0  startup_stm32h7b0xx.o(.text)
    DMA2_Stream4_IRQHandler                  0x080002db   Thumb Code     0  startup_stm32h7b0xx.o(.text)
    DMA2_Stream5_IRQHandler                  0x080002db   Thumb Code     0  startup_stm32h7b0xx.o(.text)
    DMA2_Stream6_IRQHandler                  0x080002db   Thumb Code     0  startup_stm32h7b0xx.o(.text)
    DMA2_Stream7_IRQHandler                  0x080002db   Thumb Code     0  startup_stm32h7b0xx.o(.text)
    DMAMUX1_OVR_IRQHandler                   0x080002db   Thumb Code     0  startup_stm32h7b0xx.o(.text)
    DMAMUX2_OVR_IRQHandler                   0x080002db   Thumb Code     0  startup_stm32h7b0xx.o(.text)
    DTS_IRQHandler                           0x080002db   Thumb Code     0  startup_stm32h7b0xx.o(.text)
    ECC_IRQHandler                           0x080002db   Thumb Code     0  startup_stm32h7b0xx.o(.text)
    EXTI0_IRQHandler                         0x080002db   Thumb Code     0  startup_stm32h7b0xx.o(.text)
    EXTI1_IRQHandler                         0x080002db   Thumb Code     0  startup_stm32h7b0xx.o(.text)
    EXTI2_IRQHandler                         0x080002db   Thumb Code     0  startup_stm32h7b0xx.o(.text)
    EXTI3_IRQHandler                         0x080002db   Thumb Code     0  startup_stm32h7b0xx.o(.text)
    EXTI4_IRQHandler                         0x080002db   Thumb Code     0  startup_stm32h7b0xx.o(.text)
    EXTI9_5_IRQHandler                       0x080002db   Thumb Code     0  startup_stm32h7b0xx.o(.text)
    FDCAN1_IT0_IRQHandler                    0x080002db   Thumb Code     0  startup_stm32h7b0xx.o(.text)
    FDCAN1_IT1_IRQHandler                    0x080002db   Thumb Code     0  startup_stm32h7b0xx.o(.text)
    FDCAN2_IT0_IRQHandler                    0x080002db   Thumb Code     0  startup_stm32h7b0xx.o(.text)
    FDCAN2_IT1_IRQHandler                    0x080002db   Thumb Code     0  startup_stm32h7b0xx.o(.text)
    FDCAN_CAL_IRQHandler                     0x080002db   Thumb Code     0  startup_stm32h7b0xx.o(.text)
    FLASH_IRQHandler                         0x080002db   Thumb Code     0  startup_stm32h7b0xx.o(.text)
    FMC_IRQHandler                           0x080002db   Thumb Code     0  startup_stm32h7b0xx.o(.text)
    FPU_IRQHandler                           0x080002db   Thumb Code     0  startup_stm32h7b0xx.o(.text)
    GFXMMU_IRQHandler                        0x080002db   Thumb Code     0  startup_stm32h7b0xx.o(.text)
    HASH_RNG_IRQHandler                      0x080002db   Thumb Code     0  startup_stm32h7b0xx.o(.text)
    HSEM1_IRQHandler                         0x080002db   Thumb Code     0  startup_stm32h7b0xx.o(.text)
    I2C1_ER_IRQHandler                       0x080002db   Thumb Code     0  startup_stm32h7b0xx.o(.text)
    I2C1_EV_IRQHandler                       0x080002db   Thumb Code     0  startup_stm32h7b0xx.o(.text)
    I2C2_ER_IRQHandler                       0x080002db   Thumb Code     0  startup_stm32h7b0xx.o(.text)
    I2C2_EV_IRQHandler                       0x080002db   Thumb Code     0  startup_stm32h7b0xx.o(.text)
    I2C3_ER_IRQHandler                       0x080002db   Thumb Code     0  startup_stm32h7b0xx.o(.text)
    I2C3_EV_IRQHandler                       0x080002db   Thumb Code     0  startup_stm32h7b0xx.o(.text)
    I2C4_ER_IRQHandler                       0x080002db   Thumb Code     0  startup_stm32h7b0xx.o(.text)
    I2C4_EV_IRQHandler                       0x080002db   Thumb Code     0  startup_stm32h7b0xx.o(.text)
    JPEG_IRQHandler                          0x080002db   Thumb Code     0  startup_stm32h7b0xx.o(.text)
    LPTIM1_IRQHandler                        0x080002db   Thumb Code     0  startup_stm32h7b0xx.o(.text)
    LPTIM2_IRQHandler                        0x080002db   Thumb Code     0  startup_stm32h7b0xx.o(.text)
    LPTIM3_IRQHandler                        0x080002db   Thumb Code     0  startup_stm32h7b0xx.o(.text)
    LPUART1_IRQHandler                       0x080002db   Thumb Code     0  startup_stm32h7b0xx.o(.text)
    LTDC_ER_IRQHandler                       0x080002db   Thumb Code     0  startup_stm32h7b0xx.o(.text)
    LTDC_IRQHandler                          0x080002db   Thumb Code     0  startup_stm32h7b0xx.o(.text)
    MDIOS_IRQHandler                         0x080002db   Thumb Code     0  startup_stm32h7b0xx.o(.text)
    MDIOS_WKUP_IRQHandler                    0x080002db   Thumb Code     0  startup_stm32h7b0xx.o(.text)
    MDMA_IRQHandler                          0x080002db   Thumb Code     0  startup_stm32h7b0xx.o(.text)
    OCTOSPI1_IRQHandler                      0x080002db   Thumb Code     0  startup_stm32h7b0xx.o(.text)
    OCTOSPI2_IRQHandler                      0x080002db   Thumb Code     0  startup_stm32h7b0xx.o(.text)
    OTFDEC1_IRQHandler                       0x080002db   Thumb Code     0  startup_stm32h7b0xx.o(.text)
    OTFDEC2_IRQHandler                       0x080002db   Thumb Code     0  startup_stm32h7b0xx.o(.text)
    OTG_HS_EP1_IN_IRQHandler                 0x080002db   Thumb Code     0  startup_stm32h7b0xx.o(.text)
    OTG_HS_EP1_OUT_IRQHandler                0x080002db   Thumb Code     0  startup_stm32h7b0xx.o(.text)
    OTG_HS_IRQHandler                        0x080002db   Thumb Code     0  startup_stm32h7b0xx.o(.text)
    OTG_HS_WKUP_IRQHandler                   0x080002db   Thumb Code     0  startup_stm32h7b0xx.o(.text)
    PVD_PVM_IRQHandler                       0x080002db   Thumb Code     0  startup_stm32h7b0xx.o(.text)
    RCC_IRQHandler                           0x080002db   Thumb Code     0  startup_stm32h7b0xx.o(.text)
    RTC_Alarm_IRQHandler                     0x080002db   Thumb Code     0  startup_stm32h7b0xx.o(.text)
    RTC_TAMP_STAMP_CSS_LSE_IRQHandler        0x080002db   Thumb Code     0  startup_stm32h7b0xx.o(.text)
    RTC_WKUP_IRQHandler                      0x080002db   Thumb Code     0  startup_stm32h7b0xx.o(.text)
    SAI1_IRQHandler                          0x080002db   Thumb Code     0  startup_stm32h7b0xx.o(.text)
    SAI2_IRQHandler                          0x080002db   Thumb Code     0  startup_stm32h7b0xx.o(.text)
    SDMMC1_IRQHandler                        0x080002db   Thumb Code     0  startup_stm32h7b0xx.o(.text)
    SDMMC2_IRQHandler                        0x080002db   Thumb Code     0  startup_stm32h7b0xx.o(.text)
    SPDIF_RX_IRQHandler                      0x080002db   Thumb Code     0  startup_stm32h7b0xx.o(.text)
    SPI1_IRQHandler                          0x080002db   Thumb Code     0  startup_stm32h7b0xx.o(.text)
    SPI2_IRQHandler                          0x080002db   Thumb Code     0  startup_stm32h7b0xx.o(.text)
    SPI3_IRQHandler                          0x080002db   Thumb Code     0  startup_stm32h7b0xx.o(.text)
    SPI4_IRQHandler                          0x080002db   Thumb Code     0  startup_stm32h7b0xx.o(.text)
    SPI5_IRQHandler                          0x080002db   Thumb Code     0  startup_stm32h7b0xx.o(.text)
    SPI6_IRQHandler                          0x080002db   Thumb Code     0  startup_stm32h7b0xx.o(.text)
    SWPMI1_IRQHandler                        0x080002db   Thumb Code     0  startup_stm32h7b0xx.o(.text)
    TIM15_IRQHandler                         0x080002db   Thumb Code     0  startup_stm32h7b0xx.o(.text)
    TIM16_IRQHandler                         0x080002db   Thumb Code     0  startup_stm32h7b0xx.o(.text)
    TIM17_IRQHandler                         0x080002db   Thumb Code     0  startup_stm32h7b0xx.o(.text)
    TIM1_BRK_IRQHandler                      0x080002db   Thumb Code     0  startup_stm32h7b0xx.o(.text)
    TIM1_CC_IRQHandler                       0x080002db   Thumb Code     0  startup_stm32h7b0xx.o(.text)
    TIM1_TRG_COM_IRQHandler                  0x080002db   Thumb Code     0  startup_stm32h7b0xx.o(.text)
    TIM1_UP_IRQHandler                       0x080002db   Thumb Code     0  startup_stm32h7b0xx.o(.text)
    TIM2_IRQHandler                          0x080002db   Thumb Code     0  startup_stm32h7b0xx.o(.text)
    TIM3_IRQHandler                          0x080002db   Thumb Code     0  startup_stm32h7b0xx.o(.text)
    TIM4_IRQHandler                          0x080002db   Thumb Code     0  startup_stm32h7b0xx.o(.text)
    TIM5_IRQHandler                          0x080002db   Thumb Code     0  startup_stm32h7b0xx.o(.text)
    TIM6_DAC_IRQHandler                      0x080002db   Thumb Code     0  startup_stm32h7b0xx.o(.text)
    TIM7_IRQHandler                          0x080002db   Thumb Code     0  startup_stm32h7b0xx.o(.text)
    TIM8_BRK_TIM12_IRQHandler                0x080002db   Thumb Code     0  startup_stm32h7b0xx.o(.text)
    TIM8_CC_IRQHandler                       0x080002db   Thumb Code     0  startup_stm32h7b0xx.o(.text)
    TIM8_TRG_COM_TIM14_IRQHandler            0x080002db   Thumb Code     0  startup_stm32h7b0xx.o(.text)
    TIM8_UP_TIM13_IRQHandler                 0x080002db   Thumb Code     0  startup_stm32h7b0xx.o(.text)
    UART4_IRQHandler                         0x080002db   Thumb Code     0  startup_stm32h7b0xx.o(.text)
    UART5_IRQHandler                         0x080002db   Thumb Code     0  startup_stm32h7b0xx.o(.text)
    UART7_IRQHandler                         0x080002db   Thumb Code     0  startup_stm32h7b0xx.o(.text)
    UART8_IRQHandler                         0x080002db   Thumb Code     0  startup_stm32h7b0xx.o(.text)
    UART9_IRQHandler                         0x080002db   Thumb Code     0  startup_stm32h7b0xx.o(.text)
    USART10_IRQHandler                       0x080002db   Thumb Code     0  startup_stm32h7b0xx.o(.text)
    USART2_IRQHandler                        0x080002db   Thumb Code     0  startup_stm32h7b0xx.o(.text)
    USART3_IRQHandler                        0x080002db   Thumb Code     0  startup_stm32h7b0xx.o(.text)
    USART6_IRQHandler                        0x080002db   Thumb Code     0  startup_stm32h7b0xx.o(.text)
    WAKEUP_PIN_IRQHandler                    0x080002db   Thumb Code     0  startup_stm32h7b0xx.o(.text)
    WWDG_IRQHandler                          0x080002db   Thumb Code     0  startup_stm32h7b0xx.o(.text)
    __aeabi_uldivmod                         0x080002e5   Thumb Code    98  uldiv.o(.text)
    __aeabi_memcpy                           0x08000347   Thumb Code    36  memcpya.o(.text)
    __aeabi_memcpy4                          0x08000347   Thumb Code     0  memcpya.o(.text)
    __aeabi_memcpy8                          0x08000347   Thumb Code     0  memcpya.o(.text)
    __aeabi_memset                           0x0800036b   Thumb Code    14  memseta.o(.text)
    __aeabi_memset4                          0x0800036b   Thumb Code     0  memseta.o(.text)
    __aeabi_memset8                          0x0800036b   Thumb Code     0  memseta.o(.text)
    __aeabi_memclr                           0x08000379   Thumb Code     4  memseta.o(.text)
    __aeabi_memclr4                          0x08000379   Thumb Code     0  memseta.o(.text)
    __aeabi_memclr8                          0x08000379   Thumb Code     0  memseta.o(.text)
    _memset$wrapper                          0x0800037d   Thumb Code    18  memseta.o(.text)
    __aeabi_llsl                             0x0800038f   Thumb Code    30  llshl.o(.text)
    _ll_shift_l                              0x0800038f   Thumb Code     0  llshl.o(.text)
    __aeabi_llsr                             0x080003ad   Thumb Code    32  llushr.o(.text)
    _ll_ushift_r                             0x080003ad   Thumb Code     0  llushr.o(.text)
    __scatterload                            0x080003cd   Thumb Code    28  init.o(.text)
    __scatterload_rt2                        0x080003cd   Thumb Code     0  init.o(.text)
    BusFault_Handler                         0x080003f1   Thumb Code     2  stm32h7xx_it.o(i.BusFault_Handler)
    DMA2D_IRQHandler                         0x080003f5   Thumb Code     6  stm32h7xx_it.o(i.DMA2D_IRQHandler)
    DebugMon_Handler                         0x08000401   Thumb Code     2  stm32h7xx_it.o(i.DebugMon_Handler)
    EXTI15_10_IRQHandler                     0x08000403   Thumb Code     8  stm32h7xx_it.o(i.EXTI15_10_IRQHandler)
    GT9XX_ReadReg                            0x0800040b   Thumb Code    84  touch_800x480.o(i.GT9XX_ReadReg)
    GT9XX_Reset                              0x08000461   Thumb Code    84  touch_800x480.o(i.GT9XX_Reset)
    GT9XX_WriteData                          0x080004c1   Thumb Code    32  touch_800x480.o(i.GT9XX_WriteData)
    GT9XX_WriteHandle                        0x080004e1   Thumb Code    38  touch_800x480.o(i.GT9XX_WriteHandle)
    HAL_DMA2D_CLUTLoadingCpltCallback        0x08000507   Thumb Code     2  stm32h7xx_hal_dma2d.o(i.HAL_DMA2D_CLUTLoadingCpltCallback)
    HAL_DMA2D_IRQHandler                     0x08000509   Thumb Code   284  stm32h7xx_hal_dma2d.o(i.HAL_DMA2D_IRQHandler)
    HAL_DMA2D_Init                           0x08000625   Thumb Code   130  stm32h7xx_hal_dma2d.o(i.HAL_DMA2D_Init)
    HAL_DMA2D_LineEventCallback              0x080006ad   Thumb Code     2  stm32h7xx_hal_dma2d.o(i.HAL_DMA2D_LineEventCallback)
    HAL_DMA2D_MspInit                        0x080006b1   Thumb Code    50  stm32h7xx_hal_msp.o(i.HAL_DMA2D_MspInit)
    HAL_DMA_Abort_IT                         0x080006ed   Thumb Code   602  stm32h7xx_hal_dma.o(i.HAL_DMA_Abort_IT)
    HAL_Delay                                0x08000971   Thumb Code    32  stm32h7xx_hal.o(i.HAL_Delay)
    HAL_GPIO_EXTI_Callback                   0x08000995   Thumb Code     2  stm32h7xx_hal_gpio.o(i.HAL_GPIO_EXTI_Callback)
    HAL_GPIO_EXTI_IRQHandler                 0x08000997   Thumb Code    24  stm32h7xx_hal_gpio.o(i.HAL_GPIO_EXTI_IRQHandler)
    HAL_GPIO_Init                            0x080009b1   Thumb Code   510  stm32h7xx_hal_gpio.o(i.HAL_GPIO_Init)
    HAL_GPIO_ReadPin                         0x08000be1   Thumb Code    10  stm32h7xx_hal_gpio.o(i.HAL_GPIO_ReadPin)
    HAL_GPIO_WritePin                        0x08000beb   Thumb Code    10  stm32h7xx_hal_gpio.o(i.HAL_GPIO_WritePin)
    HAL_GetTick                              0x08000bf5   Thumb Code     6  stm32h7xx_hal.o(i.HAL_GetTick)
    HAL_IncTick                              0x08000c01   Thumb Code    12  stm32h7xx_hal.o(i.HAL_IncTick)
    HAL_Init                                 0x08000c11   Thumb Code    74  stm32h7xx_hal.o(i.HAL_Init)
    HAL_InitTick                             0x08000c6d   Thumb Code    56  stm32h7xx_hal.o(i.HAL_InitTick)
    HAL_LTDC_ConfigLayer                     0x08000cad   Thumb Code    82  stm32h7xx_hal_ltdc.o(i.HAL_LTDC_ConfigLayer)
    HAL_LTDC_Init                            0x08000d01   Thumb Code   242  stm32h7xx_hal_ltdc.o(i.HAL_LTDC_Init)
    HAL_LTDC_MspInit                         0x08000df9   Thumb Code   258  stm32h7xx_hal_msp.o(i.HAL_LTDC_MspInit)
    HAL_MPU_ConfigRegion                     0x08000f19   Thumb Code    86  stm32h7xx_hal_cortex.o(i.HAL_MPU_ConfigRegion)
    HAL_MPU_Disable                          0x08000f75   Thumb Code    24  stm32h7xx_hal_cortex.o(i.HAL_MPU_Disable)
    HAL_MPU_Enable                           0x08000f91   Thumb Code    30  stm32h7xx_hal_cortex.o(i.HAL_MPU_Enable)
    HAL_MspInit                              0x08000fb5   Thumb Code    28  stm32h7xx_hal_msp.o(i.HAL_MspInit)
    HAL_NVIC_EnableIRQ                       0x08000fd5   Thumb Code    26  stm32h7xx_hal_cortex.o(i.HAL_NVIC_EnableIRQ)
    HAL_NVIC_SetPriority                     0x08000ff1   Thumb Code    60  stm32h7xx_hal_cortex.o(i.HAL_NVIC_SetPriority)
    HAL_NVIC_SetPriorityGrouping             0x08001031   Thumb Code    28  stm32h7xx_hal_cortex.o(i.HAL_NVIC_SetPriorityGrouping)
    HAL_PWREx_ConfigSupply                   0x08001055   Thumb Code    78  stm32h7xx_hal_pwr_ex.o(i.HAL_PWREx_ConfigSupply)
    HAL_RCCEx_GetD3PCLK1Freq                 0x080010a9   Thumb Code    26  stm32h7xx_hal_rcc_ex.o(i.HAL_RCCEx_GetD3PCLK1Freq)
    HAL_RCCEx_GetPLL2ClockFreq               0x080010cd   Thumb Code   296  stm32h7xx_hal_rcc_ex.o(i.HAL_RCCEx_GetPLL2ClockFreq)
    HAL_RCCEx_GetPLL3ClockFreq               0x08001211   Thumb Code   296  stm32h7xx_hal_rcc_ex.o(i.HAL_RCCEx_GetPLL3ClockFreq)
    HAL_RCCEx_PeriphCLKConfig                0x08001355   Thumb Code  2136  stm32h7xx_hal_rcc_ex.o(i.HAL_RCCEx_PeriphCLKConfig)
    HAL_RCC_ClockConfig                      0x08001bad   Thumb Code   580  stm32h7xx_hal_rcc.o(i.HAL_RCC_ClockConfig)
    HAL_RCC_GetHCLKFreq                      0x08001e09   Thumb Code    52  stm32h7xx_hal_rcc.o(i.HAL_RCC_GetHCLKFreq)
    HAL_RCC_GetPCLK1Freq                     0x08001e4d   Thumb Code    26  stm32h7xx_hal_rcc.o(i.HAL_RCC_GetPCLK1Freq)
    HAL_RCC_GetPCLK2Freq                     0x08001e71   Thumb Code    26  stm32h7xx_hal_rcc.o(i.HAL_RCC_GetPCLK2Freq)
    HAL_RCC_GetSysClockFreq                  0x08001e95   Thumb Code   278  stm32h7xx_hal_rcc.o(i.HAL_RCC_GetSysClockFreq)
    HAL_RCC_OscConfig                        0x08001fcd   Thumb Code  1318  stm32h7xx_hal_rcc.o(i.HAL_RCC_OscConfig)
    HAL_SYSTICK_Config                       0x080024f9   Thumb Code    38  stm32h7xx_hal_cortex.o(i.HAL_SYSTICK_Config)
    HAL_TIMEx_MasterConfigSynchronization    0x08002521   Thumb Code   128  stm32h7xx_hal_tim_ex.o(i.HAL_TIMEx_MasterConfigSynchronization)
    HAL_TIM_MspPostInit                      0x080025b9   Thumb Code    68  stm32h7xx_hal_msp.o(i.HAL_TIM_MspPostInit)
    HAL_TIM_PWM_ConfigChannel                0x08002609   Thumb Code   286  stm32h7xx_hal_tim.o(i.HAL_TIM_PWM_ConfigChannel)
    HAL_TIM_PWM_Init                         0x08002727   Thumb Code    98  stm32h7xx_hal_tim.o(i.HAL_TIM_PWM_Init)
    HAL_TIM_PWM_MspInit                      0x08002789   Thumb Code    30  stm32h7xx_hal_msp.o(i.HAL_TIM_PWM_MspInit)
    HAL_TIM_PWM_Start                        0x080027b1   Thumb Code   190  stm32h7xx_hal_tim.o(i.HAL_TIM_PWM_Start)
    HAL_UARTEx_DisableFifoMode               0x08002889   Thumb Code    64  stm32h7xx_hal_uart_ex.o(i.HAL_UARTEx_DisableFifoMode)
    HAL_UARTEx_RxFifoFullCallback            0x080028c9   Thumb Code     2  stm32h7xx_hal_uart_ex.o(i.HAL_UARTEx_RxFifoFullCallback)
    HAL_UARTEx_SetRxFifoThreshold            0x080028cb   Thumb Code    76  stm32h7xx_hal_uart_ex.o(i.HAL_UARTEx_SetRxFifoThreshold)
    HAL_UARTEx_SetTxFifoThreshold            0x08002917   Thumb Code    76  stm32h7xx_hal_uart_ex.o(i.HAL_UARTEx_SetTxFifoThreshold)
    HAL_UARTEx_TxFifoEmptyCallback           0x08002963   Thumb Code     2  stm32h7xx_hal_uart_ex.o(i.HAL_UARTEx_TxFifoEmptyCallback)
    HAL_UARTEx_WakeupCallback                0x08002965   Thumb Code     2  stm32h7xx_hal_uart_ex.o(i.HAL_UARTEx_WakeupCallback)
    HAL_UART_ErrorCallback                   0x08002967   Thumb Code     2  stm32h7xx_hal_uart.o(i.HAL_UART_ErrorCallback)
    HAL_UART_IRQHandler                      0x08002969   Thumb Code   436  stm32h7xx_hal_uart.o(i.HAL_UART_IRQHandler)
    HAL_UART_Init                            0x08002b29   Thumb Code   106  stm32h7xx_hal_uart.o(i.HAL_UART_Init)
    HAL_UART_MspInit                         0x08002b95   Thumb Code   108  stm32h7xx_hal_msp.o(i.HAL_UART_MspInit)
    HAL_UART_Transmit                        0x08002c0d   Thumb Code   190  stm32h7xx_hal_uart.o(i.HAL_UART_Transmit)
    HAL_UART_TxCpltCallback                  0x08002ccb   Thumb Code     2  stm32h7xx_hal_uart.o(i.HAL_UART_TxCpltCallback)
    HardFault_Handler                        0x08002ccd   Thumb Code     2  stm32h7xx_it.o(i.HardFault_Handler)
    LCD_DrawCircle                           0x08002cd1   Thumb Code   136  lcd_ltdc.o(i.LCD_DrawCircle)
    LCD_DrawLine                             0x08002d59   Thumb Code   174  lcd_ltdc.o(i.LCD_DrawLine)
    LCD_DrawPoint                            0x08002e07   Thumb Code    34  lcd_ltdc.o(i.LCD_DrawPoint)
    LCD_DrawRect                             0x08002e29   Thumb Code    72  lcd_ltdc.o(i.LCD_DrawRect)
    LCD_FillCircle                           0x08002e71   Thumb Code   194  lcd_ltdc.o(i.LCD_FillCircle)
    MemManage_Handler                        0x08003341   Thumb Code     2  stm32h7xx_it.o(i.MemManage_Handler)
    NMI_Handler                              0x08003343   Thumb Code     2  stm32h7xx_it.o(i.NMI_Handler)
    PanelRecognition                         0x08003345   Thumb Code   124  touch_800x480.o(i.PanelRecognition)
    PendSV_Handler                           0x080033cd   Thumb Code     2  stm32h7xx_it.o(i.PendSV_Handler)
    SVC_Handler                              0x08003611   Thumb Code     2  stm32h7xx_it.o(i.SVC_Handler)
    SysTick_Handler                          0x08003615   Thumb Code    14  stm32h7xx_it.o(i.SysTick_Handler)
    SystemClock_Config                       0x08003629   Thumb Code   204  main.o(i.SystemClock_Config)
    SystemInit                               0x08003701   Thumb Code   166  system_stm32h7xx.o(i.SystemInit)
    TIM_Base_SetConfig                       0x080037c9   Thumb Code   162  stm32h7xx_hal_tim.o(i.TIM_Base_SetConfig)
    TIM_CCxChannelCmd                        0x0800388d   Thumb Code    26  stm32h7xx_hal_tim.o(i.TIM_CCxChannelCmd)
    TIM_OC2_SetConfig                        0x08003951   Thumb Code   126  stm32h7xx_hal_tim.o(i.TIM_OC2_SetConfig)
    Touch_IIC_ACK                            0x08003bb9   Thumb Code    82  touch_iic.o(i.Touch_IIC_ACK)
    Touch_IIC_Delay                          0x08003c11   Thumb Code    40  touch_iic.o(i.Touch_IIC_Delay)
    Touch_IIC_GPIO_Config                    0x08003c39   Thumb Code   188  touch_iic.o(i.Touch_IIC_GPIO_Config)
    Touch_IIC_NoACK                          0x08003cfd   Thumb Code    72  touch_iic.o(i.Touch_IIC_NoACK)
    Touch_IIC_ReadByte                       0x08003d49   Thumb Code    92  touch_iic.o(i.Touch_IIC_ReadByte)
    Touch_IIC_Start                          0x08003da9   Thumb Code    66  touch_iic.o(i.Touch_IIC_Start)
    Touch_IIC_Stop                           0x08003df1   Thumb Code    72  touch_iic.o(i.Touch_IIC_Stop)
    Touch_IIC_WaitACK                        0x08003e3d   Thumb Code    86  touch_iic.o(i.Touch_IIC_WaitACK)
    Touch_IIC_WriteByte                      0x08003e99   Thumb Code    92  touch_iic.o(i.Touch_IIC_WriteByte)
    Touch_INT_In                             0x08003ef9   Thumb Code    36  touch_iic.o(i.Touch_INT_In)
    Touch_INT_Out                            0x08003f21   Thumb Code    38  touch_iic.o(i.Touch_INT_Out)
    Touch_Init                               0x08003f4d   Thumb Code   170  touch_800x480.o(i.Touch_Init)
    Touch_Scan                               0x0800406d   Thumb Code   158  touch_800x480.o(i.Touch_Scan)
    UART_AdvFeatureConfig                    0x08004189   Thumb Code   200  stm32h7xx_hal_uart.o(i.UART_AdvFeatureConfig)
    UART_CheckIdleState                      0x08004251   Thumb Code    94  stm32h7xx_hal_uart.o(i.UART_CheckIdleState)
    UART_SetConfig                           0x080042ed   Thumb Code   916  stm32h7xx_hal_uart.o(i.UART_SetConfig)
    UART_WaitOnFlagUntilTimeout              0x080046c9   Thumb Code   164  stm32h7xx_hal_uart.o(i.UART_WaitOnFlagUntilTimeout)
    USART1_IRQHandler                        0x0800476d   Thumb Code     6  stm32h7xx_it.o(i.USART1_IRQHandler)
    UsageFault_Handler                       0x08004779   Thumb Code     2  stm32h7xx_it.o(i.UsageFault_Handler)
    Usart_SendString                         0x0800477d   Thumb Code    32  soft_user.o(i.Usart_SendString)
    __0printf$5                              0x080047a1   Thumb Code    22  printf5.o(i.__0printf$5)
    __1printf$5                              0x080047a1   Thumb Code     0  printf5.o(i.__0printf$5)
    __2printf                                0x080047a1   Thumb Code     0  printf5.o(i.__0printf$5)
    __scatterload_copy                       0x080047e3   Thumb Code    14  handlers.o(i.__scatterload_copy)
    __scatterload_null                       0x080047f1   Thumb Code     2  handlers.o(i.__scatterload_null)
    __scatterload_zeroinit                   0x080047f3   Thumb Code    14  handlers.o(i.__scatterload_zeroinit)
    color_change                             0x08004ac1   Thumb Code    28  lcd_ltdc.o(i.color_change)
    fputc                                    0x08004add   Thumb Code    18  soft_user.o(i.fputc)
    lcd_fill                                 0x08004af5   Thumb Code    86  lcd_ltdc.o(i.lcd_fill)
    main                                     0x08004b51   Thumb Code   402  main.o(i.main)
    UARTPrescTable                           0x08004d1c   Data          24  stm32h7xx_hal_uart.o(.constdata)
    D1CorePrescTable                         0x08004d34   Data          16  system_stm32h7xx.o(.constdata)
    Region$$Table$$Base                      0x08004d44   Number         0  anon$$obj.o(Region$$Table)
    Region$$Table$$Limit                     0x08004d64   Number         0  anon$$obj.o(Region$$Table)
    uwTickFreq                               0x20000004   Data           1  stm32h7xx_hal.o(.data)
    uwTickPrio                               0x20000008   Data           4  stm32h7xx_hal.o(.data)
    uwTick                                   0x2000000c   Data           4  stm32h7xx_hal.o(.data)
    SystemCoreClock                          0x20000010   Data           4  system_stm32h7xx.o(.data)
    SystemD2Clock                            0x20000014   Data           4  system_stm32h7xx.o(.data)
    __stdout                                 0x20000018   Data           4  stdout.o(.data)
    hdma2d                                   0x2000001c   Data         104  main.o(.bss)
    hltdc                                    0x20000084   Data         168  main.o(.bss)
    htim4                                    0x2000012c   Data          76  main.o(.bss)
    huart1                                   0x20000178   Data         140  main.o(.bss)
    touchInfo                                0x20000204   Data          22  touch_800x480.o(.bss)
    __initial_sp                             0x20000620   Data           0  startup_stm32h7b0xx.o(STACK)



==============================================================================

Memory Map of the image

  Image Entry point : 0x080002ad

  Load Region LR_IROM1 (Base: 0x08000000, Size: 0x00004d80, Max: 0x00020000, ABSOLUTE)

    Execution Region ER_IROM1 (Exec base: 0x08000000, Load base: 0x08000000, Size: 0x00004d64, Max: 0x00020000, ABSOLUTE)

    Exec Addr    Load Addr    Size         Type   Attr      Idx    E Section Name        Object

    0x08000000   0x08000000   0x000002ac   Data   RO            3    RESET               startup_stm32h7b0xx.o
    0x080002ac   0x080002ac   0x00000000   Code   RO         5160  * .ARM.Collect$$$$00000000  mc_w.l(entry.o)
    0x080002ac   0x080002ac   0x00000004   Code   RO         5432    .ARM.Collect$$$$00000001  mc_w.l(entry2.o)
    0x080002b0   0x080002b0   0x00000004   Code   RO         5435    .ARM.Collect$$$$00000004  mc_w.l(entry5.o)
    0x080002b4   0x080002b4   0x00000000   Code   RO         5437    .ARM.Collect$$$$00000008  mc_w.l(entry7b.o)
    0x080002b4   0x080002b4   0x00000000   Code   RO         5439    .ARM.Collect$$$$0000000A  mc_w.l(entry8b.o)
    0x080002b4   0x080002b4   0x00000008   Code   RO         5440    .ARM.Collect$$$$0000000B  mc_w.l(entry9a.o)
    0x080002bc   0x080002bc   0x00000000   Code   RO         5442    .ARM.Collect$$$$0000000D  mc_w.l(entry10a.o)
    0x080002bc   0x080002bc   0x00000000   Code   RO         5444    .ARM.Collect$$$$0000000F  mc_w.l(entry11a.o)
    0x080002bc   0x080002bc   0x00000004   Code   RO         5433    .ARM.Collect$$$$00002712  mc_w.l(entry2.o)
    0x080002c0   0x080002c0   0x00000024   Code   RO            4    .text               startup_stm32h7b0xx.o
    0x080002e4   0x080002e4   0x00000062   Code   RO         5163    .text               mc_w.l(uldiv.o)
    0x08000346   0x08000346   0x00000024   Code   RO         5165    .text               mc_w.l(memcpya.o)
    0x0800036a   0x0800036a   0x00000024   Code   RO         5167    .text               mc_w.l(memseta.o)
    0x0800038e   0x0800038e   0x0000001e   Code   RO         5449    .text               mc_w.l(llshl.o)
    0x080003ac   0x080003ac   0x00000020   Code   RO         5451    .text               mc_w.l(llushr.o)
    0x080003cc   0x080003cc   0x00000024   Code   RO         5464    .text               mc_w.l(init.o)
    0x080003f0   0x080003f0   0x00000002   Code   RO          217    i.BusFault_Handler  stm32h7xx_it.o
    0x080003f2   0x080003f2   0x00000002   PAD
    0x080003f4   0x080003f4   0x0000000c   Code   RO          218    i.DMA2D_IRQHandler  stm32h7xx_it.o
    0x08000400   0x08000400   0x00000002   Code   RO          219    i.DebugMon_Handler  stm32h7xx_it.o
    0x08000402   0x08000402   0x00000008   Code   RO          220    i.EXTI15_10_IRQHandler  stm32h7xx_it.o
    0x0800040a   0x0800040a   0x00000054   Code   RO          401    i.GT9XX_ReadReg     touch_800x480.o
    0x0800045e   0x0800045e   0x00000002   PAD
    0x08000460   0x08000460   0x00000060   Code   RO          402    i.GT9XX_Reset       touch_800x480.o
    0x080004c0   0x080004c0   0x00000020   Code   RO          403    i.GT9XX_WriteData   touch_800x480.o
    0x080004e0   0x080004e0   0x00000026   Code   RO          404    i.GT9XX_WriteHandle  touch_800x480.o
    0x08000506   0x08000506   0x00000002   Code   RO         3146    i.HAL_DMA2D_CLUTLoadingCpltCallback  stm32h7xx_hal_dma2d.o
    0x08000508   0x08000508   0x0000011c   Code   RO         3161    i.HAL_DMA2D_IRQHandler  stm32h7xx_hal_dma2d.o
    0x08000624   0x08000624   0x00000088   Code   RO         3162    i.HAL_DMA2D_Init    stm32h7xx_hal_dma2d.o
    0x080006ac   0x080006ac   0x00000002   Code   RO         3163    i.HAL_DMA2D_LineEventCallback  stm32h7xx_hal_dma2d.o
    0x080006ae   0x080006ae   0x00000002   PAD
    0x080006b0   0x080006b0   0x0000003c   Code   RO          320    i.HAL_DMA2D_MspInit  stm32h7xx_hal_msp.o
    0x080006ec   0x080006ec   0x00000284   Code   RO         1497    i.HAL_DMA_Abort_IT  stm32h7xx_hal_dma.o
    0x08000970   0x08000970   0x00000024   Code   RO         2241    i.HAL_Delay         stm32h7xx_hal.o
    0x08000994   0x08000994   0x00000002   Code   RO         1342    i.HAL_GPIO_EXTI_Callback  stm32h7xx_hal_gpio.o
    0x08000996   0x08000996   0x00000018   Code   RO         1343    i.HAL_GPIO_EXTI_IRQHandler  stm32h7xx_hal_gpio.o
    0x080009ae   0x080009ae   0x00000002   PAD
    0x080009b0   0x080009b0   0x00000230   Code   RO         1344    i.HAL_GPIO_Init     stm32h7xx_hal_gpio.o
    0x08000be0   0x08000be0   0x0000000a   Code   RO         1346    i.HAL_GPIO_ReadPin  stm32h7xx_hal_gpio.o
    0x08000bea   0x08000bea   0x0000000a   Code   RO         1348    i.HAL_GPIO_WritePin  stm32h7xx_hal_gpio.o
    0x08000bf4   0x08000bf4   0x0000000c   Code   RO         2257    i.HAL_GetTick       stm32h7xx_hal.o
    0x08000c00   0x08000c00   0x00000010   Code   RO         2263    i.HAL_IncTick       stm32h7xx_hal.o
    0x08000c10   0x08000c10   0x0000005c   Code   RO         2264    i.HAL_Init          stm32h7xx_hal.o
    0x08000c6c   0x08000c6c   0x00000040   Code   RO         2265    i.HAL_InitTick      stm32h7xx_hal.o
    0x08000cac   0x08000cac   0x00000052   Code   RO         3352    i.HAL_LTDC_ConfigLayer  stm32h7xx_hal_ltdc.o
    0x08000cfe   0x08000cfe   0x00000002   PAD
    0x08000d00   0x08000d00   0x000000f8   Code   RO         3369    i.HAL_LTDC_Init     stm32h7xx_hal_ltdc.o
    0x08000df8   0x08000df8   0x00000120   Code   RO          322    i.HAL_LTDC_MspInit  stm32h7xx_hal_msp.o
    0x08000f18   0x08000f18   0x0000005c   Code   RO          737    i.HAL_MPU_ConfigRegion  stm32h7xx_hal_cortex.o
    0x08000f74   0x08000f74   0x0000001c   Code   RO          738    i.HAL_MPU_Disable   stm32h7xx_hal_cortex.o
    0x08000f90   0x08000f90   0x00000024   Code   RO          739    i.HAL_MPU_Enable    stm32h7xx_hal_cortex.o
    0x08000fb4   0x08000fb4   0x00000020   Code   RO          323    i.HAL_MspInit       stm32h7xx_hal_msp.o
    0x08000fd4   0x08000fd4   0x0000001a   Code   RO          742    i.HAL_NVIC_EnableIRQ  stm32h7xx_hal_cortex.o
    0x08000fee   0x08000fee   0x00000002   PAD
    0x08000ff0   0x08000ff0   0x00000040   Code   RO          748    i.HAL_NVIC_SetPriority  stm32h7xx_hal_cortex.o
    0x08001030   0x08001030   0x00000024   Code   RO          749    i.HAL_NVIC_SetPriorityGrouping  stm32h7xx_hal_cortex.o
    0x08001054   0x08001054   0x00000054   Code   RO         1945    i.HAL_PWREx_ConfigSupply  stm32h7xx_hal_pwr_ex.o
    0x080010a8   0x080010a8   0x00000024   Code   RO          993    i.HAL_RCCEx_GetD3PCLK1Freq  stm32h7xx_hal_rcc_ex.o
    0x080010cc   0x080010cc   0x00000144   Code   RO          995    i.HAL_RCCEx_GetPLL2ClockFreq  stm32h7xx_hal_rcc_ex.o
    0x08001210   0x08001210   0x00000144   Code   RO          996    i.HAL_RCCEx_GetPLL3ClockFreq  stm32h7xx_hal_rcc_ex.o
    0x08001354   0x08001354   0x00000858   Code   RO         1002    i.HAL_RCCEx_PeriphCLKConfig  stm32h7xx_hal_rcc_ex.o
    0x08001bac   0x08001bac   0x0000025c   Code   RO          878    i.HAL_RCC_ClockConfig  stm32h7xx_hal_rcc.o
    0x08001e08   0x08001e08   0x00000044   Code   RO          883    i.HAL_RCC_GetHCLKFreq  stm32h7xx_hal_rcc.o
    0x08001e4c   0x08001e4c   0x00000024   Code   RO          885    i.HAL_RCC_GetPCLK1Freq  stm32h7xx_hal_rcc.o
    0x08001e70   0x08001e70   0x00000024   Code   RO          886    i.HAL_RCC_GetPCLK2Freq  stm32h7xx_hal_rcc.o
    0x08001e94   0x08001e94   0x00000138   Code   RO          887    i.HAL_RCC_GetSysClockFreq  stm32h7xx_hal_rcc.o
    0x08001fcc   0x08001fcc   0x0000052c   Code   RO          890    i.HAL_RCC_OscConfig  stm32h7xx_hal_rcc.o
    0x080024f8   0x080024f8   0x00000026   Code   RO          753    i.HAL_SYSTICK_Config  stm32h7xx_hal_cortex.o
    0x0800251e   0x0800251e   0x00000002   PAD
    0x08002520   0x08002520   0x00000098   Code   RO         4362    i.HAL_TIMEx_MasterConfigSynchronization  stm32h7xx_hal_tim_ex.o
    0x080025b8   0x080025b8   0x00000050   Code   RO          324    i.HAL_TIM_MspPostInit  stm32h7xx_hal_msp.o
    0x08002608   0x08002608   0x0000011e   Code   RO         3698    i.HAL_TIM_PWM_ConfigChannel  stm32h7xx_hal_tim.o
    0x08002726   0x08002726   0x00000062   Code   RO         3701    i.HAL_TIM_PWM_Init  stm32h7xx_hal_tim.o
    0x08002788   0x08002788   0x00000028   Code   RO          326    i.HAL_TIM_PWM_MspInit  stm32h7xx_hal_msp.o
    0x080027b0   0x080027b0   0x000000d8   Code   RO         3706    i.HAL_TIM_PWM_Start  stm32h7xx_hal_tim.o
    0x08002888   0x08002888   0x00000040   Code   RO         5033    i.HAL_UARTEx_DisableFifoMode  stm32h7xx_hal_uart_ex.o
    0x080028c8   0x080028c8   0x00000002   Code   RO         5037    i.HAL_UARTEx_RxFifoFullCallback  stm32h7xx_hal_uart_ex.o
    0x080028ca   0x080028ca   0x0000004c   Code   RO         5038    i.HAL_UARTEx_SetRxFifoThreshold  stm32h7xx_hal_uart_ex.o
    0x08002916   0x08002916   0x0000004c   Code   RO         5039    i.HAL_UARTEx_SetTxFifoThreshold  stm32h7xx_hal_uart_ex.o
    0x08002962   0x08002962   0x00000002   Code   RO         5041    i.HAL_UARTEx_TxFifoEmptyCallback  stm32h7xx_hal_uart_ex.o
    0x08002964   0x08002964   0x00000002   Code   RO         5042    i.HAL_UARTEx_WakeupCallback  stm32h7xx_hal_uart_ex.o
    0x08002966   0x08002966   0x00000002   Code   RO         4655    i.HAL_UART_ErrorCallback  stm32h7xx_hal_uart.o
    0x08002968   0x08002968   0x000001c0   Code   RO         4658    i.HAL_UART_IRQHandler  stm32h7xx_hal_uart.o
    0x08002b28   0x08002b28   0x0000006a   Code   RO         4659    i.HAL_UART_Init     stm32h7xx_hal_uart.o
    0x08002b92   0x08002b92   0x00000002   PAD
    0x08002b94   0x08002b94   0x00000078   Code   RO          328    i.HAL_UART_MspInit  stm32h7xx_hal_msp.o
    0x08002c0c   0x08002c0c   0x000000be   Code   RO         4668    i.HAL_UART_Transmit  stm32h7xx_hal_uart.o
    0x08002cca   0x08002cca   0x00000002   Code   RO         4671    i.HAL_UART_TxCpltCallback  stm32h7xx_hal_uart.o
    0x08002ccc   0x08002ccc   0x00000002   Code   RO          221    i.HardFault_Handler  stm32h7xx_it.o
    0x08002cce   0x08002cce   0x00000002   PAD
    0x08002cd0   0x08002cd0   0x00000088   Code   RO          564    i.LCD_DrawCircle    lcd_ltdc.o
    0x08002d58   0x08002d58   0x000000ae   Code   RO          565    i.LCD_DrawLine      lcd_ltdc.o
    0x08002e06   0x08002e06   0x00000022   Code   RO          566    i.LCD_DrawPoint     lcd_ltdc.o
    0x08002e28   0x08002e28   0x00000048   Code   RO          567    i.LCD_DrawRect      lcd_ltdc.o
    0x08002e70   0x08002e70   0x000000c2   Code   RO          568    i.LCD_FillCircle    lcd_ltdc.o
    0x08002f32   0x08002f32   0x000001d0   Code   RO         3388    i.LTDC_SetConfig    stm32h7xx_hal_ltdc.o
    0x08003102   0x08003102   0x00000002   PAD
    0x08003104   0x08003104   0x000000c0   Code   RO           14    i.MX_GPIO_Init      main.o
    0x080031c4   0x080031c4   0x000000a8   Code   RO           15    i.MX_LTDC_Init      main.o
    0x0800326c   0x0800326c   0x00000070   Code   RO           16    i.MX_TIM4_Init      main.o
    0x080032dc   0x080032dc   0x00000064   Code   RO           17    i.MX_USART1_UART_Init  main.o
    0x08003340   0x08003340   0x00000002   Code   RO          222    i.MemManage_Handler  stm32h7xx_it.o
    0x08003342   0x08003342   0x00000002   Code   RO          223    i.NMI_Handler       stm32h7xx_it.o
    0x08003344   0x08003344   0x00000088   Code   RO          406    i.PanelRecognition  touch_800x480.o
    0x080033cc   0x080033cc   0x00000002   Code   RO          224    i.PendSV_Handler    stm32h7xx_it.o
    0x080033ce   0x080033ce   0x00000002   PAD
    0x080033d0   0x080033d0   0x00000120   Code   RO         1004    i.RCCEx_PLL2_Config  stm32h7xx_hal_rcc_ex.o
    0x080034f0   0x080034f0   0x00000120   Code   RO         1005    i.RCCEx_PLL3_Config  stm32h7xx_hal_rcc_ex.o
    0x08003610   0x08003610   0x00000002   Code   RO          225    i.SVC_Handler       stm32h7xx_it.o
    0x08003612   0x08003612   0x00000002   PAD
    0x08003614   0x08003614   0x00000014   Code   RO          226    i.SysTick_Handler   stm32h7xx_it.o
    0x08003628   0x08003628   0x000000d8   Code   RO           18    i.SystemClock_Config  main.o
    0x08003700   0x08003700   0x000000c8   Code   RO         5127    i.SystemInit        system_stm32h7xx.o
    0x080037c8   0x080037c8   0x000000c4   Code   RO         3719    i.TIM_Base_SetConfig  stm32h7xx_hal_tim.o
    0x0800388c   0x0800388c   0x0000001a   Code   RO         3720    i.TIM_CCxChannelCmd  stm32h7xx_hal_tim.o
    0x080038a6   0x080038a6   0x00000002   PAD
    0x080038a8   0x080038a8   0x000000a8   Code   RO         3732    i.TIM_OC1_SetConfig  stm32h7xx_hal_tim.o
    0x08003950   0x08003950   0x00000098   Code   RO         3733    i.TIM_OC2_SetConfig  stm32h7xx_hal_tim.o
    0x080039e8   0x080039e8   0x0000008c   Code   RO         3734    i.TIM_OC3_SetConfig  stm32h7xx_hal_tim.o
    0x08003a74   0x08003a74   0x0000006c   Code   RO         3735    i.TIM_OC4_SetConfig  stm32h7xx_hal_tim.o
    0x08003ae0   0x08003ae0   0x0000006c   Code   RO         3736    i.TIM_OC5_SetConfig  stm32h7xx_hal_tim.o
    0x08003b4c   0x08003b4c   0x0000006c   Code   RO         3737    i.TIM_OC6_SetConfig  stm32h7xx_hal_tim.o
    0x08003bb8   0x08003bb8   0x00000058   Code   RO          478    i.Touch_IIC_ACK     touch_iic.o
    0x08003c10   0x08003c10   0x00000028   Code   RO          479    i.Touch_IIC_Delay   touch_iic.o
    0x08003c38   0x08003c38   0x000000c4   Code   RO          480    i.Touch_IIC_GPIO_Config  touch_iic.o
    0x08003cfc   0x08003cfc   0x0000004c   Code   RO          481    i.Touch_IIC_NoACK   touch_iic.o
    0x08003d48   0x08003d48   0x00000060   Code   RO          482    i.Touch_IIC_ReadByte  touch_iic.o
    0x08003da8   0x08003da8   0x00000048   Code   RO          483    i.Touch_IIC_Start   touch_iic.o
    0x08003df0   0x08003df0   0x0000004c   Code   RO          484    i.Touch_IIC_Stop    touch_iic.o
    0x08003e3c   0x08003e3c   0x0000005c   Code   RO          485    i.Touch_IIC_WaitACK  touch_iic.o
    0x08003e98   0x08003e98   0x00000060   Code   RO          486    i.Touch_IIC_WriteByte  touch_iic.o
    0x08003ef8   0x08003ef8   0x00000028   Code   RO          487    i.Touch_INT_In      touch_iic.o
    0x08003f20   0x08003f20   0x0000002c   Code   RO          488    i.Touch_INT_Out     touch_iic.o
    0x08003f4c   0x08003f4c   0x00000120   Code   RO          407    i.Touch_Init        touch_800x480.o
    0x0800406c   0x0800406c   0x000000b8   Code   RO          408    i.Touch_Scan        touch_800x480.o
    0x08004124   0x08004124   0x00000064   Code   RO         5043    i.UARTEx_SetNbDataToProcess  stm32h7xx_hal_uart_ex.o
    0x08004188   0x08004188   0x000000c8   Code   RO         4673    i.UART_AdvFeatureConfig  stm32h7xx_hal_uart.o
    0x08004250   0x08004250   0x0000005e   Code   RO         4674    i.UART_CheckIdleState  stm32h7xx_hal_uart.o
    0x080042ae   0x080042ae   0x00000014   Code   RO         4675    i.UART_DMAAbortOnError  stm32h7xx_hal_uart.o
    0x080042c2   0x080042c2   0x00000002   PAD
    0x080042c4   0x080042c4   0x00000028   Code   RO         4685    i.UART_EndRxTransfer  stm32h7xx_hal_uart.o
    0x080042ec   0x080042ec   0x000003dc   Code   RO         4691    i.UART_SetConfig    stm32h7xx_hal_uart.o
    0x080046c8   0x080046c8   0x000000a4   Code   RO         4696    i.UART_WaitOnFlagUntilTimeout  stm32h7xx_hal_uart.o
    0x0800476c   0x0800476c   0x0000000c   Code   RO          227    i.USART1_IRQHandler  stm32h7xx_it.o
    0x08004778   0x08004778   0x00000002   Code   RO          228    i.UsageFault_Handler  stm32h7xx_it.o
    0x0800477a   0x0800477a   0x00000002   PAD
    0x0800477c   0x0800477c   0x00000024   Code   RO          668    i.Usart_SendString  soft_user.o
    0x080047a0   0x080047a0   0x00000020   Code   RO         5304    i.__0printf$5       mc_w.l(printf5.o)
    0x080047c0   0x080047c0   0x00000022   Code   RO          755    i.__NVIC_SetPriority  stm32h7xx_hal_cortex.o
    0x080047e2   0x080047e2   0x0000000e   Code   RO         5472    i.__scatterload_copy  mc_w.l(handlers.o)
    0x080047f0   0x080047f0   0x00000002   Code   RO         5473    i.__scatterload_null  mc_w.l(handlers.o)
    0x080047f2   0x080047f2   0x0000000e   Code   RO         5474    i.__scatterload_zeroinit  mc_w.l(handlers.o)
    0x08004800   0x08004800   0x000002c0   Code   RO         5311    i._printf_core      mc_w.l(printf5.o)
    0x08004ac0   0x08004ac0   0x0000001c   Code   RO          570    i.color_change      lcd_ltdc.o
    0x08004adc   0x08004adc   0x00000018   Code   RO          671    i.fputc             soft_user.o
    0x08004af4   0x08004af4   0x0000005c   Code   RO          575    i.lcd_fill          lcd_ltdc.o
    0x08004b50   0x08004b50   0x000001cc   Code   RO           19    i.main              main.o
    0x08004d1c   0x08004d1c   0x00000018   Data   RO         4697    .constdata          stm32h7xx_hal_uart.o
    0x08004d34   0x08004d34   0x00000010   Data   RO         5128    .constdata          system_stm32h7xx.o
    0x08004d44   0x08004d44   0x00000020   Data   RO         5470    Region$$Table       anon$$obj.o


    Execution Region RW_IRAM1 (Exec base: 0x20000000, Load base: 0x08004d64, Size: 0x00000620, Max: 0x00020000, ABSOLUTE)

    Exec Addr    Load Addr    Size         Type   Attr      Idx    E Section Name        Object

    0x20000000   0x08004d64   0x00000001   Data   RW          410    .data               touch_800x480.o
    0x20000001   0x08004d65   0x00000003   PAD
    0x20000004   0x08004d68   0x0000000c   Data   RW         2283    .data               stm32h7xx_hal.o
    0x20000010   0x08004d74   0x00000008   Data   RW         5129    .data               system_stm32h7xx.o
    0x20000018   0x08004d7c   0x00000004   Data   RW         5446    .data               mc_w.l(stdout.o)
    0x2000001c        -       0x000001e8   Zero   RW           20    .bss                main.o
    0x20000204        -       0x00000016   Zero   RW          409    .bss                touch_800x480.o
    0x2000021a   0x08004d80   0x00000006   PAD
    0x20000220        -       0x00000400   Zero   RW            1    STACK               startup_stm32h7b0xx.o


==============================================================================

Image component sizes


      Code (inc. data)   RO Data    RW Data    ZI Data      Debug   Object Name

       730          6          0          0          0       6715   lcd_ltdc.o
      1248        110          0          0        488    1186824   main.o
        60         10          0          0          0       2764   soft_user.o
        36          8        684          0       1024        832   startup_stm32h7b0xx.o
       220         40          0         12          0      23505   stm32h7xx_hal.o
       354         28          0          0          0      41237   stm32h7xx_hal_cortex.o
       644         42          0          0          0       2887   stm32h7xx_hal_dma.o
       424          6          0          0          0       3418   stm32h7xx_hal_dma2d.o
       606         50          0          0          0       4527   stm32h7xx_hal_gpio.o
       794          6          0          0          0       3179   stm32h7xx_hal_ltdc.o
       620         78          0          0          0       4472   stm32h7xx_hal_msp.o
        84          6          0          0          0        785   stm32h7xx_hal_pwr_ex.o
      2380        108          0          0          0       7104   stm32h7xx_hal_rcc.o
      3396        122          0          0          0       7841   stm32h7xx_hal_rcc_ex.o
      1606        194          0          0          0      10038   stm32h7xx_hal_tim.o
       152         24          0          0          0       1532   stm32h7xx_hal_tim_ex.o
      2254        132         24          0          0      29523   stm32h7xx_hal_uart.o
       322         18          0          0          0       5474   stm32h7xx_hal_uart_ex.o
        68         18          0          0          0       5536   stm32h7xx_it.o
       200         34         16          8          0       1526   system_stm32h7xx.o
       858        168          0          1         22       5941   touch_800x480.o
       916         52          0          0          0       6941   touch_iic.o

    ----------------------------------------------------------------------
     18002       1260        756         24       1540    1362601   Object Totals
         0          0         32          0          0          0   (incl. Generated)
        30          0          0          3          6          0   (incl. Padding)

    ----------------------------------------------------------------------

      Code (inc. data)   RO Data    RW Data    ZI Data      Debug   Library Member Name

         0          0          0          0          0          0   entry.o
         0          0          0          0          0          0   entry10a.o
         0          0          0          0          0          0   entry11a.o
         8          4          0          0          0          0   entry2.o
         4          0          0          0          0          0   entry5.o
         0          0          0          0          0          0   entry7b.o
         0          0          0          0          0          0   entry8b.o
         8          4          0          0          0          0   entry9a.o
        30          0          0          0          0          0   handlers.o
        36          8          0          0          0         68   init.o
        30          0          0          0          0         68   llshl.o
        32          0          0          0          0         68   llushr.o
        36          0          0          0          0         68   memcpya.o
        36          0          0          0          0        108   memseta.o
       736         56          0          0          0        184   printf5.o
         0          0          0          4          0          0   stdout.o
        98          0          0          0          0         92   uldiv.o

    ----------------------------------------------------------------------
      1054         72          0          4          0        656   Library Totals
         0          0          0          0          0          0   (incl. Padding)

    ----------------------------------------------------------------------

      Code (inc. data)   RO Data    RW Data    ZI Data      Debug   Library Name

      1054         72          0          4          0        656   mc_w.l

    ----------------------------------------------------------------------
      1054         72          0          4          0        656   Library Totals

    ----------------------------------------------------------------------

==============================================================================


      Code (inc. data)   RO Data    RW Data    ZI Data      Debug   

     19056       1332        756         28       1540    1352001   Grand Totals
     19056       1332        756         28       1540    1352001   ELF Image Totals
     19056       1332        756         28          0          0   ROM Totals

==============================================================================

    Total RO  Size (Code + RO Data)                19812 (  19.35kB)
    Total RW  Size (RW Data + ZI Data)              1568 (   1.53kB)
    Total ROM Size (Code + RO Data + RW Data)      19840 (  19.38kB)

==============================================================================

