<html>
<body>
<pre>
<h1>µVision Build Log</h1>
<h2>Tool Versions:</h2>
IDE-Version: ¦ÌVision V5.30.0.0
Copyright (C) 2020 ARM Ltd and ARM Germany GmbH. All rights reserved.
License Information: 2061477607@qq.com,   , LIC=GMZI6-DH6DP-8TR3P-M2D5X-HAENU-0YD4W
 
Tool Versions:
Toolchain:       MDK-ARM Plus  Version: 5.30.0.0
Toolchain Path:  D:\keil5\ARM\ARMCC\Bin
C Compiler:      Armcc.exe V5.06 update 6 (build 750)
Assembler:       Armasm.exe V5.06 update 6 (build 750)
Linker/Locator:  ArmLink.exe V5.06 update 6 (build 750)
Library Manager: ArmAr.exe V5.06 update 6 (build 750)
Hex Converter:   FromElf.exe V5.06 update 6 (build 750)
CPU DLL:         SARMCM3.DLL V5.30.0.0
Dialog DLL:      DCM.DLL V1.17.3.0
Target DLL:      CMSIS_AGDI.dll V1.32.5.0
Dialog DLL:      TCM.DLL V1.42.0.0
 
<h2>Project:</h2>
E:\HAL_example\H7B0_lvgl\MDK-ARM\H7B0_lvgl.uvprojx
Project File Date:  01/25/2023

<h2>Output:</h2>
*** Using Compiler 'V5.06 update 6 (build 750)', folder: 'D:\keil5\ARM\ARMCC\Bin'
Build target 'H7B0_lvgl'
assembling startup_stm32h7b0xx.s...
compiling soft_user.c...
compiling lcd_LTDC.c...
compiling touch_800x480.c...
compiling stm32h7xx_hal_msp.c...
compiling stm32h7xx_it.c...
compiling lv_port_indev.c...
..\lvgl\porting\lv_port_indev.c(210): warning:  #177-D: function "touchpad_is_pressed"  was declared but never referenced
  static bool touchpad_is_pressed(void)
..\lvgl\porting\lv_port_indev.c(218): warning:  #177-D: function "touchpad_get_xy"  was declared but never referenced
  static void touchpad_get_xy(lv_coord_t * x, lv_coord_t * y)
..\lvgl\porting\lv_port_indev.c(231): warning:  #177-D: function "mouse_init"  was declared but never referenced
  static void mouse_init(void)
..\lvgl\porting\lv_port_indev.c(237): warning:  #177-D: function "mouse_read"  was declared but never referenced
  static void mouse_read(lv_indev_drv_t * indev_drv, lv_indev_data_t * data)
..\lvgl\porting\lv_port_indev.c(273): warning:  #177-D: function "keypad_init"  was declared but never referenced
  static void keypad_init(void)
..\lvgl\porting\lv_port_indev.c(279): warning:  #177-D: function "keypad_read"  was declared but never referenced
  static void keypad_read(lv_indev_drv_t * indev_drv, lv_indev_data_t * data)
..\lvgl\porting\lv_port_indev.c(332): warning:  #177-D: function "encoder_init"  was declared but never referenced
  static void encoder_init(void)
..\lvgl\porting\lv_port_indev.c(338): warning:  #177-D: function "encoder_read"  was declared but never referenced
  static void encoder_read(lv_indev_drv_t * indev_drv, lv_indev_data_t * data)
..\lvgl\porting\lv_port_indev.c(346): warning:  #177-D: function "encoder_handler"  was declared but never referenced
  static void encoder_handler(void)
..\lvgl\porting\lv_port_indev.c(359): warning:  #177-D: function "button_init"  was declared but never referenced
  static void button_init(void)
..\lvgl\porting\lv_port_indev.c(365): warning:  #177-D: function "button_read"  was declared but never referenced
  static void button_read(lv_indev_drv_t * indev_drv, lv_indev_data_t * data)
..\lvgl\porting\lv_port_indev.c: 11 warnings, 0 errors
compiling lv_port_disp.c...
compiling main.c...
linking...
Program Size: Code=165978 RO-data=18870 RW-data=588 ZI-data=55452  
FromELF: creating hex file...
"H7B0_lvgl_QSPI_extend\H7B0_lvgl.axf" - 0 Error(s), 11 Warning(s).

<h2>Software Packages used:</h2>

Package Vendor: ARM
                http://www.keil.com/pack/ARM.CMSIS.5.7.0.pack
                ARM.CMSIS.5.7.0
                CMSIS (Cortex Microcontroller Software Interface Standard)
   * Component: CORE Version: 5.4.0

Package Vendor: Keil
                http://www.keil.com/pack/Keil.STM32H7xx_DFP.3.0.0.pack
                Keil.STM32H7xx_DFP.3.0.0
                STMicroelectronics STM32H7 Series Device Support and Examples

<h2>Collection of Component include folders:</h2>
  .\RTE\_H7B0_lvgl
  D:\keil5\ARM\CMSIS\5.7.0\CMSIS\Core\Include
  D:\keil5\Keil\STM32H7xx_DFP\3.0.0\Drivers\CMSIS\Device\ST\STM32H7xx\Include

<h2>Collection of Component Files used:</h2>

   * Component: ARM::CMSIS:CORE:5.4.0
      Include file:  CMSIS\Core\Include\tz_context.h
Build Time Elapsed:  00:00:26
</pre>
</body>
</html>
