<html>
<body>
<pre>
<h1>µVision Build Log</h1>
<h2>Tool Versions:</h2>
IDE-Version: ¦ÌVision V5.30.0.0
Copyright (C) 2020 ARM Ltd and ARM Germany GmbH. All rights reserved.
License Information: 2061477607@qq.com,   , LIC=GMZI6-DH6DP-8TR3P-M2D5X-HAENU-0YD4W
 
Tool Versions:
Toolchain:       MDK-ARM Plus  Version: 5.30.0.0
Toolchain Path:  D:\keil5\ARM\ARMCC\Bin
C Compiler:      Armcc.exe V5.06 update 6 (build 750)
Assembler:       Armasm.exe V5.06 update 6 (build 750)
Linker/Locator:  ArmLink.exe V5.06 update 6 (build 750)
Library Manager: ArmAr.exe V5.06 update 6 (build 750)
Hex Converter:   FromElf.exe V5.06 update 6 (build 750)
CPU DLL:         SARMCM3.DLL V5.30.0.0
Dialog DLL:      DARMCM1.DLL V1.19.3.0
Target DLL:      CMSIS_AGDI.dll V1.32.5.0
Dialog DLL:      TARMCM1.DLL V1.14.2.0
 
<h2>Project:</h2>
E:\HAL_example\F030_K6T6_WS2812\MDK-ARM\F030_K6T6_WS2812.uvprojx
Project File Date:  01/13/2023

<h2>Output:</h2>
*** Using Compiler 'V5.06 update 6 (build 750)', folder: 'D:\keil5\ARM\ARMCC\Bin'
Rebuild target 'F030_K6T6_WS2812'
assembling startup_stm32f030x6.s...
compiling RGB_LED.c...
compiling main.c...
compiling stm32f0xx_hal.c...
compiling stm32f0xx_hal_cortex.c...
compiling stm32f0xx_hal_gpio.c...
compiling stm32f0xx_it.c...
compiling stm32f0xx_hal_msp.c...
compiling stm32f0xx_hal_rcc.c...
compiling stm32f0xx_hal_pwr.c...
compiling stm32f0xx_hal_i2c_ex.c...
compiling stm32f0xx_hal_dma.c...
compiling stm32f0xx_hal_rcc_ex.c...
compiling stm32f0xx_hal_tim_ex.c...
compiling stm32f0xx_hal_i2c.c...
compiling stm32f0xx_hal_pwr_ex.c...
compiling stm32f0xx_hal_flash.c...
compiling system_stm32f0xx.c...
compiling stm32f0xx_hal_flash_ex.c...
compiling stm32f0xx_hal_exti.c...
compiling stm32f0xx_hal_tim.c...
linking...
Program Size: Code=5824 RO-data=224 RW-data=140 ZI-data=1164  
FromELF: creating hex file...
"F030_K6T6_WS2812\F030_K6T6_WS2812.axf" - 0 Error(s), 0 Warning(s).

<h2>Software Packages used:</h2>

Package Vendor: ARM
                http://www.keil.com/pack/ARM.CMSIS.5.7.0.pack
                ARM.CMSIS.5.7.0
                CMSIS (Cortex Microcontroller Software Interface Standard)
   * Component: CORE Version: 5.4.0

Package Vendor: Keil
                http://www.keil.com/pack/Keil.STM32F0xx_DFP.2.1.0.pack
                Keil.STM32F0xx_DFP.2.1.0
                STMicroelectronics STM32F0 Series Device Support, Drivers and Examples

<h2>Collection of Component include folders:</h2>
  .\RTE\_F030_K6T6_WS2812
  D:\keil5\ARM\CMSIS\5.7.0\CMSIS\Core\Include
  D:\keil5\Keil\STM32F0xx_DFP\2.1.0\Drivers\CMSIS\Device\ST\STM32F0xx\Include

<h2>Collection of Component Files used:</h2>

   * Component: ARM::CMSIS:CORE:5.4.0
      Include file:  CMSIS\Core\Include\tz_context.h
Build Time Elapsed:  00:00:03
</pre>
</body>
</html>
